Archive member included to satisfy reference by file (symbol)

/opt/homebrew-cask/Caskroom/gcc-arm-embedded/5_2-2015q4,20151219/gcc-arm-none-eabi-5_2-2015q4/bin/../lib/gcc/arm-none-eabi/5.2.1/../../../../arm-none-eabi/lib/armv7e-m/fpu/libm.a(lib_a-sf_round.o)
                              build/obj/ws2812b.o (roundf)
/opt/homebrew-cask/Caskroom/gcc-arm-embedded/5_2-2015q4,20151219/gcc-arm-none-eabi-5_2-2015q4/bin/../lib/gcc/arm-none-eabi/5.2.1/../../../../arm-none-eabi/lib/armv7e-m/fpu/libm.a(lib_a-wf_pow.o)
                              build/obj/ws2812b.o (powf)
/opt/homebrew-cask/Caskroom/gcc-arm-embedded/5_2-2015q4,20151219/gcc-arm-none-eabi-5_2-2015q4/bin/../lib/gcc/arm-none-eabi/5.2.1/../../../../arm-none-eabi/lib/armv7e-m/fpu/libm.a(lib_a-ef_pow.o)
                              /opt/homebrew-cask/Caskroom/gcc-arm-embedded/5_2-2015q4,20151219/gcc-arm-none-eabi-5_2-2015q4/bin/../lib/gcc/arm-none-eabi/5.2.1/../../../../arm-none-eabi/lib/armv7e-m/fpu/libm.a(lib_a-wf_pow.o) (__ieee754_powf)
/opt/homebrew-cask/Caskroom/gcc-arm-embedded/5_2-2015q4,20151219/gcc-arm-none-eabi-5_2-2015q4/bin/../lib/gcc/arm-none-eabi/5.2.1/../../../../arm-none-eabi/lib/armv7e-m/fpu/libm.a(lib_a-ef_sqrt.o)
                              /opt/homebrew-cask/Caskroom/gcc-arm-embedded/5_2-2015q4,20151219/gcc-arm-none-eabi-5_2-2015q4/bin/../lib/gcc/arm-none-eabi/5.2.1/../../../../arm-none-eabi/lib/armv7e-m/fpu/libm.a(lib_a-ef_pow.o) (__ieee754_sqrtf)
/opt/homebrew-cask/Caskroom/gcc-arm-embedded/5_2-2015q4,20151219/gcc-arm-none-eabi-5_2-2015q4/bin/../lib/gcc/arm-none-eabi/5.2.1/../../../../arm-none-eabi/lib/armv7e-m/fpu/libm.a(lib_a-s_lib_ver.o)
                              /opt/homebrew-cask/Caskroom/gcc-arm-embedded/5_2-2015q4,20151219/gcc-arm-none-eabi-5_2-2015q4/bin/../lib/gcc/arm-none-eabi/5.2.1/../../../../arm-none-eabi/lib/armv7e-m/fpu/libm.a(lib_a-wf_pow.o) (__fdlib_version)
/opt/homebrew-cask/Caskroom/gcc-arm-embedded/5_2-2015q4,20151219/gcc-arm-none-eabi-5_2-2015q4/bin/../lib/gcc/arm-none-eabi/5.2.1/../../../../arm-none-eabi/lib/armv7e-m/fpu/libm.a(lib_a-s_matherr.o)
                              /opt/homebrew-cask/Caskroom/gcc-arm-embedded/5_2-2015q4,20151219/gcc-arm-none-eabi-5_2-2015q4/bin/../lib/gcc/arm-none-eabi/5.2.1/../../../../arm-none-eabi/lib/armv7e-m/fpu/libm.a(lib_a-wf_pow.o) (matherr)
/opt/homebrew-cask/Caskroom/gcc-arm-embedded/5_2-2015q4,20151219/gcc-arm-none-eabi-5_2-2015q4/bin/../lib/gcc/arm-none-eabi/5.2.1/../../../../arm-none-eabi/lib/armv7e-m/fpu/libm.a(lib_a-s_rint.o)
                              /opt/homebrew-cask/Caskroom/gcc-arm-embedded/5_2-2015q4,20151219/gcc-arm-none-eabi-5_2-2015q4/bin/../lib/gcc/arm-none-eabi/5.2.1/../../../../arm-none-eabi/lib/armv7e-m/fpu/libm.a(lib_a-wf_pow.o) (rint)
/opt/homebrew-cask/Caskroom/gcc-arm-embedded/5_2-2015q4,20151219/gcc-arm-none-eabi-5_2-2015q4/bin/../lib/gcc/arm-none-eabi/5.2.1/../../../../arm-none-eabi/lib/armv7e-m/fpu/libm.a(lib_a-sf_fabs.o)
                              /opt/homebrew-cask/Caskroom/gcc-arm-embedded/5_2-2015q4,20151219/gcc-arm-none-eabi-5_2-2015q4/bin/../lib/gcc/arm-none-eabi/5.2.1/../../../../arm-none-eabi/lib/armv7e-m/fpu/libm.a(lib_a-ef_pow.o) (fabsf)
/opt/homebrew-cask/Caskroom/gcc-arm-embedded/5_2-2015q4,20151219/gcc-arm-none-eabi-5_2-2015q4/bin/../lib/gcc/arm-none-eabi/5.2.1/../../../../arm-none-eabi/lib/armv7e-m/fpu/libm.a(lib_a-sf_finite.o)
                              /opt/homebrew-cask/Caskroom/gcc-arm-embedded/5_2-2015q4,20151219/gcc-arm-none-eabi-5_2-2015q4/bin/../lib/gcc/arm-none-eabi/5.2.1/../../../../arm-none-eabi/lib/armv7e-m/fpu/libm.a(lib_a-wf_pow.o) (finitef)
/opt/homebrew-cask/Caskroom/gcc-arm-embedded/5_2-2015q4,20151219/gcc-arm-none-eabi-5_2-2015q4/bin/../lib/gcc/arm-none-eabi/5.2.1/../../../../arm-none-eabi/lib/armv7e-m/fpu/libm.a(lib_a-sf_fpclassify.o)
                              /opt/homebrew-cask/Caskroom/gcc-arm-embedded/5_2-2015q4,20151219/gcc-arm-none-eabi-5_2-2015q4/bin/../lib/gcc/arm-none-eabi/5.2.1/../../../../arm-none-eabi/lib/armv7e-m/fpu/libm.a(lib_a-wf_pow.o) (__fpclassifyf)
/opt/homebrew-cask/Caskroom/gcc-arm-embedded/5_2-2015q4,20151219/gcc-arm-none-eabi-5_2-2015q4/bin/../lib/gcc/arm-none-eabi/5.2.1/../../../../arm-none-eabi/lib/armv7e-m/fpu/libm.a(lib_a-sf_nan.o)
                              /opt/homebrew-cask/Caskroom/gcc-arm-embedded/5_2-2015q4,20151219/gcc-arm-none-eabi-5_2-2015q4/bin/../lib/gcc/arm-none-eabi/5.2.1/../../../../arm-none-eabi/lib/armv7e-m/fpu/libm.a(lib_a-ef_pow.o) (nanf)
/opt/homebrew-cask/Caskroom/gcc-arm-embedded/5_2-2015q4,20151219/gcc-arm-none-eabi-5_2-2015q4/bin/../lib/gcc/arm-none-eabi/5.2.1/../../../../arm-none-eabi/lib/armv7e-m/fpu/libm.a(lib_a-sf_scalbn.o)
                              /opt/homebrew-cask/Caskroom/gcc-arm-embedded/5_2-2015q4,20151219/gcc-arm-none-eabi-5_2-2015q4/bin/../lib/gcc/arm-none-eabi/5.2.1/../../../../arm-none-eabi/lib/armv7e-m/fpu/libm.a(lib_a-ef_pow.o) (scalbnf)
[...]
Memory Configuration

Name             Origin             Length             Attributes
flash            0x0000000008000000 0x0000000000080000
ram0             0x0000000020000000 0x0000000000020000
ram1             0x0000000020000000 0x000000000001c000
ram2             0x000000002001c000 0x0000000000004000
ram3             0x0000000000000000 0x0000000000000000
ram4             0x0000000000000000 0x0000000000000000
ram5             0x0000000000000000 0x0000000000000000
ram6             0x0000000000000000 0x0000000000000000
ram7             0x0000000000000000 0x0000000000000000
*default*        0x0000000000000000 0xffffffffffffffff

Linker script and memory map

LOAD build/obj/crt0_v7m.o
LOAD build/obj/chcoreasm_v7m.o
LOAD build/obj/crt1.o
LOAD build/obj/vectors.o
LOAD build/obj/chsys.o
LOAD build/obj/chdebug.o
LOAD build/obj/chvt.o
LOAD build/obj/chschd.o
LOAD build/obj/chthreads.o
LOAD build/obj/chtm.o
LOAD build/obj/chdynamic.o
LOAD build/obj/chregistry.o
LOAD build/obj/chsem.o
LOAD build/obj/chmtx.o
LOAD build/obj/chcond.o
LOAD build/obj/chevents.o
LOAD build/obj/chmsg.o
LOAD build/obj/chmboxes.o
LOAD build/obj/chqueues.o
LOAD build/obj/chmemcore.o
LOAD build/obj/chheap.o
LOAD build/obj/chmempools.o
LOAD build/obj/chcore.o
LOAD build/obj/chcore_v7m.o
LOAD build/obj/osal.o
LOAD build/obj/hal.o
LOAD build/obj/st.o
LOAD build/obj/hal_buffers.o
LOAD build/obj/hal_queues.o
LOAD build/obj/hal_mmcsd.o
LOAD build/obj/adc.o
LOAD build/obj/ext.o
LOAD build/obj/i2c.o
LOAD build/obj/pal.o
LOAD build/obj/pwm.o
LOAD build/obj/serial_usb.o
LOAD build/obj/spi.o
LOAD build/obj/usb.o
LOAD build/obj/nvic.o
LOAD build/obj/hal_lld.o
LOAD build/obj/stm32_dma.o
LOAD build/obj/st_lld.o
LOAD build/obj/adc_lld.o
LOAD build/obj/ext_lld.o
LOAD build/obj/ext_lld_isr.o
LOAD build/obj/pal_lld.o
LOAD build/obj/i2c_lld.o
LOAD build/obj/usb_lld.o
LOAD build/obj/spi_lld.o
LOAD build/obj/pwm_lld.o
LOAD build/obj/board.o
LOAD build/obj/chprintf.o
LOAD build/obj/syscalls.o
LOAD build/obj/shell.o
LOAD build/obj/misc.o
LOAD build/obj/stm32f4xx_adc.o
LOAD build/obj/stm32f4xx_dma.o
LOAD build/obj/stm32f4xx_exti.o
LOAD build/obj/stm32f4xx_flash.o
LOAD build/obj/stm32f4xx_rcc.o
LOAD build/obj/stm32f4xx_rng.o
LOAD build/obj/stm32f4xx_syscfg.o
LOAD build/obj/stm32f4xx_tim.o
LOAD build/obj/stm32f4xx_wwdg.o
LOAD build/obj/main.o
LOAD build/obj/comm_usb.o
LOAD build/obj/ws2812b.o
LOAD build/obj/bno055.o
LOAD build/obj/nrf24l01.o
LOAD build/obj/esc.o
LOAD build/obj/controller.o
                0x0000000020000000                __ram0_start__ = ORIGIN (ram0)
                0x0000000000020000                __ram0_size__ = LENGTH (ram0)
                0x0000000020020000                __ram0_end__ = (__ram0_start__ + __ram0_size__)
                0x0000000020000000                __ram1_start__ = ORIGIN (ram1)
                0x000000000001c000                __ram1_size__ = LENGTH (ram1)
                0x000000002001c000                __ram1_end__ = (__ram1_start__ + __ram1_size__)
                0x000000002001c000                __ram2_start__ = ORIGIN (ram2)
                0x0000000000004000                __ram2_size__ = LENGTH (ram2)
                0x0000000020020000                __ram2_end__ = (__ram2_start__ + __ram2_size__)
                0x0000000000000000                __ram3_start__ = ORIGIN (ram3)
                0x0000000000000000                __ram3_size__ = LENGTH (ram3)
                0x0000000000000000                __ram3_end__ = (__ram3_start__ + __ram3_size__)
                0x0000000000000000                __ram4_start__ = ORIGIN (ram4)
                0x0000000000000000                __ram4_size__ = LENGTH (ram4)
                0x0000000000000000                __ram4_end__ = (__ram4_start__ + __ram4_size__)
                0x0000000000000000                __ram5_start__ = ORIGIN (ram5)
                0x0000000000000000                __ram5_size__ = LENGTH (ram5)
                0x0000000000000000                __ram5_end__ = (__ram5_start__ + __ram5_size__)
                0x0000000000000000                __ram6_start__ = ORIGIN (ram6)
                0x0000000000000000                __ram6_size__ = LENGTH (ram6)
                0x0000000000000000                __ram6_end__ = (__ram6_start__ + __ram6_size__)
                0x0000000000000000                __ram7_start__ = ORIGIN (ram7)
                0x0000000000000000                __ram7_size__ = LENGTH (ram7)
                0x0000000000000000                __ram7_end__ = (__ram7_start__ + __ram7_size__)
                0x0000000000000000                . = 0x0
                0x0000000000000000                _text = .

startup         0x0000000008000000      0x1c0
 *(.vectors)
 .vectors       0x0000000008000000      0x1c0 build/obj/vectors.o
                0x0000000008000000                _vectors

constructors    0x00000000080001c0        0x0
                0x00000000080001c0                __init_array_start = .
 *(SORT(.init_array.*))
 *(.init_array)
                0x00000000080001c0                __init_array_end = .

destructors     0x00000000080001c0        0x0
                0x00000000080001c0                __fini_array_start = .
 *(.fini_array)
 *(SORT(.fini_array.*))
                0x00000000080001c0                __fini_array_end = .

.text           0x00000000080001c0     0x7d04
 *(.text)
 .text          0x00000000080001c0      0x108 build/obj/crt0_v7m.o
                0x00000000080001c0                Reset_Handler
 *fill*         0x00000000080002c8        0x8 
 .text          0x00000000080002d0       0x30 build/obj/chcoreasm_v7m.o
                0x00000000080002d0                _port_switch
                0x00000000080002e8                _port_thread_start
                0x00000000080002f8                _port_switch_from_isr
                0x00000000080002fc                _port_exit_from_isr
 .text          0x0000000008000300      0x370 /opt/homebrew-cask/Caskroom/gcc-arm-embedded/5_2-2015q4,20151219/gcc-arm-none-eabi-5_2-2015q4/bin/../lib/gcc/arm-none-eabi/5.2.1/armv7e-m/fpu/libgcc.a(_arm_addsubdf3.o)
                0x0000000008000300                __aeabi_drsub
                0x0000000008000308                __subdf3
                0x0000000008000308                __aeabi_dsub
                0x000000000800030c                __aeabi_dadd
                0x000000000800030c                __adddf3
                0x0000000008000584                __aeabi_ui2d
                0x0000000008000584                __floatunsidf
                0x00000000080005a4                __floatsidf
                0x00000000080005a4                __aeabi_i2d
                0x00000000080005c8                __extendsfdf2
                0x00000000080005c8                __aeabi_f2d
                0x0000000008000604                __aeabi_ul2d
                0x0000000008000604                __floatundidf
                0x0000000008000614                __aeabi_l2d
                0x0000000008000614                __floatdidf
 .text          0x0000000008000670      0x424 /opt/homebrew-cask/Caskroom/gcc-arm-embedded/5_2-2015q4,20151219/gcc-arm-none-eabi-5_2-2015q4/bin/../lib/gcc/arm-none-eabi/5.2.1/armv7e-m/fpu/libgcc.a(_arm_muldivdf3.o)
                0x0000000008000670                __aeabi_dmul
                0x0000000008000670                __muldf3
                0x00000000080008c4                __aeabi_ddiv
                0x00000000080008c4                __divdf3
 *fill*         0x0000000008000a94        0xc 
 .text          0x0000000008000aa0      0x110 /opt/homebrew-cask/Caskroom/gcc-arm-embedded/5_2-2015q4,20151219/gcc-arm-none-eabi-5_2-2015q4/bin/../lib/gcc/arm-none-eabi/5.2.1/armv7e-m/fpu/libgcc.a(_arm_cmpdf2.o)
                0x0000000008000aa0                __gtdf2
                0x0000000008000aa0                __gedf2
                0x0000000008000aa8                __ltdf2
                0x0000000008000aa8                __ledf2
                0x0000000008000ab0                __eqdf2
                0x0000000008000ab0                __nedf2
                0x0000000008000ab0                __cmpdf2
                0x0000000008000b2c                __aeabi_cdrcmple
                0x0000000008000b3c                __aeabi_cdcmple
                0x0000000008000b3c                __aeabi_cdcmpeq
                0x0000000008000b4c                __aeabi_dcmpeq
                0x0000000008000b60                __aeabi_dcmplt
                0x0000000008000b74                __aeabi_dcmple
                0x0000000008000b88                __aeabi_dcmpge
                0x0000000008000b9c                __aeabi_dcmpgt
 .text          0x0000000008000bb0       0x50 /opt/homebrew-cask/Caskroom/gcc-arm-embedded/5_2-2015q4,20151219/gcc-arm-none-eabi-5_2-2015q4/bin/../lib/gcc/arm-none-eabi/5.2.1/armv7e-m/fpu/libgcc.a(_arm_fixdfsi.o)
                0x0000000008000bb0                __fixdfsi
                0x0000000008000bb0                __aeabi_d2iz
 .text          0x0000000008000c00       0x40 /opt/homebrew-cask/Caskroom/gcc-arm-embedded/5_2-2015q4,20151219/gcc-arm-none-eabi-5_2-2015q4/bin/../lib/gcc/arm-none-eabi/5.2.1/armv7e-m/fpu/libgcc.a(_arm_fixunsdfsi.o)
                0x0000000008000c00                __fixunsdfsi
                0x0000000008000c00                __aeabi_d2uiz
 .text          0x0000000008000c40       0xa0 /opt/homebrew-cask/Caskroom/gcc-arm-embedded/5_2-2015q4,20151219/gcc-arm-none-eabi-5_2-2015q4/bin/../lib/gcc/arm-none-eabi/5.2.1/armv7e-m/fpu/libgcc.a(_arm_truncdfsf2.o)
                0x0000000008000c40                __aeabi_d2f
                0x0000000008000c40                __truncdfsf2
 .text          0x0000000008000ce0      0x134 /opt/homebrew-cask/Caskroom/gcc-arm-embedded/5_2-2015q4,20151219/gcc-arm-none-eabi-5_2-2015q4/bin/../lib/gcc/arm-none-eabi/5.2.1/../../../../arm-none-eabi/lib/armv7e-m/fpu/libg.a(lib_a-memcpy.o)
                0x0000000008000ce0                memcpy
 *(.text.*)
 *fill*         0x0000000008000e14        0xc 
 .text.__core_init
                0x0000000008000e20        0x4 build/obj/crt1.o
                0x0000000008000e20                __core_init
 *fill*         0x0000000008000e24        0xc 
 .text.__late_init
                0x0000000008000e30        0x4 build/obj/crt1.o
                0x0000000008000e30                __late_init
 *fill*         0x0000000008000e34        0xc 
 .text.__default_exit
                0x0000000008000e40        0x4 build/obj/crt1.o
                0x0000000008000e40                __default_exit
 *fill*         0x0000000008000e44        0xc 
 .text.__init_ram_areas
                0x0000000008000e50       0x64 build/obj/crt1.o
                0x0000000008000e50                __init_ram_areas
 *fill*         0x0000000008000eb4        0xc 
 .text._unhandled_exception
                0x0000000008000ec0        0x4 build/obj/vectors.o
                0x0000000008000ec0                Vector174
                0x0000000008000ec0                DebugMon_Handler
                0x0000000008000ec0                Vector1A0
                0x0000000008000ec0                Vector11C
                0x0000000008000ec0                HardFault_Handler
                0x0000000008000ec0                Vector1B8
                0x0000000008000ec0                Vector19C
                0x0000000008000ec0                Vector8C
                0x0000000008000ec0                VectorDC
                0x0000000008000ec0                PendSV_Handler
                0x0000000008000ec0                Vector168
                0x0000000008000ec0                NMI_Handler
                0x0000000008000ec0                Vector110
                0x0000000008000ec0                VectorC8
                0x0000000008000ec0                Vector94
                0x0000000008000ec0                VectorA8
                0x0000000008000ec0                VectorB4
                0x0000000008000ec0                Vector160
                0x0000000008000ec0                Vector1B0
                0x0000000008000ec0                UsageFault_Handler
                0x0000000008000ec0                VectorEC
                0x0000000008000ec0                Vector40
                0x0000000008000ec0                VectorF8
                0x0000000008000ec0                Vector190
                0x0000000008000ec0                Vector148
                0x0000000008000ec0                Vector188
                0x0000000008000ec0                Vector198
                0x0000000008000ec0                Vector118
                0x0000000008000ec0                VectorCC
                0x0000000008000ec0                Vector54
                0x0000000008000ec0                Vector98
                0x0000000008000ec0                VectorD8
                0x0000000008000ec0                Vector138
                0x0000000008000ec0                Vector24
                0x0000000008000ec0                Vector1AC
                0x0000000008000ec0                Vector178
                0x0000000008000ec0                Vector1A4
                0x0000000008000ec0                VectorD0
                0x0000000008000ec0                Vector1B4
                0x0000000008000ec0                Vector140
                0x0000000008000ec0                Vector134
                0x0000000008000ec0                VectorF0
                0x0000000008000ec0                Vector13C
                0x0000000008000ec0                Vector100
                0x0000000008000ec0                VectorF4
                0x0000000008000ec0                MemManage_Handler
                0x0000000008000ec0                VectorA0
                0x0000000008000ec0                VectorC4
                0x0000000008000ec0                Vector180
                0x0000000008000ec0                VectorB0
                0x0000000008000ec0                Vector90
                0x0000000008000ec0                Vector114
                0x0000000008000ec0                Vector164
                0x0000000008000ec0                Vector1C
                0x0000000008000ec0                Vector1BC
                0x0000000008000ec0                Vector17C
                0x0000000008000ec0                Vector1A8
                0x0000000008000ec0                Vector16C
                0x0000000008000ec0                VectorD4
                0x0000000008000ec0                Vector144
                0x0000000008000ec0                Vector15C
                0x0000000008000ec0                _unhandled_exception
                0x0000000008000ec0                Vector104
                0x0000000008000ec0                Vector184
                0x0000000008000ec0                Vector10C
                0x0000000008000ec0                BusFault_Handler
                0x0000000008000ec0                Vector50
                0x0000000008000ec0                Vector194
                0x0000000008000ec0                Vector28
                0x0000000008000ec0                VectorB8
                0x0000000008000ec0                Vector34
                0x0000000008000ec0                VectorA4
                0x0000000008000ec0                Vector20
                0x0000000008000ec0                Vector18C
                0x0000000008000ec0                VectorAC
 *fill*         0x0000000008000ec4        0xc 
 .text._idle_thread
                0x0000000008000ed0        0x4 build/obj/chsys.o
 *fill*         0x0000000008000ed4        0xc 
 .text.chSysInit
                0x0000000008000ee0       0xa4 build/obj/chsys.o
                0x0000000008000ee0                chSysInit
 *fill*         0x0000000008000f84        0xc 
 .text.chSysHalt
                0x0000000008000f90        0xc build/obj/chsys.o
                0x0000000008000f90                chSysHalt
 *fill*         0x0000000008000f9c        0x4 
 .text.chSysTimerHandlerI
                0x0000000008000fa0       0x58 build/obj/chsys.o
                0x0000000008000fa0                chSysTimerHandlerI
 *fill*         0x0000000008000ff8        0x8 
 .text.chSysPolledDelayX
                0x0000000008001000       0x14 build/obj/chsys.o
                0x0000000008001000                chSysPolledDelayX
 *fill*         0x0000000008001014        0xc 
 .text._vt_init
                0x0000000008001020       0x1c build/obj/chvt.o
                0x0000000008001020                _vt_init
 *fill*         0x000000000800103c        0x4 
 .text.chVTDoSetI
                0x0000000008001040       0x3c build/obj/chvt.o
                0x0000000008001040                chVTDoSetI
 *fill*         0x000000000800107c        0x4 
 .text.chVTDoResetI
                0x0000000008001080       0x28 build/obj/chvt.o
                0x0000000008001080                chVTDoResetI
 *fill*         0x00000000080010a8        0x8 
 .text.wakeup   0x00000000080010b0       0x70 build/obj/chschd.o
 .text._scheduler_init
                0x0000000008001120       0x14 build/obj/chschd.o
                0x0000000008001120                _scheduler_init
 *fill*         0x0000000008001134        0xc 
 .text.chSchReadyI
                0x0000000008001140       0x2c build/obj/chschd.o
                0x0000000008001140                chSchReadyI
 *fill*         0x000000000800116c        0x4 
 .text.chSchGoSleepS
                0x0000000008001170       0x28 build/obj/chschd.o
                0x0000000008001170                chSchGoSleepS
 *fill*         0x0000000008001198        0x8 
 .text.chSchGoSleepTimeoutS
                0x00000000080011a0       0x44 build/obj/chschd.o
                0x00000000080011a0                chSchGoSleepTimeoutS
 *fill*         0x00000000080011e4        0xc 
 .text.chSchWakeupS
                0x00000000080011f0       0x58 build/obj/chschd.o
                0x00000000080011f0                chSchWakeupS
 *fill*         0x0000000008001248        0x8 
 .text.chSchIsPreemptionRequired
                0x0000000008001250       0x28 build/obj/chschd.o
                0x0000000008001250                chSchIsPreemptionRequired
 *fill*         0x0000000008001278        0x8 
 .text.chSchDoRescheduleBehind
                0x0000000008001280       0x40 build/obj/chschd.o
                0x0000000008001280                chSchDoRescheduleBehind
 .text.chSchDoRescheduleAhead
                0x00000000080012c0       0x3c build/obj/chschd.o
                0x00000000080012c0                chSchDoRescheduleAhead
 *fill*         0x00000000080012fc        0x4 
 .text.chSchRescheduleS
                0x0000000008001300       0x18 build/obj/chschd.o
                0x0000000008001300                chSchRescheduleS
 *fill*         0x0000000008001318        0x8 
 .text.chSchDoReschedule
                0x0000000008001320       0x14 build/obj/chschd.o
                0x0000000008001320                chSchDoReschedule
 *fill*         0x0000000008001334        0xc 
 .text._thread_init
                0x0000000008001340       0x44 build/obj/chthreads.o
                0x0000000008001340                _thread_init
 *fill*         0x0000000008001384        0xc 
 .text.chThdCreateI
                0x0000000008001390       0x58 build/obj/chthreads.o
                0x0000000008001390                chThdCreateI
 *fill*         0x00000000080013e8        0x8 
 .text.chThdCreateStatic
                0x00000000080013f0       0x68 build/obj/chthreads.o
                0x00000000080013f0                chThdCreateStatic
 *fill*         0x0000000008001458        0x8 
 .text.chThdSleep
                0x0000000008001460       0x18 build/obj/chthreads.o
                0x0000000008001460                chThdSleep
 *fill*         0x0000000008001478        0x8 
 .text.chThdExitS
                0x0000000008001480       0x40 build/obj/chthreads.o
                0x0000000008001480                chThdExitS
 .text.chThdExit
                0x00000000080014c0        0xc build/obj/chthreads.o
                0x00000000080014c0                chThdExit
 *fill*         0x00000000080014cc        0x4 
 .text.chThdSuspendS
                0x00000000080014d0       0x1c build/obj/chthreads.o
                0x00000000080014d0                chThdSuspendS
 *fill*         0x00000000080014ec        0x4 
 .text.chThdSuspendTimeoutS
                0x00000000080014f0       0x1c build/obj/chthreads.o
                0x00000000080014f0                chThdSuspendTimeoutS
 *fill*         0x000000000800150c        0x4 
 .text.chThdResumeI
                0x0000000008001510       0x14 build/obj/chthreads.o
                0x0000000008001510                chThdResumeI
 *fill*         0x0000000008001524        0xc 
 .text.chThdEnqueueTimeoutS
                0x0000000008001530       0x28 build/obj/chthreads.o
                0x0000000008001530                chThdEnqueueTimeoutS
 *fill*         0x0000000008001558        0x8 
 .text.chThdDequeueNextI
                0x0000000008001560       0x20 build/obj/chthreads.o
                0x0000000008001560                chThdDequeueNextI
 .text.chThdDequeueAllI
                0x0000000008001580       0x24 build/obj/chthreads.o
                0x0000000008001580                chThdDequeueAllI
 *fill*         0x00000000080015a4        0xc 
 .text.chTMStartMeasurementX
                0x00000000080015b0        0xc build/obj/chtm.o
                0x00000000080015b0                chTMStartMeasurementX
 *fill*         0x00000000080015bc        0x4 
 .text.chTMStopMeasurementX
                0x00000000080015c0       0x44 build/obj/chtm.o
                0x00000000080015c0                chTMStopMeasurementX
 *fill*         0x0000000008001604        0xc 
 .text._tm_init
                0x0000000008001610       0x38 build/obj/chtm.o
                0x0000000008001610                _tm_init
 *fill*         0x0000000008001648        0x8 
 .text.chMtxObjectInit
                0x0000000008001650        0xc build/obj/chmtx.o
                0x0000000008001650                chMtxObjectInit
 *fill*         0x000000000800165c        0x4 
 .text.chMtxLockS
                0x0000000008001660       0xc8 build/obj/chmtx.o
                0x0000000008001660                chMtxLockS
 *fill*         0x0000000008001728        0x8 
 .text.chMtxLock
                0x0000000008001730       0x14 build/obj/chmtx.o
                0x0000000008001730                chMtxLock
 *fill*         0x0000000008001744        0xc 
 .text.chMtxUnlock
                0x0000000008001750       0x64 build/obj/chmtx.o
                0x0000000008001750                chMtxUnlock
 *fill*         0x00000000080017b4        0xc 
 .text.chEvtRegisterMaskWithFlags
                0x00000000080017c0       0x28 build/obj/chevents.o
                0x00000000080017c0                chEvtRegisterMaskWithFlags
 *fill*         0x00000000080017e8        0x8 
 .text.chEvtUnregister
                0x00000000080017f0       0x2c build/obj/chevents.o
                0x00000000080017f0                chEvtUnregister
 *fill*         0x000000000800181c        0x4 
 .text.chEvtSignalI
                0x0000000008001820       0x28 build/obj/chevents.o
                0x0000000008001820                chEvtSignalI
 *fill*         0x0000000008001848        0x8 
 .text.chEvtBroadcastFlagsI
                0x0000000008001850       0x2c build/obj/chevents.o
                0x0000000008001850                chEvtBroadcastFlagsI
 *fill*         0x000000000800187c        0x4 
 .text.chEvtBroadcastFlags
                0x0000000008001880       0x18 build/obj/chevents.o
                0x0000000008001880                chEvtBroadcastFlags
 *fill*         0x0000000008001898        0x8 
 .text.chEvtWaitOneTimeout
                0x00000000080018a0       0x50 build/obj/chevents.o
                0x00000000080018a0                chEvtWaitOneTimeout
 .text._core_init
                0x00000000080018f0       0x28 build/obj/chmemcore.o
                0x00000000080018f0                _core_init
 *fill*         0x0000000008001918        0x8 
 .text.chCoreAlloc
                0x0000000008001920       0x38 build/obj/chmemcore.o
                0x0000000008001920                chCoreAlloc
 *fill*         0x0000000008001958        0x8 
 .text._heap_init
                0x0000000008001960       0x1c build/obj/chheap.o
                0x0000000008001960                _heap_init
 *fill*         0x000000000800197c        0x4 
 .text.SVC_Handler
                0x0000000008001980       0x20 build/obj/chcore_v7m.o
                0x0000000008001980                SVC_Handler
 .text._port_irq_epilogue
                0x00000000080019a0       0x60 build/obj/chcore_v7m.o
                0x00000000080019a0                _port_irq_epilogue
 .text.halInit  0x0000000008001a00       0x38 build/obj/hal.o
                0x0000000008001a00                halInit
 *fill*         0x0000000008001a38        0x8 
 .text.stInit   0x0000000008001a40        0x4 build/obj/st.o
                0x0000000008001a40                stInit
 *fill*         0x0000000008001a44        0xc 
 .text.ibqObjectInit
                0x0000000008001a50       0x2c build/obj/hal_buffers.o
                0x0000000008001a50                ibqObjectInit
 *fill*         0x0000000008001a7c        0x4 
 .text.ibqResetI
                0x0000000008001a80       0x18 build/obj/hal_buffers.o
                0x0000000008001a80                ibqResetI
 *fill*         0x0000000008001a98        0x8 
 .text.ibqGetEmptyBufferI
                0x0000000008001aa0       0x18 build/obj/hal_buffers.o
                0x0000000008001aa0                ibqGetEmptyBufferI
 *fill*         0x0000000008001ab8        0x8 
 .text.ibqPostFullBufferI
                0x0000000008001ac0       0x28 build/obj/hal_buffers.o
                0x0000000008001ac0                ibqPostFullBufferI
 *fill*         0x0000000008001ae8        0x8 
 .text.ibqGetFullBufferTimeoutS
                0x0000000008001af0       0x2c build/obj/hal_buffers.o
                0x0000000008001af0                ibqGetFullBufferTimeoutS
 *fill*         0x0000000008001b1c        0x4 
 .text.ibqGetTimeout
                0x0000000008001b20       0x5c build/obj/hal_buffers.o
                0x0000000008001b20                ibqGetTimeout
 *fill*         0x0000000008001b7c        0x4 
 .text.ibqReadTimeout
                0x0000000008001b80      0x110 build/obj/hal_buffers.o
                0x0000000008001b80                ibqReadTimeout
 .text.obqObjectInit
                0x0000000008001c90       0x2c build/obj/hal_buffers.o
                0x0000000008001c90                obqObjectInit
 *fill*         0x0000000008001cbc        0x4 
 .text.obqResetI
                0x0000000008001cc0       0x20 build/obj/hal_buffers.o
                0x0000000008001cc0                obqResetI
 .text.obqGetFullBufferI
                0x0000000008001ce0       0x1c build/obj/hal_buffers.o
                0x0000000008001ce0                obqGetFullBufferI
 *fill*         0x0000000008001cfc        0x4 
 .text.obqReleaseEmptyBufferI
                0x0000000008001d00       0x28 build/obj/hal_buffers.o
                0x0000000008001d00                obqReleaseEmptyBufferI
 *fill*         0x0000000008001d28        0x8 
 .text.obqGetEmptyBufferTimeoutS
                0x0000000008001d30       0x2c build/obj/hal_buffers.o
                0x0000000008001d30                obqGetEmptyBufferTimeoutS
 *fill*         0x0000000008001d5c        0x4 
 .text.obqPutTimeout
                0x0000000008001d60       0x64 build/obj/hal_buffers.o
                0x0000000008001d60                obqPutTimeout
 *fill*         0x0000000008001dc4        0xc 
 .text.obqWriteTimeout
                0x0000000008001dd0      0x110 build/obj/hal_buffers.o
                0x0000000008001dd0                obqWriteTimeout
 .text.obqTryFlushI
                0x0000000008001ee0       0x4c build/obj/hal_buffers.o
                0x0000000008001ee0                obqTryFlushI
 *fill*         0x0000000008001f2c        0x4 
 .text.adcInit  0x0000000008001f30        0x4 build/obj/adc.o
                0x0000000008001f30                adcInit
 *fill*         0x0000000008001f34        0xc 
 .text.adcObjectInit
                0x0000000008001f40       0x18 build/obj/adc.o
                0x0000000008001f40                adcObjectInit
 *fill*         0x0000000008001f58        0x8 
 .text.extInit  0x0000000008001f60        0x4 build/obj/ext.o
                0x0000000008001f60                extInit
 *fill*         0x0000000008001f64        0xc 
 .text.extObjectInit
                0x0000000008001f70        0xc build/obj/ext.o
                0x0000000008001f70                extObjectInit
 *fill*         0x0000000008001f7c        0x4 
 .text.extStart
                0x0000000008001f80       0x1c build/obj/ext.o
                0x0000000008001f80                extStart
 *fill*         0x0000000008001f9c        0x4 
 .text.extChannelEnable
                0x0000000008001fa0       0x14 build/obj/ext.o
                0x0000000008001fa0                extChannelEnable
 *fill*         0x0000000008001fb4        0xc 
 .text.i2cInit  0x0000000008001fc0        0x4 build/obj/i2c.o
                0x0000000008001fc0                i2cInit
 *fill*         0x0000000008001fc4        0xc 
 .text.i2cObjectInit
                0x0000000008001fd0       0x10 build/obj/i2c.o
                0x0000000008001fd0                i2cObjectInit
 .text.i2cStart
                0x0000000008001fe0       0x1c build/obj/i2c.o
                0x0000000008001fe0                i2cStart
 *fill*         0x0000000008001ffc        0x4 
 .text.i2cMasterTransmitTimeout
                0x0000000008002000       0x40 build/obj/i2c.o
                0x0000000008002000                i2cMasterTransmitTimeout
 .text.i2cAcquireBus
                0x0000000008002040        0x8 build/obj/i2c.o
                0x0000000008002040                i2cAcquireBus
 *fill*         0x0000000008002048        0x8 
 .text.i2cReleaseBus
                0x0000000008002050        0x8 build/obj/i2c.o
                0x0000000008002050                i2cReleaseBus
 *fill*         0x0000000008002058        0x8 
 .text.pwmInit  0x0000000008002060        0x4 build/obj/pwm.o
                0x0000000008002060                pwmInit
 *fill*         0x0000000008002064        0xc 
 .text.pwmObjectInit
                0x0000000008002070       0x10 build/obj/pwm.o
                0x0000000008002070                pwmObjectInit
 .text.pwmStart
                0x0000000008002080       0x24 build/obj/pwm.o
                0x0000000008002080                pwmStart
 *fill*         0x00000000080020a4        0xc 
 .text.pwmEnableChannel
                0x00000000080020b0       0x20 build/obj/pwm.o
                0x00000000080020b0                pwmEnableChannel
 .text.obnotify
                0x00000000080020d0       0x48 build/obj/serial_usb.o
 *fill*         0x0000000008002118        0x8 
 .text.ibnotify
                0x0000000008002120       0x48 build/obj/serial_usb.o
 *fill*         0x0000000008002168        0x8 
 .text.readt    0x0000000008002170       0x20 build/obj/serial_usb.o
 .text.writet   0x0000000008002190       0x20 build/obj/serial_usb.o
 .text.gett     0x00000000080021b0       0x18 build/obj/serial_usb.o
 *fill*         0x00000000080021c8        0x8 
 .text.get      0x00000000080021d0       0x1c build/obj/serial_usb.o
 *fill*         0x00000000080021ec        0x4 
 .text.putt     0x00000000080021f0       0x18 build/obj/serial_usb.o
 *fill*         0x0000000008002208        0x8 
 .text.put      0x0000000008002210       0x1c build/obj/serial_usb.o
 *fill*         0x000000000800222c        0x4 
 .text.read     0x0000000008002230       0x1c build/obj/serial_usb.o
 *fill*         0x000000000800224c        0x4 
 .text.write    0x0000000008002250       0x1c build/obj/serial_usb.o
 *fill*         0x000000000800226c        0x4 
 .text.sduInit  0x0000000008002270        0x4 build/obj/serial_usb.o
                0x0000000008002270                sduInit
 *fill*         0x0000000008002274        0xc 
 .text.sduObjectInit
                0x0000000008002280       0x54 build/obj/serial_usb.o
                0x0000000008002280                sduObjectInit
 *fill*         0x00000000080022d4        0xc 
 .text.sduStart
                0x00000000080022e0       0x34 build/obj/serial_usb.o
                0x00000000080022e0                sduStart
 *fill*         0x0000000008002314        0xc 
 .text.sduDisconnectI
                0x0000000008002320       0x20 build/obj/serial_usb.o
                0x0000000008002320                sduDisconnectI
 .text.sduConfigureHookI
                0x0000000008002340       0x3c build/obj/serial_usb.o
                0x0000000008002340                sduConfigureHookI
 *fill*         0x000000000800237c        0x4 
 .text.sduRequestsHook
                0x0000000008002380       0x40 build/obj/serial_usb.o
                0x0000000008002380                sduRequestsHook
 .text.sduSOFHookI
                0x00000000080023c0       0x50 build/obj/serial_usb.o
                0x00000000080023c0                sduSOFHookI
 .text.sduDataTransmitted
                0x0000000008002410       0x80 build/obj/serial_usb.o
                0x0000000008002410                sduDataTransmitted
 .text.sduDataReceived
                0x0000000008002490       0x58 build/obj/serial_usb.o
                0x0000000008002490                sduDataReceived
 *fill*         0x00000000080024e8        0x8 
 .text.sduInterruptTransmitted
                0x00000000080024f0        0x4 build/obj/serial_usb.o
                0x00000000080024f0                sduInterruptTransmitted
 *fill*         0x00000000080024f4        0xc 
 .text.spiInit  0x0000000008002500        0x4 build/obj/spi.o
                0x0000000008002500                spiInit
 *fill*         0x0000000008002504        0xc 
 .text.spiObjectInit
                0x0000000008002510       0x10 build/obj/spi.o
                0x0000000008002510                spiObjectInit
 .text.spiStart
                0x0000000008002520       0x1c build/obj/spi.o
                0x0000000008002520                spiStart
 *fill*         0x000000000800253c        0x4 
 .text.spiSelect
                0x0000000008002540       0x14 build/obj/spi.o
                0x0000000008002540                spiSelect
 *fill*         0x0000000008002554        0xc 
 .text.spiUnselect
                0x0000000008002560       0x14 build/obj/spi.o
                0x0000000008002560                spiUnselect
 *fill*         0x0000000008002574        0xc 
 .text.spiExchange
                0x0000000008002580       0x24 build/obj/spi.o
                0x0000000008002580                spiExchange
 *fill*         0x00000000080025a4        0xc 
 .text.spiSend  0x00000000080025b0       0x24 build/obj/spi.o
                0x00000000080025b0                spiSend
 *fill*         0x00000000080025d4        0xc 
 .text.spiReceive
                0x00000000080025e0       0x24 build/obj/spi.o
                0x00000000080025e0                spiReceive
 *fill*         0x0000000008002604        0xc 
 .text.usbInit  0x0000000008002610        0x4 build/obj/usb.o
                0x0000000008002610                usbInit
 *fill*         0x0000000008002614        0xc 
 .text.usbObjectInit
                0x0000000008002620       0x1c build/obj/usb.o
                0x0000000008002620                usbObjectInit
 *fill*         0x000000000800263c        0x4 
 .text.usbStart
                0x0000000008002640       0x24 build/obj/usb.o
                0x0000000008002640                usbStart
 *fill*         0x0000000008002664        0xc 
 .text.usbInitEndpointI
                0x0000000008002670       0x2c build/obj/usb.o
                0x0000000008002670                usbInitEndpointI
 *fill*         0x000000000800269c        0x4 
 .text.usbStartReceiveI
                0x00000000080026a0       0x2c build/obj/usb.o
                0x00000000080026a0                usbStartReceiveI
 *fill*         0x00000000080026cc        0x4 
 .text.usbStartTransmitI
                0x00000000080026d0       0x2c build/obj/usb.o
                0x00000000080026d0                usbStartTransmitI
 *fill*         0x00000000080026fc        0x4 
 .text._usb_reset
                0x0000000008002700       0x3c build/obj/usb.o
                0x0000000008002700                _usb_reset
 *fill*         0x000000000800273c        0x4 
 .text._usb_suspend
                0x0000000008002740       0x10 build/obj/usb.o
                0x0000000008002740                _usb_suspend
 .text._usb_wakeup
                0x0000000008002750       0x10 build/obj/usb.o
                0x0000000008002750                _usb_wakeup
 .text._usb_ep0setup
                0x0000000008002760      0x34c build/obj/usb.o
                0x0000000008002760                _usb_ep0setup
 *fill*         0x0000000008002aac        0x4 
 .text._usb_ep0in
                0x0000000008002ab0       0xc0 build/obj/usb.o
                0x0000000008002ab0                _usb_ep0in
 .text._usb_ep0out
                0x0000000008002b70       0x88 build/obj/usb.o
                0x0000000008002b70                _usb_ep0out
 *fill*         0x0000000008002bf8        0x8 
 .text.nvicEnableVector
                0x0000000008002c00       0x34 build/obj/nvic.o
                0x0000000008002c00                nvicEnableVector
 *fill*         0x0000000008002c34        0xc 
 .text.nvicSetSystemHandlerPriority
                0x0000000008002c40       0x10 build/obj/nvic.o
                0x0000000008002c40                nvicSetSystemHandlerPriority
 .text.hal_lld_init
                0x0000000008002c50       0x68 build/obj/hal_lld.o
                0x0000000008002c50                hal_lld_init
 *fill*         0x0000000008002cb8        0x8 
 .text.stm32_clock_init
                0x0000000008002cc0       0xc8 build/obj/hal_lld.o
                0x0000000008002cc0                stm32_clock_init
 *fill*         0x0000000008002d88        0x8 
 .text.Vector6C
                0x0000000008002d90       0x28 build/obj/stm32_dma.o
                0x0000000008002d90                Vector6C
 *fill*         0x0000000008002db8        0x8 
 .text.Vector70
                0x0000000008002dc0       0x2c build/obj/stm32_dma.o
                0x0000000008002dc0                Vector70
 *fill*         0x0000000008002dec        0x4 
 .text.Vector74
                0x0000000008002df0       0x2c build/obj/stm32_dma.o
                0x0000000008002df0                Vector74
 *fill*         0x0000000008002e1c        0x4 
 .text.Vector78
                0x0000000008002e20       0x2c build/obj/stm32_dma.o
                0x0000000008002e20                Vector78
 *fill*         0x0000000008002e4c        0x4 
 .text.Vector7C
                0x0000000008002e50       0x28 build/obj/stm32_dma.o
                0x0000000008002e50                Vector7C
 *fill*         0x0000000008002e78        0x8 
 .text.Vector80
                0x0000000008002e80       0x2c build/obj/stm32_dma.o
                0x0000000008002e80                Vector80
 *fill*         0x0000000008002eac        0x4 
 .text.Vector84
                0x0000000008002eb0       0x2c build/obj/stm32_dma.o
                0x0000000008002eb0                Vector84
 *fill*         0x0000000008002edc        0x4 
 .text.VectorFC
                0x0000000008002ee0       0x2c build/obj/stm32_dma.o
                0x0000000008002ee0                VectorFC
 *fill*         0x0000000008002f0c        0x4 
 .text.Vector120
                0x0000000008002f10       0x28 build/obj/stm32_dma.o
                0x0000000008002f10                Vector120
 *fill*         0x0000000008002f38        0x8 
 .text.Vector124
                0x0000000008002f40       0x2c build/obj/stm32_dma.o
                0x0000000008002f40                Vector124
 *fill*         0x0000000008002f6c        0x4 
 .text.Vector128
                0x0000000008002f70       0x2c build/obj/stm32_dma.o
                0x0000000008002f70                Vector128
 *fill*         0x0000000008002f9c        0x4 
 .text.Vector12C
                0x0000000008002fa0       0x2c build/obj/stm32_dma.o
                0x0000000008002fa0                Vector12C
 *fill*         0x0000000008002fcc        0x4 
 .text.Vector130
                0x0000000008002fd0       0x28 build/obj/stm32_dma.o
                0x0000000008002fd0                Vector130
 *fill*         0x0000000008002ff8        0x8 
 .text.Vector150
                0x0000000008003000       0x2c build/obj/stm32_dma.o
                0x0000000008003000                Vector150
 *fill*         0x000000000800302c        0x4 
 .text.Vector154
                0x0000000008003030       0x2c build/obj/stm32_dma.o
                0x0000000008003030                Vector154
 *fill*         0x000000000800305c        0x4 
 .text.Vector158
                0x0000000008003060       0x2c build/obj/stm32_dma.o
                0x0000000008003060                Vector158
 *fill*         0x000000000800308c        0x4 
 .text.dmaInit  0x0000000008003090       0x54 build/obj/stm32_dma.o
                0x0000000008003090                dmaInit
 *fill*         0x00000000080030e4        0xc 
 .text.dmaStreamAllocate
                0x00000000080030f0       0x8c build/obj/stm32_dma.o
                0x00000000080030f0                dmaStreamAllocate
 *fill*         0x000000000800317c        0x4 
 .text.SysTick_Handler
                0x0000000008003180       0x1c build/obj/st_lld.o
                0x0000000008003180                SysTick_Handler
 *fill*         0x000000000800319c        0x4 
 .text.st_lld_init
                0x00000000080031a0       0x1c build/obj/st_lld.o
                0x00000000080031a0                st_lld_init
 *fill*         0x00000000080031bc        0x4 
 .text.Vector88
                0x00000000080031c0      0x180 build/obj/adc_lld.o
                0x00000000080031c0                Vector88
 .text.adc_lld_init
                0x0000000008003340       0x74 build/obj/adc_lld.o
                0x0000000008003340                adc_lld_init
 *fill*         0x00000000080033b4        0xc 
 .text.ext_lld_init
                0x00000000080033c0        0xc build/obj/ext_lld.o
                0x00000000080033c0                ext_lld_init
 *fill*         0x00000000080033cc        0x4 
 .text.ext_lld_channel_enable
                0x00000000080033d0       0xa0 build/obj/ext_lld.o
                0x00000000080033d0                ext_lld_channel_enable
 .text.ext_lld_start
                0x0000000008003470       0x60 build/obj/ext_lld.o
                0x0000000008003470                ext_lld_start
 .text.Vector58
                0x00000000080034d0       0x2c build/obj/ext_lld_isr.o
                0x00000000080034d0                Vector58
 *fill*         0x00000000080034fc        0x4 
 .text.Vector5C
                0x0000000008003500       0x2c build/obj/ext_lld_isr.o
                0x0000000008003500                Vector5C
 *fill*         0x000000000800352c        0x4 
 .text.Vector60
                0x0000000008003530       0x2c build/obj/ext_lld_isr.o
                0x0000000008003530                Vector60
 *fill*         0x000000000800355c        0x4 
 .text.Vector64
                0x0000000008003560       0x2c build/obj/ext_lld_isr.o
                0x0000000008003560                Vector64
 *fill*         0x000000000800358c        0x4 
 .text.Vector68
                0x0000000008003590       0x2c build/obj/ext_lld_isr.o
                0x0000000008003590                Vector68
 *fill*         0x00000000080035bc        0x4 
 .text.Vector9C
                0x00000000080035c0       0x70 build/obj/ext_lld_isr.o
                0x00000000080035c0                Vector9C
 .text.VectorE0
                0x0000000008003630       0x80 build/obj/ext_lld_isr.o
                0x0000000008003630                VectorE0
 .text.Vector44
                0x00000000080036b0       0x2c build/obj/ext_lld_isr.o
                0x00000000080036b0                Vector44
 *fill*         0x00000000080036dc        0x4 
 .text.VectorE4
                0x00000000080036e0       0x2c build/obj/ext_lld_isr.o
                0x00000000080036e0                VectorE4
 *fill*         0x000000000800370c        0x4 
 .text.VectorE8
                0x0000000008003710       0x30 build/obj/ext_lld_isr.o
                0x0000000008003710                VectorE8
 .text.Vector170
                0x0000000008003740       0x30 build/obj/ext_lld_isr.o
                0x0000000008003740                Vector170
 .text.Vector48
                0x0000000008003770       0x30 build/obj/ext_lld_isr.o
                0x0000000008003770                Vector48
 .text.Vector4C
                0x00000000080037a0       0x30 build/obj/ext_lld_isr.o
                0x00000000080037a0                Vector4C
 .text.ext_lld_exti_irq_enable
                0x00000000080037d0       0x70 build/obj/ext_lld_isr.o
                0x00000000080037d0                ext_lld_exti_irq_enable
 .text._pal_lld_init
                0x0000000008003840      0x16c build/obj/pal_lld.o
                0x0000000008003840                _pal_lld_init
 *fill*         0x00000000080039ac        0x4 
 .text._pal_lld_setgroupmode
                0x00000000080039b0       0xd0 build/obj/pal_lld.o
                0x00000000080039b0                _pal_lld_setgroupmode
 .text.i2c_lld_serve_tx_end_irq
                0x0000000008003a80       0x40 build/obj/i2c_lld.o
 .text.i2c_lld_serve_rx_end_irq
                0x0000000008003ac0       0x64 build/obj/i2c_lld.o
 *fill*         0x0000000008003b24        0xc 
 .text.VectorBC
                0x0000000008003b30       0xf8 build/obj/i2c_lld.o
                0x0000000008003b30                VectorBC
 *fill*         0x0000000008003c28        0x8 
 .text.VectorC0
                0x0000000008003c30       0xd8 build/obj/i2c_lld.o
                0x0000000008003c30                VectorC0
 *fill*         0x0000000008003d08        0x8 
 .text.i2c_lld_init
                0x0000000008003d10       0x2c build/obj/i2c_lld.o
                0x0000000008003d10                i2c_lld_init
 *fill*         0x0000000008003d3c        0x4 
 .text.i2c_lld_start
                0x0000000008003d40      0x16c build/obj/i2c_lld.o
                0x0000000008003d40                i2c_lld_start
 *fill*         0x0000000008003eac        0x4 
 .text.i2c_lld_master_transmit_timeout
                0x0000000008003eb0       0x8c build/obj/i2c_lld.o
                0x0000000008003eb0                i2c_lld_master_transmit_timeout
 *fill*         0x0000000008003f3c        0x4 
 .text.usb_lld_pump
                0x0000000008003f40      0x200 build/obj/usb_lld.o
                0x0000000008003f40                usb_lld_pump
 .text.usb_lld_init
                0x0000000008004140       0x24 build/obj/usb_lld.o
                0x0000000008004140                usb_lld_init
 *fill*         0x0000000008004164        0xc 
 .text.usb_lld_start
                0x0000000008004170      0x124 build/obj/usb_lld.o
                0x0000000008004170                usb_lld_start
 *fill*         0x0000000008004294        0xc 
 .text.usb_lld_reset
                0x00000000080042a0       0xc0 build/obj/usb_lld.o
                0x00000000080042a0                usb_lld_reset
 .text.usb_lld_set_address
                0x0000000008004360       0x18 build/obj/usb_lld.o
                0x0000000008004360                usb_lld_set_address
 *fill*         0x0000000008004378        0x8 
 .text.usb_lld_init_endpoint
                0x0000000008004380      0x164 build/obj/usb_lld.o
                0x0000000008004380                usb_lld_init_endpoint
 *fill*         0x00000000080044e4        0xc 
 .text.usb_lld_get_status_out
                0x00000000080044f0       0x1c build/obj/usb_lld.o
                0x00000000080044f0                usb_lld_get_status_out
 *fill*         0x000000000800450c        0x4 
 .text.usb_lld_get_status_in
                0x0000000008004510       0x1c build/obj/usb_lld.o
                0x0000000008004510                usb_lld_get_status_in
 *fill*         0x000000000800452c        0x4 
 .text.usb_lld_read_setup
                0x0000000008004530       0x14 build/obj/usb_lld.o
                0x0000000008004530                usb_lld_read_setup
 *fill*         0x0000000008004544        0xc 
 .text.usb_lld_start_out
                0x0000000008004550       0x84 build/obj/usb_lld.o
                0x0000000008004550                usb_lld_start_out
 *fill*         0x00000000080045d4        0xc 
 .text.otg_epout_handler.constprop.9
                0x00000000080045e0       0x9c build/obj/usb_lld.o
 *fill*         0x000000000800467c        0x4 
 .text.usb_lld_start_in
                0x0000000008004680       0xac build/obj/usb_lld.o
                0x0000000008004680                usb_lld_start_in
 *fill*         0x000000000800472c        0x4 
 .text.otg_epin_handler.constprop.10
                0x0000000008004730       0xb4 build/obj/usb_lld.o
 *fill*         0x00000000080047e4        0xc 
 .text.Vector14C
                0x00000000080047f0      0x264 build/obj/usb_lld.o
                0x00000000080047f0                Vector14C
 *fill*         0x0000000008004a54        0xc 
 .text.usb_lld_stall_out
                0x0000000008004a60       0x14 build/obj/usb_lld.o
                0x0000000008004a60                usb_lld_stall_out
 *fill*         0x0000000008004a74        0xc 
 .text.usb_lld_stall_in
                0x0000000008004a80       0x14 build/obj/usb_lld.o
                0x0000000008004a80                usb_lld_stall_in
 *fill*         0x0000000008004a94        0xc 
 .text.usb_lld_clear_out
                0x0000000008004aa0       0x14 build/obj/usb_lld.o
                0x0000000008004aa0                usb_lld_clear_out
 *fill*         0x0000000008004ab4        0xc 
 .text.usb_lld_clear_in
                0x0000000008004ac0       0x14 build/obj/usb_lld.o
                0x0000000008004ac0                usb_lld_clear_in
 *fill*         0x0000000008004ad4        0xc 
 .text.spi_lld_serve_tx_interrupt
                0x0000000008004ae0       0x14 build/obj/spi_lld.o
 *fill*         0x0000000008004af4        0xc 
 .text.spi_lld_serve_rx_interrupt
                0x0000000008004b00       0x80 build/obj/spi_lld.o
 .text.spi_lld_init
                0x0000000008004b80       0x44 build/obj/spi_lld.o
                0x0000000008004b80                spi_lld_init
 *fill*         0x0000000008004bc4        0xc 
 .text.spi_lld_start
                0x0000000008004bd0       0x94 build/obj/spi_lld.o
                0x0000000008004bd0                spi_lld_start
 *fill*         0x0000000008004c64        0xc 
 .text.spi_lld_select
                0x0000000008004c70       0x10 build/obj/spi_lld.o
                0x0000000008004c70                spi_lld_select
 .text.spi_lld_unselect
                0x0000000008004c80       0x10 build/obj/spi_lld.o
                0x0000000008004c80                spi_lld_unselect
 .text.spi_lld_exchange
                0x0000000008004c90       0x38 build/obj/spi_lld.o
                0x0000000008004c90                spi_lld_exchange
 *fill*         0x0000000008004cc8        0x8 
 .text.spi_lld_send
                0x0000000008004cd0       0x38 build/obj/spi_lld.o
                0x0000000008004cd0                spi_lld_send
 *fill*         0x0000000008004d08        0x8 
 .text.spi_lld_receive
                0x0000000008004d10       0x38 build/obj/spi_lld.o
                0x0000000008004d10                spi_lld_receive
 *fill*         0x0000000008004d48        0x8 
 .text.pwm_lld_init
                0x0000000008004d50       0x1c build/obj/pwm_lld.o
                0x0000000008004d50                pwm_lld_init
 *fill*         0x0000000008004d6c        0x4 
 .text.pwm_lld_start
                0x0000000008004d70       0xe4 build/obj/pwm_lld.o
                0x0000000008004d70                pwm_lld_start
 *fill*         0x0000000008004e54        0xc 
 .text.pwm_lld_enable_channel
                0x0000000008004e60        0xc build/obj/pwm_lld.o
                0x0000000008004e60                pwm_lld_enable_channel
 *fill*         0x0000000008004e6c        0x4 
 .text.pwm_lld_serve_interrupt
                0x0000000008004e70       0x5c build/obj/pwm_lld.o
                0x0000000008004e70                pwm_lld_serve_interrupt
 *fill*         0x0000000008004ecc        0x4 
 .text.Vector108
                0x0000000008004ed0       0x14 build/obj/pwm_lld.o
                0x0000000008004ed0                Vector108
 *fill*         0x0000000008004ee4        0xc 
 .text.__early_init
                0x0000000008004ef0        0x4 build/obj/board.o
                0x0000000008004ef0                __early_init
 *fill*         0x0000000008004ef4        0xc 
 .text.boardInit
                0x0000000008004f00        0x4 build/obj/board.o
                0x0000000008004f00                boardInit
 *fill*         0x0000000008004f04        0xc 
 .text.ch_ltoa  0x0000000008004f10       0x44 build/obj/chprintf.o
 *fill*         0x0000000008004f54        0xc 
 .text.chvprintf
                0x0000000008004f60      0x4f0 build/obj/chprintf.o
                0x0000000008004f60                chvprintf
 .text.chprintf
                0x0000000008005450       0x1c build/obj/chprintf.o
                0x0000000008005450                chprintf
 *fill*         0x000000000800546c        0x4 
 .text.DMA_DeInit
                0x0000000008005470      0x130 build/obj/stm32f4xx_dma.o
                0x0000000008005470                DMA_DeInit
 .text.DMA_Init
                0x00000000080055a0       0x58 build/obj/stm32f4xx_dma.o
                0x00000000080055a0                DMA_Init
 *fill*         0x00000000080055f8        0x8 
 .text.DMA_Cmd  0x0000000008005600       0x14 build/obj/stm32f4xx_dma.o
                0x0000000008005600                DMA_Cmd
 *fill*         0x0000000008005614        0xc 
 .text.RCC_AHB1PeriphClockCmd
                0x0000000008005620       0x1c build/obj/stm32f4xx_rcc.o
                0x0000000008005620                RCC_AHB1PeriphClockCmd
 *fill*         0x000000000800563c        0x4 
 .text.RCC_APB1PeriphClockCmd
                0x0000000008005640       0x1c build/obj/stm32f4xx_rcc.o
                0x0000000008005640                RCC_APB1PeriphClockCmd
 *fill*         0x000000000800565c        0x4 
 .text.TIM_TimeBaseInit
                0x0000000008005660       0x98 build/obj/stm32f4xx_tim.o
                0x0000000008005660                TIM_TimeBaseInit
 *fill*         0x00000000080056f8        0x8 
 .text.TIM_Cmd  0x0000000008005700       0x18 build/obj/stm32f4xx_tim.o
                0x0000000008005700                TIM_Cmd
 *fill*         0x0000000008005718        0x8 
 .text.TIM_OC3Init
                0x0000000008005720       0x84 build/obj/stm32f4xx_tim.o
                0x0000000008005720                TIM_OC3Init
 *fill*         0x00000000080057a4        0xc 
 .text.TIM_OC3PreloadConfig
                0x00000000080057b0       0x10 build/obj/stm32f4xx_tim.o
                0x00000000080057b0                TIM_OC3PreloadConfig
 .text.TIM_CtrlPWMOutputs
                0x00000000080057c0       0x14 build/obj/stm32f4xx_tim.o
                0x00000000080057c0                TIM_CtrlPWMOutputs
 *fill*         0x00000000080057d4        0xc 
 .text.TIM_DMACmd
                0x00000000080057e0       0x18 build/obj/stm32f4xx_tim.o
                0x00000000080057e0                TIM_DMACmd
 *fill*         0x00000000080057f8        0x8 
 .text.startup.main
                0x0000000008005800      0x16c build/obj/main.o
                0x0000000008005800                main
 *fill*         0x000000000800596c        0x4 
 .text._ZL14get_descriptorP9USBDriverhht
                0x0000000008005970       0x30 build/obj/comm_usb.o
 .text._ZL11sof_handlerP9USBDriver
                0x00000000080059a0       0x1c build/obj/comm_usb.o
 *fill*         0x00000000080059bc        0x4 
 .text._ZL9usb_eventP9USBDriver10usbevent_t
                0x00000000080059c0       0x58 build/obj/comm_usb.o
 *fill*         0x0000000008005a18        0x8 
 .text._Z20comm_usb_serial_initv
                0x0000000008005a20       0x6c build/obj/comm_usb.o
                0x0000000008005a20                comm_usb_serial_init()
 *fill*         0x0000000008005a8c        0x4 
 .text._Z25comm_usb_serial_is_activev
                0x0000000008005a90       0x1c build/obj/comm_usb.o
                0x0000000008005a90                comm_usb_serial_is_active()
 *fill*         0x0000000008005aac        0x4 
 .text._Z12ws2812b_initv
                0x0000000008005ab0      0x1bc build/obj/ws2812b.o
                0x0000000008005ab0                ws2812b_init()
 *fill*         0x0000000008005c6c        0x4 
 .text._Z21ws2812b_set_led_colorim
                0x0000000008005c70       0x5c build/obj/ws2812b.o
                0x0000000008005c70                ws2812b_set_led_color(int, unsigned long)
 *fill*         0x0000000008005ccc        0x4 
 .text._Z16bno055_read_addrh
                0x0000000008005cd0       0x38 build/obj/bno055.o
                0x0000000008005cd0                bno055_read_addr(unsigned char)
 *fill*         0x0000000008005d08        0x8 
 .text._Z17bno055_get_statusv
                0x0000000008005d10        0x8 build/obj/bno055.o
                0x0000000008005d10                bno055_get_status()
 *fill*         0x0000000008005d18        0x8 
 .text._Z16bno055_get_errorv
                0x0000000008005d20        0x8 build/obj/bno055.o
                0x0000000008005d20                bno055_get_error()
 *fill*         0x0000000008005d28        0x8 
 .text._Z15bno055_read_lenhhPh
                0x0000000008005d30       0x38 build/obj/bno055.o
                0x0000000008005d30                bno055_read_len(unsigned char, unsigned char, unsigned char*)
 *fill*         0x0000000008005d68        0x8 
 .text._Z17bno055_get_vectorh
                0x0000000008005d70      0x17c build/obj/bno055.o
                0x0000000008005d70                bno055_get_vector(unsigned char)
 *fill*         0x0000000008005eec        0x4 
 .text._Z17bno055_write_addrhh
                0x0000000008005ef0       0x38 build/obj/bno055.o
                0x0000000008005ef0                bno055_write_addr(unsigned char, unsigned char)
 *fill*         0x0000000008005f28        0x8 
 .text._Z11bno055_initv
                0x0000000008005f30       0xbc build/obj/bno055.o
                0x0000000008005f30                bno055_init()
 *fill*         0x0000000008005fec        0x4 
 .text._ZL14nrfExtCallbackP9EXTDriverm
                0x0000000008005ff0       0x1c build/obj/nrf24l01.o
 *fill*         0x000000000800600c        0x4 
 .text._Z19nrf24l01ReadPayloadP14NRF24L01DriverhPhS1_.part.2
                0x0000000008006010       0x58 build/obj/nrf24l01.o
 *fill*         0x0000000008006068        0x8 
 .text._Z20nrf24l01WritePayloadP14NRF24L01DriverhPKh.part.3
                0x0000000008006070       0x48 build/obj/nrf24l01.o
 *fill*         0x00000000080060b8        0x8 
 .text._Z21nrf24l01WriteRegisterP14NRF24L01Driverhh
                0x00000000080060c0       0x3c build/obj/nrf24l01.o
                0x00000000080060c0                nrf24l01WriteRegister(NRF24L01Driver*, unsigned char, unsigned char)
 *fill*         0x00000000080060fc        0x4 
 .text._Z20nrf24l01ReadRegisterP14NRF24L01Driverh
                0x0000000008006100       0x48 build/obj/nrf24l01.o
                0x0000000008006100                nrf24l01ReadRegister(NRF24L01Driver*, unsigned char)
 *fill*         0x0000000008006148        0x8 
 .text._Z28nrf24l01WriteAddressRegisterP14NRF24L01DriverhPKh
                0x0000000008006150       0x4c build/obj/nrf24l01.o
                0x0000000008006150                nrf24l01WriteAddressRegister(NRF24L01Driver*, unsigned char, unsigned char const*)
 *fill*         0x000000000800619c        0x4 
 .text._Z17nrf24l01GetStatusP14NRF24L01Driver
                0x00000000080061a0       0x3c build/obj/nrf24l01.o
                0x00000000080061a0                nrf24l01GetStatus(NRF24L01Driver*)
 *fill*         0x00000000080061dc        0x4 
 .text._Z15nrf24l01PowerUpP14NRF24L01Driver
                0x00000000080061e0       0x1c build/obj/nrf24l01.o
                0x00000000080061e0                nrf24l01PowerUp(NRF24L01Driver*)
 *fill*         0x00000000080061fc        0x4 
 .text._Z20nrf24l01SetRXAddressP14NRF24L01DriverhPKh
                0x0000000008006200       0x40 build/obj/nrf24l01.o
                0x0000000008006200                nrf24l01SetRXAddress(NRF24L01Driver*, unsigned char, unsigned char const*)
 .text._Z20nrf24l01SetTXAddressP14NRF24L01DriverPKh
                0x0000000008006240       0x1c build/obj/nrf24l01.o
                0x0000000008006240                nrf24l01SetTXAddress(NRF24L01Driver*, unsigned char const*)
 *fill*         0x000000000800625c        0x4 
 .text._Z29nrf24l01EnableDynamicPipeSizeP14NRF24L01Driverh
                0x0000000008006260       0x24 build/obj/nrf24l01.o
                0x0000000008006260                nrf24l01EnableDynamicPipeSize(NRF24L01Driver*, unsigned char)
 *fill*         0x0000000008006284        0xc 
 .text._Z22nrf24l01ToggleFeaturesP14NRF24L01Driver
                0x0000000008006290       0x38 build/obj/nrf24l01.o
                0x0000000008006290                nrf24l01ToggleFeatures(NRF24L01Driver*)
 *fill*         0x00000000080062c8        0x8 
 .text._Z25nrf24l01EnableDynamicSizeP14NRF24L01Driver
                0x00000000080062d0       0x40 build/obj/nrf24l01.o
                0x00000000080062d0                nrf24l01EnableDynamicSize(NRF24L01Driver*)
 .text._Z15nrf24l01FlushRXP14NRF24L01Driver
                0x0000000008006310       0x34 build/obj/nrf24l01.o
                0x0000000008006310                nrf24l01FlushRX(NRF24L01Driver*)
 *fill*         0x0000000008006344        0xc 
 .text._Z15nrf24l01FlushTXP14NRF24L01Driver
                0x0000000008006350       0x34 build/obj/nrf24l01.o
                0x0000000008006350                nrf24l01FlushTX(NRF24L01Driver*)
 *fill*         0x0000000008006384        0xc 
 .text._Z12initNRF24L01v
                0x0000000008006390       0xf0 build/obj/nrf24l01.o
                0x0000000008006390                initNRF24L01()
 .text._Z15nrf24l01GetSizeP14NRF24L01Driver
                0x0000000008006480       0x48 build/obj/nrf24l01.o
                0x0000000008006480                nrf24l01GetSize(NRF24L01Driver*)
 *fill*         0x00000000080064c8        0x8 
 .text._Z15nrf24l01EnterRXP14NRF24L01Driver
                0x00000000080064d0       0x3c build/obj/nrf24l01.o
                0x00000000080064d0                nrf24l01EnterRX(NRF24L01Driver*)
 *fill*         0x000000000800650c        0x4 
 .text._ZL5readtPvPhjm
                0x0000000008006510      0x234 build/obj/nrf24l01.o
 *fill*         0x0000000008006744        0xc 
 .text._ZL4gettPvm
                0x0000000008006750       0x54 build/obj/nrf24l01.o
 *fill*         0x00000000080067a4        0xc 
 .text._ZL3getPv
                0x00000000080067b0        0x8 build/obj/nrf24l01.o
 *fill*         0x00000000080067b8        0x8 
 .text._ZL4readPvPhj
                0x00000000080067c0        0x8 build/obj/nrf24l01.o
 *fill*         0x00000000080067c8        0x8 
 .text._Z15nrf24l01EnterTXP14NRF24L01Driver
                0x00000000080067d0       0x38 build/obj/nrf24l01.o
                0x00000000080067d0                nrf24l01EnterTX(NRF24L01Driver*)
 *fill*         0x0000000008006808        0x8 
 .text._ZL6writetPvPKhjm
                0x0000000008006810      0x100 build/obj/nrf24l01.o
 .text._ZL4puttPvhm
                0x0000000008006910       0x20 build/obj/nrf24l01.o
 .text._ZL3putPvh
                0x0000000008006930       0x24 build/obj/nrf24l01.o
 *fill*         0x0000000008006954        0xc 
 .text._ZL5writePvPKhj
                0x0000000008006960        0x8 build/obj/nrf24l01.o
 *fill*         0x0000000008006968        0x8 
 .text._Z7esc_sethd
                0x0000000008006970       0x8c build/obj/esc.o
                0x0000000008006970                esc_set(unsigned char, double)
 *fill*         0x00000000080069fc        0x4 
 .text._Z8esc_initv
                0x0000000008006a00       0x64 build/obj/esc.o
                0x0000000008006a00                esc_init()
 *fill*         0x0000000008006a64        0xc 
 .text._Z11esc_set_alld
                0x0000000008006a70        0x8 build/obj/esc.o
                0x0000000008006a70                esc_set_all(double)
 *fill*         0x0000000008006a78        0x8 
 .text._Z15controller_initv
                0x0000000008006a80       0x48 build/obj/controller.o
                0x0000000008006a80                controller_init()
 *fill*         0x0000000008006ac8        0x8 
 .text._Z17controller_updatev
                0x0000000008006ad0       0x34 build/obj/controller.o
                0x0000000008006ad0                controller_update()
 *fill*         0x0000000008006b04        0xc 
 .text.roundf   0x0000000008006b10       0x60 /opt/homebrew-cask/Caskroom/gcc-arm-embedded/5_2-2015q4,20151219/gcc-arm-none-eabi-5_2-2015q4/bin/../lib/gcc/arm-none-eabi/5.2.1/../../../../arm-none-eabi/lib/armv7e-m/fpu/libm.a(lib_a-sf_round.o)
                0x0000000008006b10                roundf
 .text.powf     0x0000000008006b70      0x354 /opt/homebrew-cask/Caskroom/gcc-arm-embedded/5_2-2015q4,20151219/gcc-arm-none-eabi-5_2-2015q4/bin/../lib/gcc/arm-none-eabi/5.2.1/../../../../arm-none-eabi/lib/armv7e-m/fpu/libm.a(lib_a-wf_pow.o)
                0x0000000008006b70                powf
 *fill*         0x0000000008006ec4        0xc 
 .text.__ieee754_powf
                0x0000000008006ed0      0x5fc /opt/homebrew-cask/Caskroom/gcc-arm-embedded/5_2-2015q4,20151219/gcc-arm-none-eabi-5_2-2015q4/bin/../lib/gcc/arm-none-eabi/5.2.1/../../../../arm-none-eabi/lib/armv7e-m/fpu/libm.a(lib_a-ef_pow.o)
                0x0000000008006ed0                __ieee754_powf
 *fill*         0x00000000080074cc        0x4 
 .text.__ieee754_sqrtf
                0x00000000080074d0       0xa4 /opt/homebrew-cask/Caskroom/gcc-arm-embedded/5_2-2015q4,20151219/gcc-arm-none-eabi-5_2-2015q4/bin/../lib/gcc/arm-none-eabi/5.2.1/../../../../arm-none-eabi/lib/armv7e-m/fpu/libm.a(lib_a-ef_sqrt.o)
                0x00000000080074d0                __ieee754_sqrtf
 *fill*         0x0000000008007574        0xc 
 .text.matherr  0x0000000008007580        0x4 /opt/homebrew-cask/Caskroom/gcc-arm-embedded/5_2-2015q4,20151219/gcc-arm-none-eabi-5_2-2015q4/bin/../lib/gcc/arm-none-eabi/5.2.1/../../../../arm-none-eabi/lib/armv7e-m/fpu/libm.a(lib_a-s_matherr.o)
                0x0000000008007580                matherr
 *fill*         0x0000000008007584        0xc 
 .text.rint     0x0000000008007590      0x128 /opt/homebrew-cask/Caskroom/gcc-arm-embedded/5_2-2015q4,20151219/gcc-arm-none-eabi-5_2-2015q4/bin/../lib/gcc/arm-none-eabi/5.2.1/../../../../arm-none-eabi/lib/armv7e-m/fpu/libm.a(lib_a-s_rint.o)
                0x0000000008007590                rint
 *fill*         0x00000000080076b8        0x8 
 .text.fabsf    0x00000000080076c0       0x10 /opt/homebrew-cask/Caskroom/gcc-arm-embedded/5_2-2015q4,20151219/gcc-arm-none-eabi-5_2-2015q4/bin/../lib/gcc/arm-none-eabi/5.2.1/../../../../arm-none-eabi/lib/armv7e-m/fpu/libm.a(lib_a-sf_fabs.o)
                0x00000000080076c0                fabsf
 .text.finitef  0x00000000080076d0       0x14 /opt/homebrew-cask/Caskroom/gcc-arm-embedded/5_2-2015q4,20151219/gcc-arm-none-eabi-5_2-2015q4/bin/../lib/gcc/arm-none-eabi/5.2.1/../../../../arm-none-eabi/lib/armv7e-m/fpu/libm.a(lib_a-sf_finite.o)
                0x00000000080076d0                finitef
 *fill*         0x00000000080076e4        0xc 
 .text.__fpclassifyf
                0x00000000080076f0       0x38 /opt/homebrew-cask/Caskroom/gcc-arm-embedded/5_2-2015q4,20151219/gcc-arm-none-eabi-5_2-2015q4/bin/../lib/gcc/arm-none-eabi/5.2.1/../../../../arm-none-eabi/lib/armv7e-m/fpu/libm.a(lib_a-sf_fpclassify.o)
                0x00000000080076f0                __fpclassifyf
 *fill*         0x0000000008007728        0x8 
 .text.nanf     0x0000000008007730        0xc /opt/homebrew-cask/Caskroom/gcc-arm-embedded/5_2-2015q4,20151219/gcc-arm-none-eabi-5_2-2015q4/bin/../lib/gcc/arm-none-eabi/5.2.1/../../../../arm-none-eabi/lib/armv7e-m/fpu/libm.a(lib_a-sf_nan.o)
                0x0000000008007730                nanf
 *fill*         0x000000000800773c        0x4 
 .text.scalbnf  0x0000000008007740       0xd0 /opt/homebrew-cask/Caskroom/gcc-arm-embedded/5_2-2015q4,20151219/gcc-arm-none-eabi-5_2-2015q4/bin/../lib/gcc/arm-none-eabi/5.2.1/../../../../arm-none-eabi/lib/armv7e-m/fpu/libm.a(lib_a-sf_scalbn.o)
                0x0000000008007740                scalbnf
 .text.copysignf
                0x0000000008007810       0x18 /opt/homebrew-cask/Caskroom/gcc-arm-embedded/5_2-2015q4,20151219/gcc-arm-none-eabi-5_2-2015q4/bin/../lib/gcc/arm-none-eabi/5.2.1/../../../../arm-none-eabi/lib/armv7e-m/fpu/libm.a(lib_a-sf_copysign.o)
                0x0000000008007810                copysignf
 *fill*         0x0000000008007828        0x8 
 .text.__errno  0x0000000008007830        0xc /opt/homebrew-cask/Caskroom/gcc-arm-embedded/5_2-2015q4,20151219/gcc-arm-none-eabi-5_2-2015q4/bin/../lib/gcc/arm-none-eabi/5.2.1/../../../../arm-none-eabi/lib/armv7e-m/fpu/libg.a(lib_a-errno.o)
                0x0000000008007830                __errno
 *(.rodata)
 *fill*         0x000000000800783c        0x4 
 .rodata        0x0000000008007840       0x14 build/obj/main.o
 *fill*         0x0000000008007854        0xc 
 .rodata        0x0000000008007860        0x2 build/obj/nrf24l01.o
 *(.rodata.*)
 *fill*         0x0000000008007862        0xe 
 .rodata.ram_areas
                0x0000000008007870       0x80 build/obj/crt1.o
 .rodata.str1.4
                0x00000000080078f0        0x5 build/obj/chsys.o
 *fill*         0x00000000080078f5        0xb 
 .rodata.ch_debug
                0x0000000008007900       0x16 build/obj/chregistry.o
                0x0000000008007900                ch_debug
 *fill*         0x0000000008007916        0xa 
 .rodata.vmt    0x0000000008007920       0x20 build/obj/serial_usb.o
 .rodata.zero_status
                0x0000000008007940        0x2 build/obj/usb.o
 *fill*         0x0000000008007942        0xe 
 .rodata.active_status
                0x0000000008007950        0x2 build/obj/usb.o
 *fill*         0x0000000008007952        0xe 
 .rodata.halted_status
                0x0000000008007960        0x2 build/obj/usb.o
 *fill*         0x0000000008007962        0xe 
 .rodata._stm32_dma_streams
                0x0000000008007970       0xc0 build/obj/stm32_dma.o
                0x0000000008007970                _stm32_dma_streams
 .rodata.str1.4
                0x0000000008007a30        0xc build/obj/i2c_lld.o
 *fill*         0x0000000008007a3c        0x4 
 .rodata.fsparams
                0x0000000008007a40        0xc build/obj/usb_lld.o
 *fill*         0x0000000008007a4c        0x4 
 .rodata.str1.4
                0x0000000008007a50        0xd build/obj/usb_lld.o
 *fill*         0x0000000008007a5d        0x3 
 .rodata.ep0config
                0x0000000008007a60       0x24 build/obj/usb_lld.o
 .rodata.str1.4
                0x0000000008007a84        0xc build/obj/spi_lld.o
 *fill*         0x0000000008007a84        0xc 
 .rodata.pal_default_config
                0x0000000008007a90       0xe0 build/obj/board.o
                0x0000000008007a90                pal_default_config
 .rodata.str1.4
                0x0000000008007b70        0x7 build/obj/chprintf.o
 *fill*         0x0000000008007b77        0x9 
 .rodata.pow10  0x0000000008007b80       0x24 build/obj/chprintf.o
 *fill*         0x0000000008007ba4        0xc 
 .rodata.str1.4
                0x0000000008007bb0        0x4 build/obj/main.o
 *fill*         0x0000000008007bb4        0xc 
 .rodata._ZL12vcom_string3
                0x0000000008007bc0        0x8 build/obj/comm_usb.o
 *fill*         0x0000000008007bc8        0x8 
 .rodata._ZL12vcom_strings
                0x0000000008007bd0       0x20 build/obj/comm_usb.o
 .rodata._ZL6usbcfg
                0x0000000008007bf0       0x10 build/obj/comm_usb.o
 .rodata._ZL12vcom_string2
                0x0000000008007c00       0x38 build/obj/comm_usb.o
 *fill*         0x0000000008007c38        0x8 
 .rodata._ZL22vcom_device_descriptor
                0x0000000008007c40        0x8 build/obj/comm_usb.o
 *fill*         0x0000000008007c48        0x8 
 .rodata._ZL27vcom_device_descriptor_data
                0x0000000008007c50       0x12 build/obj/comm_usb.o
 *fill*         0x0000000008007c62        0xe 
 .rodata._ZL9ep1config
                0x0000000008007c70       0x24 build/obj/comm_usb.o
 *fill*         0x0000000008007c94        0xc 
 .rodata._ZL9serusbcfg
                0x0000000008007ca0        0x8 build/obj/comm_usb.o
 *fill*         0x0000000008007ca8        0x8 
 .rodata._ZL34vcom_configuration_descriptor_data
                0x0000000008007cb0       0x43 build/obj/comm_usb.o
 *fill*         0x0000000008007cf3        0xd 
 .rodata._ZL29vcom_configuration_descriptor
                0x0000000008007d00        0x8 build/obj/comm_usb.o
 *fill*         0x0000000008007d08        0x8 
 .rodata._ZL9ep2config
                0x0000000008007d10       0x24 build/obj/comm_usb.o
 *fill*         0x0000000008007d34        0xc 
 .rodata._ZL12vcom_string0
                0x0000000008007d40        0x4 build/obj/comm_usb.o
 *fill*         0x0000000008007d44        0xc 
 .rodata._ZL12vcom_string1
                0x0000000008007d50       0x26 build/obj/comm_usb.o
 *fill*         0x0000000008007d76        0xa 
 .rodata._ZL6i2ccfg
                0x0000000008007d80        0xc build/obj/bno055.o
 *fill*         0x0000000008007d8c        0x4 
 .rodata._ZL4addr
                0x0000000008007d90        0x5 build/obj/nrf24l01.o
 *fill*         0x0000000008007d95        0xb 
 .rodata._ZL6extcfg
                0x0000000008007da0       0xb8 build/obj/nrf24l01.o
 *fill*         0x0000000008007e58        0x8 
 .rodata._ZL14nrf24l01Config
                0x0000000008007e60        0xc build/obj/nrf24l01.o
 *fill*         0x0000000008007e6c        0x4 
 .rodata._ZL3vmt
                0x0000000008007e70       0x20 build/obj/nrf24l01.o
 .rodata._ZL11nrf24l01SPI
                0x0000000008007e90        0xc build/obj/nrf24l01.o
 *fill*         0x0000000008007e9c        0x4 
 .rodata.str1.4
                0x0000000008007ea0        0x5 /opt/homebrew-cask/Caskroom/gcc-arm-embedded/5_2-2015q4,20151219/gcc-arm-none-eabi-5_2-2015q4/bin/../lib/gcc/arm-none-eabi/5.2.1/../../../../arm-none-eabi/lib/armv7e-m/fpu/libm.a(lib_a-wf_pow.o)
 .rodata.str1.4
                0x0000000008007ea5        0x5 /opt/homebrew-cask/Caskroom/gcc-arm-embedded/5_2-2015q4,20151219/gcc-arm-none-eabi-5_2-2015q4/bin/../lib/gcc/arm-none-eabi/5.2.1/../../../../arm-none-eabi/lib/armv7e-m/fpu/libm.a(lib_a-ef_pow.o)
                                          0x1 (size before relaxing)
 *fill*         0x0000000008007ea5        0xb 
 .rodata.TWO52  0x0000000008007eb0       0x10 /opt/homebrew-cask/Caskroom/gcc-arm-embedded/5_2-2015q4,20151219/gcc-arm-none-eabi-5_2-2015q4/bin/../lib/gcc/arm-none-eabi/5.2.1/../../../../arm-none-eabi/lib/armv7e-m/fpu/libm.a(lib_a-s_rint.o)
 .rodata.str1.4
                0x0000000008007ec0        0x4 /opt/homebrew-cask/Caskroom/gcc-arm-embedded/5_2-2015q4,20151219/gcc-arm-none-eabi-5_2-2015q4/bin/../lib/gcc/arm-none-eabi/5.2.1/../../../../arm-none-eabi/lib/armv7e-m/fpu/libg.a(lib_a-impure.o)
                                          0x2 (size before relaxing)
 *(.glue_7t)
 .glue_7t       0x0000000008007ec4        0x0 linker stubs
 *(.glue_7)
 .glue_7        0x0000000008007ec4        0x0 linker stubs
 *(.gcc*)

.vfp11_veneer   0x0000000008007ec4        0x0
 .vfp11_veneer  0x0000000008007ec4        0x0 linker stubs

.v4_bx          0x0000000008007ec4        0x0
 .v4_bx         0x0000000008007ec4        0x0 linker stubs

.iplt           0x0000000008007ec4        0x0
 .iplt          0x0000000008007ec4        0x0 build/obj/crt0_v7m.o

.rel.dyn        0x0000000008007ec4        0x0
 .rel.iplt      0x0000000008007ec4        0x0 build/obj/crt0_v7m.o

.ARM.extab
 *(.ARM.extab* .gnu.linkonce.armextab.*)

.ARM.exidx      0x0000000008007ec4        0x0
                0x0000000008007ec4                __exidx_start = .
 *(.ARM.exidx* .gnu.linkonce.armexidx.*)
                0x0000000008007ec4                __exidx_end = .

.eh_frame_hdr
 *(.eh_frame_hdr)

.eh_frame
 *(.eh_frame)

.textalign      0x0000000008007ec4        0x4
                0x0000000008007ec8                . = ALIGN (0x8)
 *fill*         0x0000000008007ec4        0x4 
                0x0000000008007ec8                . = ALIGN (0x4)
                [!provide]                        PROVIDE (_etext, .)

.mstack         0x0000000020000000      0x400
                0x0000000020000000                . = ALIGN (0x8)
                0x0000000020000000                __main_stack_base__ = .
                0x0000000020000400                . = (. + __main_stack_size__)
 *fill*         0x0000000020000000      0x400 
                0x0000000020000400                . = ALIGN (0x8)
                0x0000000020000400                __main_stack_end__ = .

.pstack         0x0000000020000400      0x400
                0x0000000020000400                __process_stack_base__ = .
                0x0000000020000400                __main_thread_stack_base__ = .
                0x0000000020000800                . = (. + __process_stack_size__)
 *fill*         0x0000000020000400      0x400 
                0x0000000020000800                . = ALIGN (0x8)
                0x0000000020000800                __process_stack_end__ = .
                0x0000000020000800                __main_thread_stack_end__ = .

.data           0x0000000020000800      0x46c load address 0x0000000008007ec8
                0x0000000020000800                . = ALIGN (0x4)
                [!provide]                        PROVIDE (_textdata, LOADADDR (.data))
                [!provide]                        PROVIDE (_data, .)
                0x0000000008007ec8                _textdata_start = LOADADDR (.data)
                0x0000000020000800                _data_start = .
 *(.data)
 *(.data.*)
 .data.linecoding
                0x0000000020000800        0x7 build/obj/serial_usb.o
 *fill*         0x0000000020000807        0x1 
 .data._ZL6pwmcfg
                0x0000000020000808       0x34 build/obj/esc.o
 .data.__fdlib_version
                0x000000002000083c        0x1 /opt/homebrew-cask/Caskroom/gcc-arm-embedded/5_2-2015q4,20151219/gcc-arm-none-eabi-5_2-2015q4/bin/../lib/gcc/arm-none-eabi/5.2.1/../../../../arm-none-eabi/lib/armv7e-m/fpu/libm.a(lib_a-s_lib_ver.o)
                0x000000002000083c                __fdlib_version
 *fill*         0x000000002000083d        0x3 
 .data.impure_data
                0x0000000020000840      0x428 /opt/homebrew-cask/Caskroom/gcc-arm-embedded/5_2-2015q4,20151219/gcc-arm-none-eabi-5_2-2015q4/bin/../lib/gcc/arm-none-eabi/5.2.1/../../../../arm-none-eabi/lib/armv7e-m/fpu/libg.a(lib_a-impure.o)
 .data._impure_ptr
                0x0000000020000c68        0x4 /opt/homebrew-cask/Caskroom/gcc-arm-embedded/5_2-2015q4,20151219/gcc-arm-none-eabi-5_2-2015q4/bin/../lib/gcc/arm-none-eabi/5.2.1/../../../../arm-none-eabi/lib/armv7e-m/fpu/libg.a(lib_a-impure.o)
                0x0000000020000c68                _impure_ptr
 *(.ramtext)
                0x0000000020000c6c                . = ALIGN (0x4)
                [!provide]                        PROVIDE (_edata, .)
                0x0000000020000c6c                _data_end = .

.igot.plt       0x0000000020000c6c        0x0 load address 0x0000000008008334
 .igot.plt      0x0000000020000c6c        0x0 build/obj/crt0_v7m.o

.bss            0x0000000020000c70      0xf90 load address 0x0000000008008334
                0x0000000020000c70                . = ALIGN (0x4)
                0x0000000020000c70                _bss_start = .
 *(.bss)
 *(.bss.*)
 .bss.ch        0x0000000020000c70      0x258 build/obj/chschd.o
                0x0000000020000c70                ch
 .bss.endmem    0x0000000020000ec8        0x4 build/obj/chmemcore.o
 .bss.nextmem   0x0000000020000ecc        0x4 build/obj/chmemcore.o
 .bss.default_heap
                0x0000000020000ed0       0x20 build/obj/chheap.o
 .bss.dma_isr_redir
                0x0000000020000ef0       0x80 build/obj/stm32_dma.o
 .bss.dma_streams_mask
                0x0000000020000f70        0x4 build/obj/stm32_dma.o
 .bss.ADCD1     0x0000000020000f74       0x34 build/obj/adc_lld.o
                0x0000000020000f74                ADCD1
 .bss.ADCD2     0x0000000020000fa8       0x34 build/obj/adc_lld.o
                0x0000000020000fa8                ADCD2
 .bss.ADCD3     0x0000000020000fdc       0x34 build/obj/adc_lld.o
                0x0000000020000fdc                ADCD3
 .bss.EXTD1     0x0000000020001010        0x8 build/obj/ext_lld.o
                0x0000000020001010                EXTD1
 .bss.I2CD1     0x0000000020001018       0x38 build/obj/i2c_lld.o
                0x0000000020001018                I2CD1
 .bss.USBD1     0x0000000020001050      0x280 build/obj/usb_lld.o
                0x0000000020001050                USBD1
 .bss.ep0_state
                0x00000000200012d0       0x10 build/obj/usb_lld.o
 .bss.ep0setup_buffer
                0x00000000200012e0        0x8 build/obj/usb_lld.o
 .bss.dummytx   0x00000000200012e8        0x2 build/obj/spi_lld.o
 *fill*         0x00000000200012ea        0x2 
 .bss.SPID1     0x00000000200012ec       0x30 build/obj/spi_lld.o
                0x00000000200012ec                SPID1
 .bss.dummyrx   0x000000002000131c        0x2 build/obj/spi_lld.o
 *fill*         0x000000002000131e        0x2 
 .bss.PWMD5     0x0000000020001320       0x1c build/obj/pwm_lld.o
                0x0000000020001320                PWMD5
 .bss._ZL10ep2instate
                0x000000002000133c       0x10 build/obj/comm_usb.o
 .bss.SDU1      0x000000002000134c      0x488 build/obj/comm_usb.o
                0x000000002000134c                SDU1
 .bss._ZL11ep1outstate
                0x00000000200017d4       0x10 build/obj/comm_usb.o
 .bss._ZL10ep1instate
                0x00000000200017e4       0x10 build/obj/comm_usb.o
 .bss._ZL11gamma_table
                0x00000000200017f4      0x100 build/obj/ws2812b.o
 .bss._ZL7RGBdata
                0x00000000200018f4       0x14 build/obj/ws2812b.o
 .bss._ZL9bitbuffer
                0x0000000020001908      0x154 build/obj/ws2812b.o
 .bss.nrf24l01  0x0000000020001a5c      0x128 build/obj/nrf24l01.o
                0x0000000020001a5c                nrf24l01
 *fill*         0x0000000020001b84        0x4 
 .bss.orientation
                0x0000000020001b88       0x18 build/obj/controller.o
                0x0000000020001b88                orientation
 .bss.i_gains   0x0000000020001ba0       0x18 build/obj/controller.o
                0x0000000020001ba0                i_gains
 .bss.p_gains   0x0000000020001bb8       0x18 build/obj/controller.o
                0x0000000020001bb8                p_gains
 .bss.rotation  0x0000000020001bd0       0x18 build/obj/controller.o
                0x0000000020001bd0                rotation
 .bss.d_gains   0x0000000020001be8       0x18 build/obj/controller.o
                0x0000000020001be8                d_gains
 *(COMMON)
                0x0000000020001c00                . = ALIGN (0x4)
                0x0000000020001c00                _bss_end = .
                [!provide]                        PROVIDE (end, .)

.ram0_init      0x0000000020001c00        0x0 load address 0x0000000008008334
                0x0000000020001c00                . = ALIGN (0x4)
                0x0000000008008334                __ram0_init_text__ = LOADADDR (.ram0_init)
                0x0000000020001c00                __ram0_init__ = .
 *(.ram0_init)
 *(.ram0_init.*)
                0x0000000020001c00                . = ALIGN (0x4)

.ram0           0x0000000020001c00        0x0 load address 0x0000000008008334
                0x0000000020001c00                . = ALIGN (0x4)
                0x0000000020001c00                __ram0_clear__ = .
 *(.ram0_clear)
 *(.ram0_clear.*)
                0x0000000020001c00                . = ALIGN (0x4)
                0x0000000020001c00                __ram0_noinit__ = .
 *(.ram0)
 *(.ram0.*)
                0x0000000020001c00                . = ALIGN (0x4)
                0x0000000020001c00                __ram0_free__ = .

.ram1_init      0x0000000020000000        0x0 load address 0x0000000008008334
                0x0000000020000000                . = ALIGN (0x4)
                0x0000000008008334                __ram1_init_text__ = LOADADDR (.ram1_init)
                0x0000000020000000                __ram1_init__ = .
 *(.ram1_init)
 *(.ram1_init.*)
                0x0000000020000000                . = ALIGN (0x4)

.ram1           0x0000000020000000        0x0 load address 0x0000000008008334
                0x0000000020000000                . = ALIGN (0x4)
                0x0000000020000000                __ram1_clear__ = .
 *(.ram1_clear)
 *(.ram1_clear.*)
                0x0000000020000000                . = ALIGN (0x4)
                0x0000000020000000                __ram1_noinit__ = .
 *(.ram1)
 *(.ram1.*)
                0x0000000020000000                . = ALIGN (0x4)
                0x0000000020000000                __ram1_free__ = .

.ram2_init      0x000000002001c000        0x0 load address 0x0000000008008334
                0x000000002001c000                . = ALIGN (0x4)
                0x0000000008008334                __ram2_init_text__ = LOADADDR (.ram2_init)
                0x000000002001c000                __ram2_init__ = .
 *(.ram2_init)
 *(.ram2_init.*)
                0x000000002001c000                . = ALIGN (0x4)

.ram2           0x000000002001c000        0x0 load address 0x0000000008008334
                0x000000002001c000                . = ALIGN (0x4)
                0x000000002001c000                __ram2_clear__ = .
 *(.ram2_clear)
 *(.ram2_clear.*)
                0x000000002001c000                . = ALIGN (0x4)
                0x000000002001c000                __ram2_noinit__ = .
 *(.ram2)
 *(.ram2.*)
                0x000000002001c000                . = ALIGN (0x4)
                0x000000002001c000                __ram2_free__ = .

.ram3_init      0x0000000000000000        0x0 load address 0x0000000008008334
                0x0000000000000000                . = ALIGN (0x4)
                0x0000000008008334                __ram3_init_text__ = LOADADDR (.ram3_init)
                0x0000000000000000                __ram3_init__ = .
 *(.ram3_init)
 *(.ram3_init.*)
                0x0000000000000000                . = ALIGN (0x4)

.ram3           0x0000000000000000        0x0 load address 0x0000000008008334
                0x0000000000000000                . = ALIGN (0x4)
                0x0000000000000000                __ram3_clear__ = .
 *(.ram3_clear)
 *(.ram3_clear.*)
                0x0000000000000000                . = ALIGN (0x4)
                0x0000000000000000                __ram3_noinit__ = .
 *(.ram3)
 *(.ram3.*)
                0x0000000000000000                . = ALIGN (0x4)
                0x0000000000000000                __ram3_free__ = .

.ram4_init      0x0000000000000000        0x0 load address 0x0000000008008334
                0x0000000000000000                . = ALIGN (0x4)
                0x0000000008008334                __ram4_init_text__ = LOADADDR (.ram4_init)
                0x0000000000000000                __ram4_init__ = .
 *(.ram4_init)
 *(.ram4_init.*)
                0x0000000000000000                . = ALIGN (0x4)

.ram4           0x0000000000000000        0x0 load address 0x0000000008008334
                0x0000000000000000                . = ALIGN (0x4)
                0x0000000000000000                __ram4_clear__ = .
 *(.ram4_clear)
 *(.ram4_clear.*)
                0x0000000000000000                . = ALIGN (0x4)
                0x0000000000000000                __ram4_noinit__ = .
 *(.ram4)
 *(.ram4.*)
                0x0000000000000000                . = ALIGN (0x4)
                0x0000000000000000                __ram4_free__ = .

.ram5_init      0x0000000000000000        0x0 load address 0x0000000008008334
                0x0000000000000000                . = ALIGN (0x4)
                0x0000000008008334                __ram5_init_text__ = LOADADDR (.ram5_init)
                0x0000000000000000                __ram5_init__ = .
 *(.ram5_init)
 *(.ram5_init.*)
                0x0000000000000000                . = ALIGN (0x4)

.ram5           0x0000000000000000        0x0 load address 0x0000000008008334
                0x0000000000000000                . = ALIGN (0x4)
                0x0000000000000000                __ram5_clear__ = .
 *(.ram5_clear)
 *(.ram5_clear.*)
                0x0000000000000000                . = ALIGN (0x4)
                0x0000000000000000                __ram5_noinit__ = .
 *(.ram5)
 *(.ram5.*)
                0x0000000000000000                . = ALIGN (0x4)
                0x0000000000000000                __ram5_free__ = .

.ram6_init      0x0000000000000000        0x0 load address 0x0000000008008334
                0x0000000000000000                . = ALIGN (0x4)
                0x0000000008008334                __ram6_init_text__ = LOADADDR (.ram6_init)
                0x0000000000000000                __ram6_init__ = .
 *(.ram6_init)
 *(.ram6_init.*)
                0x0000000000000000                . = ALIGN (0x4)

.ram6           0x0000000000000000        0x0 load address 0x0000000008008334
                0x0000000000000000                . = ALIGN (0x4)
                0x0000000000000000                __ram6_clear__ = .
 *(.ram6_clear)
 *(.ram6_clear.*)
                0x0000000000000000                . = ALIGN (0x4)
                0x0000000000000000                __ram6_noinit__ = .
 *(.ram6)
 *(.ram6.*)
                0x0000000000000000                . = ALIGN (0x4)
                0x0000000000000000                __ram6_free__ = .

.ram7_init      0x0000000000000000        0x0 load address 0x0000000008008334
                0x0000000000000000                . = ALIGN (0x4)
                0x0000000008008334                __ram7_init_text__ = LOADADDR (.ram7_init)
                0x0000000000000000                __ram7_init__ = .
 *(.ram7_init)
 *(.ram7_init.*)
                0x0000000000000000                . = ALIGN (0x4)

.ram7           0x0000000000000000        0x0 load address 0x0000000008008334
                0x0000000000000000                . = ALIGN (0x4)
                0x0000000000000000                __ram7_clear__ = .
 *(.ram7_clear)
 *(.ram7_clear.*)
                0x0000000000000000                . = ALIGN (0x4)
                0x0000000000000000                __ram7_noinit__ = .
 *(.ram7)
 *(.ram7.*)
                0x0000000000000000                . = ALIGN (0x4)
                0x0000000000000000                __ram7_free__ = .

.heap           0x0000000020001c00    0x1e400
                0x0000000020001c00                . = ALIGN (0x8)
                0x0000000020001c00                __heap_base__ = .
                0x0000000020020000                . = (ORIGIN (HEAP_RAM) + LENGTH (HEAP_RAM))
 *fill*         0x0000000020001c00    0x1e400 
                0x0000000020020000                __heap_end__ = .
                0x0000000000000400                __process_stack_size__ = 0x400
                0x0000000000000400                __main_stack_size__ = 0x400
LOAD /opt/homebrew-cask/Caskroom/gcc-arm-embedded/5_2-2015q4,20151219/gcc-arm-none-eabi-5_2-2015q4/bin/../lib/gcc/arm-none-eabi/5.2.1/../../../../arm-none-eabi/lib/armv7e-m/fpu/libstdc++.a
LOAD /opt/homebrew-cask/Caskroom/gcc-arm-embedded/5_2-2015q4,20151219/gcc-arm-none-eabi-5_2-2015q4/bin/../lib/gcc/arm-none-eabi/5.2.1/../../../../arm-none-eabi/lib/armv7e-m/fpu/libm.a
START GROUP
LOAD /opt/homebrew-cask/Caskroom/gcc-arm-embedded/5_2-2015q4,20151219/gcc-arm-none-eabi-5_2-2015q4/bin/../lib/gcc/arm-none-eabi/5.2.1/armv7e-m/fpu/libgcc.a
LOAD /opt/homebrew-cask/Caskroom/gcc-arm-embedded/5_2-2015q4,20151219/gcc-arm-none-eabi-5_2-2015q4/bin/../lib/gcc/arm-none-eabi/5.2.1/../../../../arm-none-eabi/lib/armv7e-m/fpu/libg.a
LOAD /opt/homebrew-cask/Caskroom/gcc-arm-embedded/5_2-2015q4,20151219/gcc-arm-none-eabi-5_2-2015q4/bin/../lib/gcc/arm-none-eabi/5.2.1/../../../../arm-none-eabi/lib/armv7e-m/fpu/libc.a
END GROUP
OUTPUT(build/Quadrotor.elf elf32-littlearm)

.ARM.attributes
                0x0000000000000000       0x35
 .ARM.attributes
                0x0000000000000000       0x25 build/obj/crt0_v7m.o
 .ARM.attributes
                0x0000000000000025       0x25 build/obj/chcoreasm_v7m.o
 .ARM.attributes
                0x000000000000004a       0x39 build/obj/crt1.o
 .ARM.attributes
                0x0000000000000083       0x39 build/obj/vectors.o
 .ARM.attributes
                0x00000000000000bc       0x39 build/obj/chsys.o
 .ARM.attributes
                0x00000000000000f5       0x39 build/obj/chvt.o
 .ARM.attributes
                0x000000000000012e       0x39 build/obj/chschd.o
 .ARM.attributes
                0x0000000000000167       0x39 build/obj/chthreads.o
 .ARM.attributes
                0x00000000000001a0       0x39 build/obj/chtm.o
 .ARM.attributes
                0x00000000000001d9       0x39 build/obj/chregistry.o
 .ARM.attributes
                0x0000000000000212       0x39 build/obj/chmtx.o
 .ARM.attributes
                0x000000000000024b       0x39 build/obj/chevents.o
 .ARM.attributes
                0x0000000000000284       0x39 build/obj/chmemcore.o
 .ARM.attributes
                0x00000000000002bd       0x39 build/obj/chheap.o
 .ARM.attributes
                0x00000000000002f6       0x39 build/obj/chcore_v7m.o
 .ARM.attributes
                0x000000000000032f       0x39 build/obj/hal.o
 .ARM.attributes
                0x0000000000000368       0x39 build/obj/st.o
 .ARM.attributes
                0x00000000000003a1       0x39 build/obj/hal_buffers.o
 .ARM.attributes
                0x00000000000003da       0x39 build/obj/adc.o
 .ARM.attributes
                0x0000000000000413       0x39 build/obj/ext.o