Archive member included because of file (symbol)

/usr/local/Cellar/gcc-arm-none-eabi-49/20150609/bin/../lib/gcc/arm-none-eabi/4.9.3/../../../../arm-none-eabi/lib/armv7e-m/fpu/libm.a(lib_a-sf_round.o)
                              build/obj/ws2812b.o (roundf)
/usr/local/Cellar/gcc-arm-none-eabi-49/20150609/bin/../lib/gcc/arm-none-eabi/4.9.3/../../../../arm-none-eabi/lib/armv7e-m/fpu/libm.a(lib_a-wf_pow.o)
                              build/obj/ws2812b.o (powf)
/usr/local/Cellar/gcc-arm-none-eabi-49/20150609/bin/../lib/gcc/arm-none-eabi/4.9.3/../../../../arm-none-eabi/lib/armv7e-m/fpu/libm.a(lib_a-ef_pow.o)
                              /usr/local/Cellar/gcc-arm-none-eabi-49/20150609/bin/../lib/gcc/arm-none-eabi/4.9.3/../../../../arm-none-eabi/lib/armv7e-m/fpu/libm.a(lib_a-wf_pow.o) (__ieee754_powf)
/usr/local/Cellar/gcc-arm-none-eabi-49/20150609/bin/../lib/gcc/arm-none-eabi/4.9.3/../../../../arm-none-eabi/lib/armv7e-m/fpu/libm.a(lib_a-ef_sqrt.o)
                              /usr/local/Cellar/gcc-arm-none-eabi-49/20150609/bin/../lib/gcc/arm-none-eabi/4.9.3/../../../../arm-none-eabi/lib/armv7e-m/fpu/libm.a(lib_a-ef_pow.o) (__ieee754_sqrtf)
/usr/local/Cellar/gcc-arm-none-eabi-49/20150609/bin/../lib/gcc/arm-none-eabi/4.9.3/../../../../arm-none-eabi/lib/armv7e-m/fpu/libm.a(lib_a-s_lib_ver.o)
                              /usr/local/Cellar/gcc-arm-none-eabi-49/20150609/bin/../lib/gcc/arm-none-eabi/4.9.3/../../../../arm-none-eabi/lib/armv7e-m/fpu/libm.a(lib_a-wf_pow.o) (__fdlib_version)
/usr/local/Cellar/gcc-arm-none-eabi-49/20150609/bin/../lib/gcc/arm-none-eabi/4.9.3/../../../../arm-none-eabi/lib/armv7e-m/fpu/libm.a(lib_a-s_matherr.o)
                              /usr/local/Cellar/gcc-arm-none-eabi-49/20150609/bin/../lib/gcc/arm-none-eabi/4.9.3/../../../../arm-none-eabi/lib/armv7e-m/fpu/libm.a(lib_a-wf_pow.o) (matherr)
/usr/local/Cellar/gcc-arm-none-eabi-49/20150609/bin/../lib/gcc/arm-none-eabi/4.9.3/../../../../arm-none-eabi/lib/armv7e-m/fpu/libm.a(lib_a-s_rint.o)
                              /usr/local/Cellar/gcc-arm-none-eabi-49/20150609/bin/../lib/gcc/arm-none-eabi/4.9.3/../../../../arm-none-eabi/lib/armv7e-m/fpu/libm.a(lib_a-wf_pow.o) (rint)
/usr/local/Cellar/gcc-arm-none-eabi-49/20150609/bin/../lib/gcc/arm-none-eabi/4.9.3/../../../../arm-none-eabi/lib/armv7e-m/fpu/libm.a(lib_a-sf_fabs.o)
                              /usr/local/Cellar/gcc-arm-none-eabi-49/20150609/bin/../lib/gcc/arm-none-eabi/4.9.3/../../../../arm-none-eabi/lib/armv7e-m/fpu/libm.a(lib_a-ef_pow.o) (fabsf)
/usr/local/Cellar/gcc-arm-none-eabi-49/20150609/bin/../lib/gcc/arm-none-eabi/4.9.3/../../../../arm-none-eabi/lib/armv7e-m/fpu/libm.a(lib_a-sf_finite.o)
                              /usr/local/Cellar/gcc-arm-none-eabi-49/20150609/bin/../lib/gcc/arm-none-eabi/4.9.3/../../../../arm-none-eabi/lib/armv7e-m/fpu/libm.a(lib_a-wf_pow.o) (finitef)
/usr/local/Cellar/gcc-arm-none-eabi-49/20150609/bin/../lib/gcc/arm-none-eabi/4.9.3/../../../../arm-none-eabi/lib/armv7e-m/fpu/libm.a(lib_a-sf_fpclassify.o)
                              /usr/local/Cellar/gcc-arm-none-eabi-49/20150609/bin/../lib/gcc/arm-none-eabi/4.9.3/../../../../arm-none-eabi/lib/armv7e-m/fpu/libm.a(lib_a-wf_pow.o) (__fpclassifyf)
/usr/local/Cellar/gcc-arm-none-eabi-49/20150609/bin/../lib/gcc/arm-none-eabi/4.9.3/../../../../arm-none-eabi/lib/armv7e-m/fpu/libm.a(lib_a-sf_nan.o)
                              /usr/local/Cellar/gcc-arm-none-eabi-49/20150609/bin/../lib/gcc/arm-none-eabi/4.9.3/../../../../arm-none-eabi/lib/armv7e-m/fpu/libm.a(lib_a-ef_pow.o) (nanf)
/usr/local/Cellar/gcc-arm-none-eabi-49/20150609/bin/../lib/gcc/arm-none-eabi/4.9.3/../../../../arm-none-eabi/lib/armv7e-m/fpu/libm.a(lib_a-sf_scalbn.o)
                              /usr/local/Cellar/gcc-arm-none-eabi-49/20150609/bin/../lib/gcc/arm-none-eabi/4.9.3/../../../../arm-none-eabi/lib/armv7e-m/fpu/libm.a(lib_a-ef_pow.o) (scalbnf)
/usr/local/Cellar/gcc-arm-none-eabi-49/20150609/bin/../lib/gcc/arm-none-eabi/4.9.3/../../../../arm-none-eabi/lib/armv7e-m/fpu/libm.a(lib_a-sf_copysign.o)
                              /usr/local/Cellar/gcc-arm-none-eabi-49/20150609/bin/../lib/gcc/arm-none-eabi/4.9.3/../../../../arm-none-eabi/lib/armv7e-m/fpu/libm.a(lib_a-sf_scalbn.o) (copysignf)
/usr/local/Cellar/gcc-arm-none-eabi-49/20150609/bin/../lib/gcc/arm-none-eabi/4.9.3/armv7e-m/fpu/libgcc.a(_arm_addsubdf3.o)
                              build/obj/chprintf.o (__aeabi_dsub)
/usr/local/Cellar/gcc-arm-none-eabi-49/20150609/bin/../lib/gcc/arm-none-eabi/4.9.3/armv7e-m/fpu/libgcc.a(_arm_muldivdf3.o)
                              build/obj/chprintf.o (__aeabi_dmul)
/usr/local/Cellar/gcc-arm-none-eabi-49/20150609/bin/../lib/gcc/arm-none-eabi/4.9.3/armv7e-m/fpu/libgcc.a(_arm_cmpdf2.o)
                              /usr/local/Cellar/gcc-arm-none-eabi-49/20150609/bin/../lib/gcc/arm-none-eabi/4.9.3/../../../../arm-none-eabi/lib/armv7e-m/fpu/libm.a(lib_a-wf_pow.o) (__aeabi_dcmpeq)
[...]
Memory Configuration

Name             Origin             Length             Attributes
flash            0x0000000008000000 0x0000000000080000
ram0             0x0000000020000000 0x0000000000020000
ram1             0x0000000020000000 0x000000000001c000
ram2             0x000000002001c000 0x0000000000004000
ram3             0x0000000000000000 0x0000000000000000
ram4             0x0000000000000000 0x0000000000000000
ram5             0x0000000000000000 0x0000000000000000
ram6             0x0000000000000000 0x0000000000000000
ram7             0x0000000000000000 0x0000000000000000
*default*        0x0000000000000000 0xffffffffffffffff

Linker script and memory map

LOAD build/obj/crt0_v7m.o
LOAD build/obj/chcoreasm_v7m.o
LOAD build/obj/crt1.o
LOAD build/obj/vectors.o
LOAD build/obj/chsys.o
LOAD build/obj/chdebug.o
LOAD build/obj/chvt.o
LOAD build/obj/chschd.o
LOAD build/obj/chthreads.o
LOAD build/obj/chtm.o
LOAD build/obj/chdynamic.o
LOAD build/obj/chregistry.o
LOAD build/obj/chsem.o
LOAD build/obj/chmtx.o
LOAD build/obj/chcond.o
LOAD build/obj/chevents.o
LOAD build/obj/chmsg.o
LOAD build/obj/chmboxes.o
LOAD build/obj/chqueues.o
LOAD build/obj/chmemcore.o
LOAD build/obj/chheap.o
LOAD build/obj/chmempools.o
LOAD build/obj/chcore.o
LOAD build/obj/chcore_v7m.o
LOAD build/obj/osal.o
LOAD build/obj/hal.o
LOAD build/obj/st.o
LOAD build/obj/hal_buffers.o
LOAD build/obj/hal_queues.o
LOAD build/obj/hal_mmcsd.o
LOAD build/obj/adc.o
LOAD build/obj/ext.o
LOAD build/obj/i2c.o
LOAD build/obj/pal.o
LOAD build/obj/pwm.o
LOAD build/obj/serial_usb.o
LOAD build/obj/spi.o
LOAD build/obj/usb.o
LOAD build/obj/nvic.o
LOAD build/obj/hal_lld.o
LOAD build/obj/stm32_dma.o
LOAD build/obj/st_lld.o
LOAD build/obj/adc_lld.o
LOAD build/obj/ext_lld.o
LOAD build/obj/ext_lld_isr.o
LOAD build/obj/pal_lld.o
LOAD build/obj/i2c_lld.o
LOAD build/obj/usb_lld.o
LOAD build/obj/spi_lld.o
LOAD build/obj/pwm_lld.o
LOAD build/obj/board.o
LOAD build/obj/chprintf.o
LOAD build/obj/syscalls.o
LOAD build/obj/shell.o
LOAD build/obj/main.o
LOAD build/obj/comm_usb.o
LOAD build/obj/ws2812b.o
LOAD build/obj/bno055.o
LOAD build/obj/nrf24l01.o
LOAD build/obj/esc.o
LOAD build/obj/controller.o
LOAD build/obj/misc.o
LOAD build/obj/stm32f4xx_adc.o
LOAD build/obj/stm32f4xx_dma.o
LOAD build/obj/stm32f4xx_exti.o
LOAD build/obj/stm32f4xx_flash.o
LOAD build/obj/stm32f4xx_rcc.o
LOAD build/obj/stm32f4xx_rng.o
LOAD build/obj/stm32f4xx_syscfg.o
LOAD build/obj/stm32f4xx_tim.o
LOAD build/obj/stm32f4xx_wwdg.o
                0x0000000020000000                __ram0_start__ = ORIGIN (ram0)
                0x0000000000020000                __ram0_size__ = 0x20000
                0x0000000020020000                __ram0_end__ = (__ram0_start__ + __ram0_size__)
                0x0000000020000000                __ram1_start__ = ORIGIN (ram1)
                0x000000000001c000                __ram1_size__ = 0x1c000
                0x000000002001c000                __ram1_end__ = (__ram1_start__ + __ram1_size__)
                0x000000002001c000                __ram2_start__ = ORIGIN (ram2)
                0x0000000000004000                __ram2_size__ = 0x4000
                0x0000000020020000                __ram2_end__ = (__ram2_start__ + __ram2_size__)
                0x0000000000000000                __ram3_start__ = ORIGIN (ram3)
                0x0000000000000000                __ram3_size__ = 0x0
                0x0000000000000000                __ram3_end__ = (__ram3_start__ + __ram3_size__)
                0x0000000000000000                __ram4_start__ = ORIGIN (ram4)
                0x0000000000000000                __ram4_size__ = 0x0
                0x0000000000000000                __ram4_end__ = (__ram4_start__ + __ram4_size__)
                0x0000000000000000                __ram5_start__ = ORIGIN (ram5)
                0x0000000000000000                __ram5_size__ = 0x0
                0x0000000000000000                __ram5_end__ = (__ram5_start__ + __ram5_size__)
                0x0000000000000000                __ram6_start__ = ORIGIN (ram6)
                0x0000000000000000                __ram6_size__ = 0x0
                0x0000000000000000                __ram6_end__ = (__ram6_start__ + __ram6_size__)
                0x0000000000000000                __ram7_start__ = ORIGIN (ram7)
                0x0000000000000000                __ram7_size__ = 0x0
                0x0000000000000000                __ram7_end__ = (__ram7_start__ + __ram7_size__)
                0x0000000000000000                . = 0x0
                0x0000000000000000                _text = .

startup         0x0000000008000000      0x1c0
 *(.vectors)
 .vectors       0x0000000008000000      0x1c0 build/obj/vectors.o
                0x0000000008000000                _vectors

constructors    0x00000000080001c0        0x0
                0x00000000080001c0                __init_array_start = .
 *(SORT(.init_array.*))
 *(.init_array)
                0x00000000080001c0                __init_array_end = .

destructors     0x00000000080001c0        0x0
                0x00000000080001c0                __fini_array_start = .
 *(.fini_array)
 *(SORT(.fini_array.*))
                0x00000000080001c0                __fini_array_end = .

.text           0x00000000080001c0     0x7c44
 *(.text)
 .text          0x00000000080001c0      0x10c build/obj/crt0_v7m.o
                0x00000000080001c0                Reset_Handler
 *fill*         0x00000000080002cc        0x4 
 .text          0x00000000080002d0       0x30 build/obj/chcoreasm_v7m.o
                0x00000000080002d0                _port_switch
                0x00000000080002e8                _port_thread_start
                0x00000000080002f8                _port_switch_from_isr
                0x00000000080002fc                _port_exit_from_isr
 .text          0x0000000008000300      0x370 /usr/local/Cellar/gcc-arm-none-eabi-49/20150609/bin/../lib/gcc/arm-none-eabi/4.9.3/armv7e-m/fpu/libgcc.a(_arm_addsubdf3.o)
                0x0000000008000300                __aeabi_drsub
                0x0000000008000308                __subdf3
                0x0000000008000308                __aeabi_dsub
                0x000000000800030c                __aeabi_dadd
                0x000000000800030c                __adddf3
                0x0000000008000584                __aeabi_ui2d
                0x0000000008000584                __floatunsidf
                0x00000000080005a4                __floatsidf
                0x00000000080005a4                __aeabi_i2d
                0x00000000080005c8                __extendsfdf2
                0x00000000080005c8                __aeabi_f2d
                0x0000000008000604                __aeabi_ul2d
                0x0000000008000604                __floatundidf
                0x0000000008000614                __aeabi_l2d
                0x0000000008000614                __floatdidf
 .text          0x0000000008000670      0x424 /usr/local/Cellar/gcc-arm-none-eabi-49/20150609/bin/../lib/gcc/arm-none-eabi/4.9.3/armv7e-m/fpu/libgcc.a(_arm_muldivdf3.o)
                0x0000000008000670                __aeabi_dmul
                0x0000000008000670                __muldf3
                0x00000000080008c4                __aeabi_ddiv
                0x00000000080008c4                __divdf3
 *fill*         0x0000000008000a94        0xc 
 .text          0x0000000008000aa0      0x110 /usr/local/Cellar/gcc-arm-none-eabi-49/20150609/bin/../lib/gcc/arm-none-eabi/4.9.3/armv7e-m/fpu/libgcc.a(_arm_cmpdf2.o)
                0x0000000008000aa0                __gtdf2
                0x0000000008000aa0                __gedf2
                0x0000000008000aa8                __ltdf2
                0x0000000008000aa8                __ledf2
                0x0000000008000ab0                __eqdf2
                0x0000000008000ab0                __nedf2
                0x0000000008000ab0                __cmpdf2
                0x0000000008000b2c                __aeabi_cdrcmple
                0x0000000008000b3c                __aeabi_cdcmple
                0x0000000008000b3c                __aeabi_cdcmpeq
                0x0000000008000b4c                __aeabi_dcmpeq
                0x0000000008000b60                __aeabi_dcmplt
                0x0000000008000b74                __aeabi_dcmple
                0x0000000008000b88                __aeabi_dcmpge
                0x0000000008000b9c                __aeabi_dcmpgt
 .text          0x0000000008000bb0       0x50 /usr/local/Cellar/gcc-arm-none-eabi-49/20150609/bin/../lib/gcc/arm-none-eabi/4.9.3/armv7e-m/fpu/libgcc.a(_arm_fixdfsi.o)
                0x0000000008000bb0                __fixdfsi
                0x0000000008000bb0                __aeabi_d2iz
 .text          0x0000000008000c00       0x40 /usr/local/Cellar/gcc-arm-none-eabi-49/20150609/bin/../lib/gcc/arm-none-eabi/4.9.3/armv7e-m/fpu/libgcc.a(_arm_fixunsdfsi.o)
                0x0000000008000c00                __fixunsdfsi
                0x0000000008000c00                __aeabi_d2uiz
 .text          0x0000000008000c40       0xa0 /usr/local/Cellar/gcc-arm-none-eabi-49/20150609/bin/../lib/gcc/arm-none-eabi/4.9.3/armv7e-m/fpu/libgcc.a(_arm_truncdfsf2.o)
                0x0000000008000c40                __aeabi_d2f
                0x0000000008000c40                __truncdfsf2
 .text          0x0000000008000ce0      0x134 /usr/local/Cellar/gcc-arm-none-eabi-49/20150609/bin/../lib/gcc/arm-none-eabi/4.9.3/../../../../arm-none-eabi/lib/armv7e-m/fpu/libg.a(lib_a-memcpy.o)
                0x0000000008000ce0                memcpy
 *(.text.*)
 *fill*         0x0000000008000e14        0xc 
 .text.__core_init
                0x0000000008000e20        0x4 build/obj/crt1.o
                0x0000000008000e20                __core_init
 *fill*         0x0000000008000e24        0xc 
 .text.__late_init
                0x0000000008000e30        0x4 build/obj/crt1.o
                0x0000000008000e30                __late_init
 *fill*         0x0000000008000e34        0xc 
 .text.__default_exit
                0x0000000008000e40        0x4 build/obj/crt1.o
                0x0000000008000e40                __default_exit
 *fill*         0x0000000008000e44        0xc 
 .text.__init_ram_areas
                0x0000000008000e50       0x4c build/obj/crt1.o
                0x0000000008000e50                __init_ram_areas
 *fill*         0x0000000008000e9c        0x4 
 .text._unhandled_exception
                0x0000000008000ea0        0x4 build/obj/vectors.o
                0x0000000008000ea0                Vector174
                0x0000000008000ea0                DebugMon_Handler
                0x0000000008000ea0                Vector1A0
                0x0000000008000ea0                Vector11C
                0x0000000008000ea0                HardFault_Handler
                0x0000000008000ea0                Vector1B8
                0x0000000008000ea0                Vector19C
                0x0000000008000ea0                Vector8C
                0x0000000008000ea0                VectorDC
                0x0000000008000ea0                PendSV_Handler
                0x0000000008000ea0                Vector168
                0x0000000008000ea0                NMI_Handler
                0x0000000008000ea0                Vector110
                0x0000000008000ea0                VectorC8
                0x0000000008000ea0                Vector94
                0x0000000008000ea0                VectorA8
                0x0000000008000ea0                VectorB4
                0x0000000008000ea0                Vector160
                0x0000000008000ea0                Vector1B0
                0x0000000008000ea0                UsageFault_Handler
                0x0000000008000ea0                VectorEC
                0x0000000008000ea0                Vector40
                0x0000000008000ea0                VectorF8
                0x0000000008000ea0                Vector190
                0x0000000008000ea0                Vector148
                0x0000000008000ea0                Vector188
                0x0000000008000ea0                Vector198
                0x0000000008000ea0                Vector118
                0x0000000008000ea0                VectorCC
                0x0000000008000ea0                Vector54
                0x0000000008000ea0                Vector98
                0x0000000008000ea0                VectorD8
                0x0000000008000ea0                Vector138
                0x0000000008000ea0                Vector24
                0x0000000008000ea0                Vector1AC
                0x0000000008000ea0                Vector178
                0x0000000008000ea0                Vector1A4
                0x0000000008000ea0                VectorD0
                0x0000000008000ea0                Vector1B4
                0x0000000008000ea0                Vector140
                0x0000000008000ea0                Vector134
                0x0000000008000ea0                VectorF0
                0x0000000008000ea0                Vector13C
                0x0000000008000ea0                Vector100
                0x0000000008000ea0                VectorF4
                0x0000000008000ea0                MemManage_Handler
                0x0000000008000ea0                VectorA0
                0x0000000008000ea0                VectorC4
                0x0000000008000ea0                Vector180
                0x0000000008000ea0                VectorB0
                0x0000000008000ea0                Vector90
                0x0000000008000ea0                Vector114
                0x0000000008000ea0                Vector164
                0x0000000008000ea0                Vector1C
                0x0000000008000ea0                Vector1BC
                0x0000000008000ea0                Vector17C
                0x0000000008000ea0                Vector1A8
                0x0000000008000ea0                Vector16C
                0x0000000008000ea0                VectorD4
                0x0000000008000ea0                Vector144
                0x0000000008000ea0                Vector15C
                0x0000000008000ea0                _unhandled_exception
                0x0000000008000ea0                Vector104
                0x0000000008000ea0                Vector184
                0x0000000008000ea0                Vector10C
                0x0000000008000ea0                BusFault_Handler
                0x0000000008000ea0                Vector50
                0x0000000008000ea0                Vector194
                0x0000000008000ea0                Vector28
                0x0000000008000ea0                VectorB8
                0x0000000008000ea0                Vector34
                0x0000000008000ea0                VectorA4
                0x0000000008000ea0                Vector20
                0x0000000008000ea0                Vector18C
                0x0000000008000ea0                VectorAC
 *fill*         0x0000000008000ea4        0xc 
 .text._idle_thread
                0x0000000008000eb0        0x4 build/obj/chsys.o
 *fill*         0x0000000008000eb4        0xc 
 .text.chSysInit
                0x0000000008000ec0       0xa4 build/obj/chsys.o
                0x0000000008000ec0                chSysInit
 *fill*         0x0000000008000f64        0xc 
 .text.chSysHalt
                0x0000000008000f70        0xc build/obj/chsys.o
                0x0000000008000f70                chSysHalt
 *fill*         0x0000000008000f7c        0x4 
 .text.chSysTimerHandlerI
                0x0000000008000f80       0x58 build/obj/chsys.o
                0x0000000008000f80                chSysTimerHandlerI
 *fill*         0x0000000008000fd8        0x8 
 .text.chSysPolledDelayX
                0x0000000008000fe0       0x14 build/obj/chsys.o
                0x0000000008000fe0                chSysPolledDelayX
 *fill*         0x0000000008000ff4        0xc 
 .text._vt_init
                0x0000000008001000       0x1c build/obj/chvt.o
                0x0000000008001000                _vt_init
 *fill*         0x000000000800101c        0x4 
 .text.chVTDoSetI
                0x0000000008001020       0x3c build/obj/chvt.o
                0x0000000008001020                chVTDoSetI
 *fill*         0x000000000800105c        0x4 
 .text.chVTDoResetI
                0x0000000008001060       0x28 build/obj/chvt.o
                0x0000000008001060                chVTDoResetI
 *fill*         0x0000000008001088        0x8 
 .text.wakeup   0x0000000008001090       0x70 build/obj/chschd.o
 .text._scheduler_init
                0x0000000008001100       0x14 build/obj/chschd.o
                0x0000000008001100                _scheduler_init
 *fill*         0x0000000008001114        0xc 
 .text.chSchReadyI
                0x0000000008001120       0x2c build/obj/chschd.o
                0x0000000008001120                chSchReadyI
 *fill*         0x000000000800114c        0x4 
 .text.chSchGoSleepS
                0x0000000008001150       0x28 build/obj/chschd.o
                0x0000000008001150                chSchGoSleepS
 *fill*         0x0000000008001178        0x8 
 .text.chSchGoSleepTimeoutS
                0x0000000008001180       0x44 build/obj/chschd.o
                0x0000000008001180                chSchGoSleepTimeoutS
 *fill*         0x00000000080011c4        0xc 
 .text.chSchWakeupS
                0x00000000080011d0       0x58 build/obj/chschd.o
                0x00000000080011d0                chSchWakeupS
 *fill*         0x0000000008001228        0x8 
 .text.chSchIsPreemptionRequired
                0x0000000008001230       0x28 build/obj/chschd.o
                0x0000000008001230                chSchIsPreemptionRequired
 *fill*         0x0000000008001258        0x8 
 .text.chSchDoRescheduleBehind
                0x0000000008001260       0x40 build/obj/chschd.o
                0x0000000008001260                chSchDoRescheduleBehind
 .text.chSchDoRescheduleAhead
                0x00000000080012a0       0x3c build/obj/chschd.o
                0x00000000080012a0                chSchDoRescheduleAhead
 *fill*         0x00000000080012dc        0x4 
 .text.chSchRescheduleS
                0x00000000080012e0       0x18 build/obj/chschd.o
                0x00000000080012e0                chSchRescheduleS
 *fill*         0x00000000080012f8        0x8 
 .text.chSchDoReschedule
                0x0000000008001300       0x14 build/obj/chschd.o
                0x0000000008001300                chSchDoReschedule
 *fill*         0x0000000008001314        0xc 
 .text._thread_init
                0x0000000008001320       0x50 build/obj/chthreads.o
                0x0000000008001320                _thread_init
 .text.chThdCreateI
                0x0000000008001370       0x70 build/obj/chthreads.o
                0x0000000008001370                chThdCreateI
 .text.chThdCreateStatic
                0x00000000080013e0       0x80 build/obj/chthreads.o
                0x00000000080013e0                chThdCreateStatic
 .text.chThdSleep
                0x0000000008001460       0x18 build/obj/chthreads.o
                0x0000000008001460                chThdSleep
 *fill*         0x0000000008001478        0x8 
 .text.chThdExitS
                0x0000000008001480       0x40 build/obj/chthreads.o
                0x0000000008001480                chThdExitS
 .text.chThdExit
                0x00000000080014c0        0xc build/obj/chthreads.o
                0x00000000080014c0                chThdExit
 *fill*         0x00000000080014cc        0x4 
 .text.chThdSuspendS
                0x00000000080014d0       0x1c build/obj/chthreads.o
                0x00000000080014d0                chThdSuspendS
 *fill*         0x00000000080014ec        0x4 
 .text.chThdSuspendTimeoutS
                0x00000000080014f0       0x1c build/obj/chthreads.o
                0x00000000080014f0                chThdSuspendTimeoutS
 *fill*         0x000000000800150c        0x4 
 .text.chThdResumeI
                0x0000000008001510       0x14 build/obj/chthreads.o
                0x0000000008001510                chThdResumeI
 *fill*         0x0000000008001524        0xc 
 .text.chThdEnqueueTimeoutS
                0x0000000008001530       0x28 build/obj/chthreads.o
                0x0000000008001530                chThdEnqueueTimeoutS
 *fill*         0x0000000008001558        0x8 
 .text.chThdDequeueNextI
                0x0000000008001560       0x20 build/obj/chthreads.o
                0x0000000008001560                chThdDequeueNextI
 .text.chThdDequeueAllI
                0x0000000008001580       0x24 build/obj/chthreads.o
                0x0000000008001580                chThdDequeueAllI
 *fill*         0x00000000080015a4        0xc 
 .text.chTMStartMeasurementX
                0x00000000080015b0        0xc build/obj/chtm.o
                0x00000000080015b0                chTMStartMeasurementX
 *fill*         0x00000000080015bc        0x4 
 .text.chTMStopMeasurementX
                0x00000000080015c0       0x44 build/obj/chtm.o
                0x00000000080015c0                chTMStopMeasurementX
 *fill*         0x0000000008001604        0xc 
 .text._tm_init
                0x0000000008001610       0x38 build/obj/chtm.o
                0x0000000008001610                _tm_init
 *fill*         0x0000000008001648        0x8 
 .text.chMtxObjectInit
                0x0000000008001650        0xc build/obj/chmtx.o
                0x0000000008001650                chMtxObjectInit
 *fill*         0x000000000800165c        0x4 
 .text.chMtxLockS
                0x0000000008001660       0xc8 build/obj/chmtx.o
                0x0000000008001660                chMtxLockS
 *fill*         0x0000000008001728        0x8 
 .text.chMtxLock
                0x0000000008001730       0x14 build/obj/chmtx.o
                0x0000000008001730                chMtxLock
 *fill*         0x0000000008001744        0xc 
 .text.chMtxUnlock
                0x0000000008001750       0x64 build/obj/chmtx.o
                0x0000000008001750                chMtxUnlock
 *fill*         0x00000000080017b4        0xc 
 .text.chEvtRegisterMaskWithFlags
                0x00000000080017c0       0x28 build/obj/chevents.o
                0x00000000080017c0                chEvtRegisterMaskWithFlags
 *fill*         0x00000000080017e8        0x8 
 .text.chEvtUnregister
                0x00000000080017f0       0x2c build/obj/chevents.o
                0x00000000080017f0                chEvtUnregister
 *fill*         0x000000000800181c        0x4 
 .text.chEvtSignalI
                0x0000000008001820       0x2c build/obj/chevents.o
                0x0000000008001820                chEvtSignalI
 *fill*         0x000000000800184c        0x4 
 .text.chEvtBroadcastFlagsI
                0x0000000008001850       0x2c build/obj/chevents.o
                0x0000000008001850                chEvtBroadcastFlagsI
 *fill*         0x000000000800187c        0x4 
 .text.chEvtBroadcastFlags
                0x0000000008001880       0x18 build/obj/chevents.o
                0x0000000008001880                chEvtBroadcastFlags
 *fill*         0x0000000008001898        0x8 
 .text.chEvtWaitOneTimeout
                0x00000000080018a0       0x50 build/obj/chevents.o
                0x00000000080018a0                chEvtWaitOneTimeout
 .text._core_init
                0x00000000080018f0       0x28 build/obj/chmemcore.o
                0x00000000080018f0                _core_init
 *fill*         0x0000000008001918        0x8 
 .text.chCoreAlloc
                0x0000000008001920       0x38 build/obj/chmemcore.o
                0x0000000008001920                chCoreAlloc
 *fill*         0x0000000008001958        0x8 
 .text._heap_init
                0x0000000008001960       0x1c build/obj/chheap.o
                0x0000000008001960                _heap_init
 *fill*         0x000000000800197c        0x4 
 .text.SVC_Handler
                0x0000000008001980       0x20 build/obj/chcore_v7m.o
                0x0000000008001980                SVC_Handler
 .text._port_irq_epilogue
                0x00000000080019a0       0x60 build/obj/chcore_v7m.o
                0x00000000080019a0                _port_irq_epilogue
 .text.halInit  0x0000000008001a00       0x38 build/obj/hal.o
                0x0000000008001a00                halInit
 *fill*         0x0000000008001a38        0x8 
 .text.stInit   0x0000000008001a40        0x4 build/obj/st.o
                0x0000000008001a40                stInit
 *fill*         0x0000000008001a44        0xc 
 .text.ibqObjectInit
                0x0000000008001a50       0x2c build/obj/hal_buffers.o
                0x0000000008001a50                ibqObjectInit
 *fill*         0x0000000008001a7c        0x4 
 .text.ibqResetI
                0x0000000008001a80       0x18 build/obj/hal_buffers.o
                0x0000000008001a80                ibqResetI
 *fill*         0x0000000008001a98        0x8 
 .text.ibqGetEmptyBufferI
                0x0000000008001aa0       0x18 build/obj/hal_buffers.o
                0x0000000008001aa0                ibqGetEmptyBufferI
 *fill*         0x0000000008001ab8        0x8 
 .text.ibqPostFullBufferI
                0x0000000008001ac0       0x28 build/obj/hal_buffers.o
                0x0000000008001ac0                ibqPostFullBufferI
 *fill*         0x0000000008001ae8        0x8 
 .text.ibqGetFullBufferTimeoutS
                0x0000000008001af0       0x2c build/obj/hal_buffers.o
                0x0000000008001af0                ibqGetFullBufferTimeoutS
 *fill*         0x0000000008001b1c        0x4 
 .text.ibqReleaseEmptyBufferS
                0x0000000008001b20       0x30 build/obj/hal_buffers.o
                0x0000000008001b20                ibqReleaseEmptyBufferS
 .text.ibqGetTimeout
                0x0000000008001b50       0x48 build/obj/hal_buffers.o
                0x0000000008001b50                ibqGetTimeout
 *fill*         0x0000000008001b98        0x8 
 .text.ibqReadTimeout
                0x0000000008001ba0      0x104 build/obj/hal_buffers.o
                0x0000000008001ba0                ibqReadTimeout
 *fill*         0x0000000008001ca4        0xc 
 .text.obqObjectInit
                0x0000000008001cb0       0x2c build/obj/hal_buffers.o
                0x0000000008001cb0                obqObjectInit
 *fill*         0x0000000008001cdc        0x4 
 .text.obqResetI
                0x0000000008001ce0       0x20 build/obj/hal_buffers.o
                0x0000000008001ce0                obqResetI
 .text.obqGetFullBufferI
                0x0000000008001d00       0x1c build/obj/hal_buffers.o
                0x0000000008001d00                obqGetFullBufferI
 *fill*         0x0000000008001d1c        0x4 
 .text.obqReleaseEmptyBufferI
                0x0000000008001d20       0x28 build/obj/hal_buffers.o
                0x0000000008001d20                obqReleaseEmptyBufferI
 *fill*         0x0000000008001d48        0x8 
 .text.obqGetEmptyBufferTimeoutS
                0x0000000008001d50       0x2c build/obj/hal_buffers.o
                0x0000000008001d50                obqGetEmptyBufferTimeoutS
 *fill*         0x0000000008001d7c        0x4 
 .text.obqPostFullBufferS
                0x0000000008001d80       0x2c build/obj/hal_buffers.o
                0x0000000008001d80                obqPostFullBufferS
 *fill*         0x0000000008001dac        0x4 
 .text.obqPutTimeout
                0x0000000008001db0       0x4c build/obj/hal_buffers.o
                0x0000000008001db0                obqPutTimeout
 *fill*         0x0000000008001dfc        0x4 
 .text.obqWriteTimeout
                0x0000000008001e00      0x100 build/obj/hal_buffers.o
                0x0000000008001e00                obqWriteTimeout
 .text.obqTryFlushI
                0x0000000008001f00       0x48 build/obj/hal_buffers.o
                0x0000000008001f00                obqTryFlushI
 *fill*         0x0000000008001f48        0x8 
 .text.adcInit  0x0000000008001f50        0x4 build/obj/adc.o
                0x0000000008001f50                adcInit
 *fill*         0x0000000008001f54        0xc 
 .text.adcObjectInit
                0x0000000008001f60       0x18 build/obj/adc.o
                0x0000000008001f60                adcObjectInit
 *fill*         0x0000000008001f78        0x8 
 .text.extInit  0x0000000008001f80        0x4 build/obj/ext.o
                0x0000000008001f80                extInit
 *fill*         0x0000000008001f84        0xc 
 .text.extObjectInit
                0x0000000008001f90        0xc build/obj/ext.o
                0x0000000008001f90                extObjectInit
 *fill*         0x0000000008001f9c        0x4 
 .text.extStart
                0x0000000008001fa0       0x1c build/obj/ext.o
                0x0000000008001fa0                extStart
 *fill*         0x0000000008001fbc        0x4 
 .text.extChannelEnable
                0x0000000008001fc0       0x14 build/obj/ext.o
                0x0000000008001fc0                extChannelEnable
 *fill*         0x0000000008001fd4        0xc 
 .text.i2cInit  0x0000000008001fe0        0x4 build/obj/i2c.o
                0x0000000008001fe0                i2cInit
 *fill*         0x0000000008001fe4        0xc 
 .text.i2cObjectInit
                0x0000000008001ff0       0x10 build/obj/i2c.o
                0x0000000008001ff0                i2cObjectInit
 .text.i2cStart
                0x0000000008002000       0x1c build/obj/i2c.o
                0x0000000008002000                i2cStart
 *fill*         0x000000000800201c        0x4 
 .text.i2cMasterTransmitTimeout
                0x0000000008002020       0x40 build/obj/i2c.o
                0x0000000008002020                i2cMasterTransmitTimeout
 .text.i2cAcquireBus
                0x0000000008002060        0x8 build/obj/i2c.o
                0x0000000008002060                i2cAcquireBus
 *fill*         0x0000000008002068        0x8 
 .text.i2cReleaseBus
                0x0000000008002070        0x8 build/obj/i2c.o
                0x0000000008002070                i2cReleaseBus
 *fill*         0x0000000008002078        0x8 
 .text.pwmInit  0x0000000008002080        0x4 build/obj/pwm.o
                0x0000000008002080                pwmInit
 *fill*         0x0000000008002084        0xc 
 .text.pwmObjectInit
                0x0000000008002090       0x10 build/obj/pwm.o
                0x0000000008002090                pwmObjectInit
 .text.pwmStart
                0x00000000080020a0       0x24 build/obj/pwm.o
                0x00000000080020a0                pwmStart
 *fill*         0x00000000080020c4        0xc 
 .text.pwmEnableChannel
                0x00000000080020d0       0x20 build/obj/pwm.o
                0x00000000080020d0                pwmEnableChannel
 .text.obnotify
                0x00000000080020f0       0x48 build/obj/serial_usb.o
 *fill*         0x0000000008002138        0x8 
 .text.ibnotify
                0x0000000008002140       0x48 build/obj/serial_usb.o
 *fill*         0x0000000008002188        0x8 
 .text.readt    0x0000000008002190       0x20 build/obj/serial_usb.o
 .text.writet   0x00000000080021b0       0x20 build/obj/serial_usb.o
 .text.gett     0x00000000080021d0       0x18 build/obj/serial_usb.o
 *fill*         0x00000000080021e8        0x8 
 .text.get      0x00000000080021f0       0x1c build/obj/serial_usb.o
 *fill*         0x000000000800220c        0x4 
 .text.putt     0x0000000008002210       0x18 build/obj/serial_usb.o
 *fill*         0x0000000008002228        0x8 
 .text.put      0x0000000008002230       0x1c build/obj/serial_usb.o
 *fill*         0x000000000800224c        0x4 
 .text.read     0x0000000008002250       0x1c build/obj/serial_usb.o
 *fill*         0x000000000800226c        0x4 
 .text.write    0x0000000008002270       0x1c build/obj/serial_usb.o
 *fill*         0x000000000800228c        0x4 
 .text.sduInit  0x0000000008002290        0x4 build/obj/serial_usb.o
                0x0000000008002290                sduInit
 *fill*         0x0000000008002294        0xc 
 .text.sduObjectInit
                0x00000000080022a0       0x54 build/obj/serial_usb.o
                0x00000000080022a0                sduObjectInit
 *fill*         0x00000000080022f4        0xc 
 .text.sduStart
                0x0000000008002300       0x34 build/obj/serial_usb.o
                0x0000000008002300                sduStart
 *fill*         0x0000000008002334        0xc 
 .text.sduDisconnectI
                0x0000000008002340       0x20 build/obj/serial_usb.o
                0x0000000008002340                sduDisconnectI
 .text.sduConfigureHookI
                0x0000000008002360       0x3c build/obj/serial_usb.o
                0x0000000008002360                sduConfigureHookI
 *fill*         0x000000000800239c        0x4 
 .text.sduRequestsHook
                0x00000000080023a0       0x40 build/obj/serial_usb.o
                0x00000000080023a0                sduRequestsHook
 .text.sduSOFHookI
                0x00000000080023e0       0x50 build/obj/serial_usb.o
                0x00000000080023e0                sduSOFHookI
 .text.sduDataTransmitted
                0x0000000008002430       0x84 build/obj/serial_usb.o
                0x0000000008002430                sduDataTransmitted
 *fill*         0x00000000080024b4        0xc 
 .text.sduDataReceived
                0x00000000080024c0       0x58 build/obj/serial_usb.o
                0x00000000080024c0                sduDataReceived
 *fill*         0x0000000008002518        0x8 
 .text.sduInterruptTransmitted
                0x0000000008002520        0x4 build/obj/serial_usb.o
                0x0000000008002520                sduInterruptTransmitted
 *fill*         0x0000000008002524        0xc 
 .text.spiInit  0x0000000008002530        0x4 build/obj/spi.o
                0x0000000008002530                spiInit
 *fill*         0x0000000008002534        0xc 
 .text.spiObjectInit
                0x0000000008002540       0x10 build/obj/spi.o
                0x0000000008002540                spiObjectInit
 .text.spiStart
                0x0000000008002550       0x1c build/obj/spi.o
                0x0000000008002550                spiStart
 *fill*         0x000000000800256c        0x4 
 .text.spiSelect
                0x0000000008002570       0x14 build/obj/spi.o
                0x0000000008002570                spiSelect
 *fill*         0x0000000008002584        0xc 
 .text.spiUnselect
                0x0000000008002590       0x14 build/obj/spi.o
                0x0000000008002590                spiUnselect
 *fill*         0x00000000080025a4        0xc 
 .text.spiExchange
                0x00000000080025b0       0x24 build/obj/spi.o
                0x00000000080025b0                spiExchange
 *fill*         0x00000000080025d4        0xc 
 .text.spiSend  0x00000000080025e0       0x24 build/obj/spi.o
                0x00000000080025e0                spiSend
 *fill*         0x0000000008002604        0xc 
 .text.spiReceive
                0x0000000008002610       0x24 build/obj/spi.o
                0x0000000008002610                spiReceive
 *fill*         0x0000000008002634        0xc 
 .text.usbInit  0x0000000008002640        0x4 build/obj/usb.o
                0x0000000008002640                usbInit
 *fill*         0x0000000008002644        0xc 
 .text.usbObjectInit
                0x0000000008002650       0x1c build/obj/usb.o
                0x0000000008002650                usbObjectInit
 *fill*         0x000000000800266c        0x4 
 .text.usbStart
                0x0000000008002670       0x24 build/obj/usb.o
                0x0000000008002670                usbStart
 *fill*         0x0000000008002694        0xc 
 .text.usbInitEndpointI
                0x00000000080026a0       0x34 build/obj/usb.o
                0x00000000080026a0                usbInitEndpointI
 *fill*         0x00000000080026d4        0xc 
 .text.usbStartReceiveI
                0x00000000080026e0       0x28 build/obj/usb.o
                0x00000000080026e0                usbStartReceiveI
 *fill*         0x0000000008002708        0x8 
 .text.usbStartTransmitI
                0x0000000008002710       0x28 build/obj/usb.o
                0x0000000008002710                usbStartTransmitI
 *fill*         0x0000000008002738        0x8 
 .text._usb_reset
                0x0000000008002740       0x3c build/obj/usb.o
                0x0000000008002740                _usb_reset
 *fill*         0x000000000800277c        0x4 
 .text._usb_suspend
                0x0000000008002780       0x10 build/obj/usb.o
                0x0000000008002780                _usb_suspend
 .text._usb_wakeup
                0x0000000008002790       0x10 build/obj/usb.o
                0x0000000008002790                _usb_wakeup
 .text._usb_ep0setup
                0x00000000080027a0      0x304 build/obj/usb.o
                0x00000000080027a0                _usb_ep0setup
 *fill*         0x0000000008002aa4        0xc 
 .text._usb_ep0in
                0x0000000008002ab0       0xa4 build/obj/usb.o
                0x0000000008002ab0                _usb_ep0in
 *fill*         0x0000000008002b54        0xc 
 .text._usb_ep0out
                0x0000000008002b60       0x78 build/obj/usb.o
                0x0000000008002b60                _usb_ep0out
 *fill*         0x0000000008002bd8        0x8 
 .text.nvicEnableVector
                0x0000000008002be0       0x34 build/obj/nvic.o
                0x0000000008002be0                nvicEnableVector
 *fill*         0x0000000008002c14        0xc 
 .text.nvicSetSystemHandlerPriority
                0x0000000008002c20       0x10 build/obj/nvic.o
                0x0000000008002c20                nvicSetSystemHandlerPriority
 .text.hal_lld_init
                0x0000000008002c30       0x68 build/obj/hal_lld.o
                0x0000000008002c30                hal_lld_init
 *fill*         0x0000000008002c98        0x8 
 .text.stm32_clock_init
                0x0000000008002ca0       0xc8 build/obj/hal_lld.o
                0x0000000008002ca0                stm32_clock_init
 *fill*         0x0000000008002d68        0x8 
 .text.Vector6C
                0x0000000008002d70       0x28 build/obj/stm32_dma.o
                0x0000000008002d70                Vector6C
 *fill*         0x0000000008002d98        0x8 
 .text.Vector70
                0x0000000008002da0       0x2c build/obj/stm32_dma.o
                0x0000000008002da0                Vector70
 *fill*         0x0000000008002dcc        0x4 
 .text.Vector74
                0x0000000008002dd0       0x2c build/obj/stm32_dma.o
                0x0000000008002dd0                Vector74
 *fill*         0x0000000008002dfc        0x4 
 .text.Vector78
                0x0000000008002e00       0x2c build/obj/stm32_dma.o
                0x0000000008002e00                Vector78
 *fill*         0x0000000008002e2c        0x4 
 .text.Vector7C
                0x0000000008002e30       0x28 build/obj/stm32_dma.o
                0x0000000008002e30                Vector7C
 *fill*         0x0000000008002e58        0x8 
 .text.Vector80
                0x0000000008002e60       0x2c build/obj/stm32_dma.o
                0x0000000008002e60                Vector80
 *fill*         0x0000000008002e8c        0x4 
 .text.Vector84
                0x0000000008002e90       0x2c build/obj/stm32_dma.o
                0x0000000008002e90                Vector84
 *fill*         0x0000000008002ebc        0x4 
 .text.VectorFC
                0x0000000008002ec0       0x2c build/obj/stm32_dma.o
                0x0000000008002ec0                VectorFC
 *fill*         0x0000000008002eec        0x4 
 .text.Vector120
                0x0000000008002ef0       0x28 build/obj/stm32_dma.o
                0x0000000008002ef0                Vector120
 *fill*         0x0000000008002f18        0x8 
 .text.Vector124
                0x0000000008002f20       0x2c build/obj/stm32_dma.o
                0x0000000008002f20                Vector124
 *fill*         0x0000000008002f4c        0x4 
 .text.Vector128
                0x0000000008002f50       0x2c build/obj/stm32_dma.o
                0x0000000008002f50                Vector128
 *fill*         0x0000000008002f7c        0x4 
 .text.Vector12C
                0x0000000008002f80       0x2c build/obj/stm32_dma.o
                0x0000000008002f80                Vector12C
 *fill*         0x0000000008002fac        0x4 
 .text.Vector130
                0x0000000008002fb0       0x28 build/obj/stm32_dma.o
                0x0000000008002fb0                Vector130
 *fill*         0x0000000008002fd8        0x8 
 .text.Vector150
                0x0000000008002fe0       0x2c build/obj/stm32_dma.o
                0x0000000008002fe0                Vector150
 *fill*         0x000000000800300c        0x4 
 .text.Vector154
                0x0000000008003010       0x2c build/obj/stm32_dma.o
                0x0000000008003010                Vector154
 *fill*         0x000000000800303c        0x4 
 .text.Vector158
                0x0000000008003040       0x2c build/obj/stm32_dma.o
                0x0000000008003040                Vector158
 *fill*         0x000000000800306c        0x4 
 .text.dmaInit  0x0000000008003070       0x4c build/obj/stm32_dma.o
                0x0000000008003070                dmaInit
 *fill*         0x00000000080030bc        0x4 
 .text.dmaStreamAllocate
                0x00000000080030c0       0x8c build/obj/stm32_dma.o
                0x00000000080030c0                dmaStreamAllocate
 *fill*         0x000000000800314c        0x4 
 .text.SysTick_Handler
                0x0000000008003150       0x1c build/obj/st_lld.o
                0x0000000008003150                SysTick_Handler
 *fill*         0x000000000800316c        0x4 
 .text.st_lld_init
                0x0000000008003170       0x1c build/obj/st_lld.o
                0x0000000008003170                st_lld_init
 *fill*         0x000000000800318c        0x4 
 .text.adc_lld_init
                0x0000000008003190       0x74 build/obj/adc_lld.o
                0x0000000008003190                adc_lld_init
 *fill*         0x0000000008003204        0xc 
 .text.adc_lld_stop_conversion
                0x0000000008003210       0x30 build/obj/adc_lld.o
                0x0000000008003210                adc_lld_stop_conversion
 .text.Vector88
                0x0000000008003240      0x130 build/obj/adc_lld.o
                0x0000000008003240                Vector88
 .text.ext_lld_init
                0x0000000008003370        0xc build/obj/ext_lld.o
                0x0000000008003370                ext_lld_init
 *fill*         0x000000000800337c        0x4 
 .text.ext_lld_channel_enable
                0x0000000008003380       0xa4 build/obj/ext_lld.o
                0x0000000008003380                ext_lld_channel_enable
 *fill*         0x0000000008003424        0xc 
 .text.ext_lld_channel_disable
                0x0000000008003430       0x2c build/obj/ext_lld.o
                0x0000000008003430                ext_lld_channel_disable
 *fill*         0x000000000800345c        0x4 
 .text.ext_lld_start
                0x0000000008003460       0x40 build/obj/ext_lld.o
                0x0000000008003460                ext_lld_start
 .text.Vector58
                0x00000000080034a0       0x2c build/obj/ext_lld_isr.o
                0x00000000080034a0                Vector58
 *fill*         0x00000000080034cc        0x4 
 .text.Vector5C
                0x00000000080034d0       0x2c build/obj/ext_lld_isr.o
                0x00000000080034d0                Vector5C
 *fill*         0x00000000080034fc        0x4 
 .text.Vector60
                0x0000000008003500       0x2c build/obj/ext_lld_isr.o
                0x0000000008003500                Vector60
 *fill*         0x000000000800352c        0x4 
 .text.Vector64
                0x0000000008003530       0x2c build/obj/ext_lld_isr.o
                0x0000000008003530                Vector64
 *fill*         0x000000000800355c        0x4 
 .text.Vector68
                0x0000000008003560       0x2c build/obj/ext_lld_isr.o
                0x0000000008003560                Vector68
 *fill*         0x000000000800358c        0x4 
 .text.Vector9C
                0x0000000008003590       0x70 build/obj/ext_lld_isr.o
                0x0000000008003590                Vector9C
 .text.VectorE0
                0x0000000008003600       0x80 build/obj/ext_lld_isr.o
                0x0000000008003600                VectorE0
 .text.Vector44
                0x0000000008003680       0x2c build/obj/ext_lld_isr.o
                0x0000000008003680                Vector44
 *fill*         0x00000000080036ac        0x4 
 .text.VectorE4
                0x00000000080036b0       0x2c build/obj/ext_lld_isr.o
                0x00000000080036b0                VectorE4
 *fill*         0x00000000080036dc        0x4 
 .text.VectorE8
                0x00000000080036e0       0x30 build/obj/ext_lld_isr.o
                0x00000000080036e0                VectorE8
 .text.Vector170
                0x0000000008003710       0x30 build/obj/ext_lld_isr.o
                0x0000000008003710                Vector170
 .text.Vector48
                0x0000000008003740       0x30 build/obj/ext_lld_isr.o
                0x0000000008003740                Vector48
 .text.Vector4C
                0x0000000008003770       0x30 build/obj/ext_lld_isr.o
                0x0000000008003770                Vector4C
 .text.ext_lld_exti_irq_enable
                0x00000000080037a0       0x70 build/obj/ext_lld_isr.o
                0x00000000080037a0                ext_lld_exti_irq_enable
 .text._pal_lld_init
                0x0000000008003810      0x188 build/obj/pal_lld.o
                0x0000000008003810                _pal_lld_init
 *fill*         0x0000000008003998        0x8 
 .text._pal_lld_setgroupmode
                0x00000000080039a0       0xd0 build/obj/pal_lld.o
                0x00000000080039a0                _pal_lld_setgroupmode
 .text.i2c_lld_serve_tx_end_irq
                0x0000000008003a70       0x40 build/obj/i2c_lld.o
 .text.i2c_lld_serve_rx_end_irq
                0x0000000008003ab0       0x64 build/obj/i2c_lld.o
 *fill*         0x0000000008003b14        0xc 
 .text.VectorBC
                0x0000000008003b20       0xf8 build/obj/i2c_lld.o
                0x0000000008003b20                VectorBC
 *fill*         0x0000000008003c18        0x8 
 .text.VectorC0
                0x0000000008003c20       0xdc build/obj/i2c_lld.o
                0x0000000008003c20                VectorC0
 *fill*         0x0000000008003cfc        0x4 
 .text.i2c_lld_init
                0x0000000008003d00       0x2c build/obj/i2c_lld.o
                0x0000000008003d00                i2c_lld_init
 *fill*         0x0000000008003d2c        0x4 
 .text.i2c_lld_start
                0x0000000008003d30      0x180 build/obj/i2c_lld.o
                0x0000000008003d30                i2c_lld_start
 .text.i2c_lld_master_transmit_timeout
                0x0000000008003eb0       0x90 build/obj/i2c_lld.o
                0x0000000008003eb0                i2c_lld_master_transmit_timeout
 .text.usb_lld_pump
                0x0000000008003f40      0x200 build/obj/usb_lld.o
                0x0000000008003f40                usb_lld_pump
 .text.usb_lld_init
                0x0000000008004140       0x24 build/obj/usb_lld.o
                0x0000000008004140                usb_lld_init
 *fill*         0x0000000008004164        0xc 
 .text.usb_lld_start
                0x0000000008004170      0x124 build/obj/usb_lld.o
                0x0000000008004170                usb_lld_start
 *fill*         0x0000000008004294        0xc 
 .text.usb_lld_reset
                0x00000000080042a0       0xc0 build/obj/usb_lld.o
                0x00000000080042a0                usb_lld_reset
 .text.usb_lld_set_address
                0x0000000008004360       0x18 build/obj/usb_lld.o
                0x0000000008004360                usb_lld_set_address
 *fill*         0x0000000008004378        0x8 
 .text.usb_lld_init_endpoint
                0x0000000008004380      0x160 build/obj/usb_lld.o
                0x0000000008004380                usb_lld_init_endpoint
 .text.usb_lld_get_status_out
                0x00000000080044e0       0x1c build/obj/usb_lld.o
                0x00000000080044e0                usb_lld_get_status_out
 *fill*         0x00000000080044fc        0x4 
 .text.usb_lld_get_status_in
                0x0000000008004500       0x1c build/obj/usb_lld.o
                0x0000000008004500                usb_lld_get_status_in
 *fill*         0x000000000800451c        0x4 
 .text.usb_lld_read_setup
                0x0000000008004520       0x14 build/obj/usb_lld.o
                0x0000000008004520                usb_lld_read_setup
 *fill*         0x0000000008004534        0xc 
 .text.usb_lld_start_out
                0x0000000008004540       0x84 build/obj/usb_lld.o
                0x0000000008004540                usb_lld_start_out
 *fill*         0x00000000080045c4        0xc 
 .text.otg_epout_handler.constprop.9
                0x00000000080045d0       0x9c build/obj/usb_lld.o
 *fill*         0x000000000800466c        0x4 
 .text.usb_lld_start_in
                0x0000000008004670       0xac build/obj/usb_lld.o
                0x0000000008004670                usb_lld_start_in
 *fill*         0x000000000800471c        0x4 
 .text.otg_epin_handler.constprop.10
                0x0000000008004720       0xb4 build/obj/usb_lld.o
 *fill*         0x00000000080047d4        0xc 
 .text.Vector14C
                0x00000000080047e0      0x270 build/obj/usb_lld.o
                0x00000000080047e0                Vector14C
 .text.usb_lld_stall_out
                0x0000000008004a50       0x14 build/obj/usb_lld.o
                0x0000000008004a50                usb_lld_stall_out
 *fill*         0x0000000008004a64        0xc 
 .text.usb_lld_stall_in
                0x0000000008004a70       0x14 build/obj/usb_lld.o
                0x0000000008004a70                usb_lld_stall_in
 *fill*         0x0000000008004a84        0xc 
 .text.usb_lld_clear_out
                0x0000000008004a90       0x14 build/obj/usb_lld.o
                0x0000000008004a90                usb_lld_clear_out
 *fill*         0x0000000008004aa4        0xc 
 .text.usb_lld_clear_in
                0x0000000008004ab0       0x14 build/obj/usb_lld.o
                0x0000000008004ab0                usb_lld_clear_in
 *fill*         0x0000000008004ac4        0xc 
 .text.spi_lld_serve_tx_interrupt
                0x0000000008004ad0       0x14 build/obj/spi_lld.o
 *fill*         0x0000000008004ae4        0xc 
 .text.spi_lld_serve_rx_interrupt
                0x0000000008004af0       0x80 build/obj/spi_lld.o
 .text.spi_lld_init
                0x0000000008004b70       0x44 build/obj/spi_lld.o
                0x0000000008004b70                spi_lld_init
 *fill*         0x0000000008004bb4        0xc 
 .text.spi_lld_start
                0x0000000008004bc0       0x94 build/obj/spi_lld.o
                0x0000000008004bc0                spi_lld_start
 *fill*         0x0000000008004c54        0xc 
 .text.spi_lld_select
                0x0000000008004c60       0x10 build/obj/spi_lld.o
                0x0000000008004c60                spi_lld_select
 .text.spi_lld_unselect
                0x0000000008004c70       0x10 build/obj/spi_lld.o
                0x0000000008004c70                spi_lld_unselect
 .text.spi_lld_exchange
                0x0000000008004c80       0x38 build/obj/spi_lld.o
                0x0000000008004c80                spi_lld_exchange
 *fill*         0x0000000008004cb8        0x8 
 .text.spi_lld_send
                0x0000000008004cc0       0x38 build/obj/spi_lld.o
                0x0000000008004cc0                spi_lld_send
 *fill*         0x0000000008004cf8        0x8 
 .text.spi_lld_receive
                0x0000000008004d00       0x38 build/obj/spi_lld.o
                0x0000000008004d00                spi_lld_receive
 *fill*         0x0000000008004d38        0x8 
 .text.pwm_lld_init
                0x0000000008004d40       0x1c build/obj/pwm_lld.o
                0x0000000008004d40                pwm_lld_init
 *fill*         0x0000000008004d5c        0x4 
 .text.pwm_lld_start
                0x0000000008004d60       0xe4 build/obj/pwm_lld.o
                0x0000000008004d60                pwm_lld_start
 *fill*         0x0000000008004e44        0xc 
 .text.pwm_lld_enable_channel
                0x0000000008004e50        0xc build/obj/pwm_lld.o
                0x0000000008004e50                pwm_lld_enable_channel
 *fill*         0x0000000008004e5c        0x4 
 .text.pwm_lld_serve_interrupt
                0x0000000008004e60       0x5c build/obj/pwm_lld.o
                0x0000000008004e60                pwm_lld_serve_interrupt
 *fill*         0x0000000008004ebc        0x4 
 .text.Vector108
                0x0000000008004ec0       0x14 build/obj/pwm_lld.o
                0x0000000008004ec0                Vector108
 *fill*         0x0000000008004ed4        0xc 
 .text.__early_init
                0x0000000008004ee0        0x4 build/obj/board.o
                0x0000000008004ee0                __early_init
 *fill*         0x0000000008004ee4        0xc 
 .text.boardInit
                0x0000000008004ef0        0x4 build/obj/board.o
                0x0000000008004ef0                boardInit
 *fill*         0x0000000008004ef4        0xc 
 .text.long_to_string_with_divisor
                0x0000000008004f00       0x48 build/obj/chprintf.o
 *fill*         0x0000000008004f48        0x8 
 .text.chvprintf
                0x0000000008004f50      0x408 build/obj/chprintf.o
                0x0000000008004f50                chvprintf
 *fill*         0x0000000008005358        0x8 
 .text.chprintf
                0x0000000008005360       0x1c build/obj/chprintf.o
                0x0000000008005360                chprintf
 *fill*         0x000000000800537c        0x4 
 .text.startup.main
                0x0000000008005380      0x154 build/obj/main.o
                0x0000000008005380                main
 *fill*         0x00000000080054d4        0xc 
 .text.get_descriptor
                0x00000000080054e0       0x30 build/obj/comm_usb.o
 .text.sof_handler
                0x0000000008005510       0x1c build/obj/comm_usb.o
 *fill*         0x000000000800552c        0x4 
 .text.usb_event
                0x0000000008005530       0x58 build/obj/comm_usb.o
 *fill*         0x0000000008005588        0x8 
 .text.comm_usb_serial_init
                0x0000000008005590       0x6c build/obj/comm_usb.o
                0x0000000008005590                comm_usb_serial_init
 *fill*         0x00000000080055fc        0x4 
 .text.comm_usb_serial_is_active
                0x0000000008005600       0x1c build/obj/comm_usb.o
                0x0000000008005600                comm_usb_serial_is_active
 *fill*         0x000000000800561c        0x4 
 .text.ws2812b_init
                0x0000000008005620      0x1c8 build/obj/ws2812b.o
                0x0000000008005620                ws2812b_init
 *fill*         0x00000000080057e8        0x8 
 .text.ws2812b_set_led_color
                0x00000000080057f0       0x5c build/obj/ws2812b.o
                0x00000000080057f0                ws2812b_set_led_color
 *fill*         0x000000000800584c        0x4 
 .text.bno055_read_addr
                0x0000000008005850       0x38 build/obj/bno055.o
                0x0000000008005850                bno055_read_addr
 *fill*         0x0000000008005888        0x8 
 .text.bno055_get_status
                0x0000000008005890        0x8 build/obj/bno055.o
                0x0000000008005890                bno055_get_status
 *fill*         0x0000000008005898        0x8 
 .text.bno055_get_error
                0x00000000080058a0        0x8 build/obj/bno055.o
                0x00000000080058a0                bno055_get_error
 *fill*         0x00000000080058a8        0x8 
 .text.bno055_read_len
                0x00000000080058b0       0x38 build/obj/bno055.o
                0x00000000080058b0                bno055_read_len
 *fill*         0x00000000080058e8        0x8 
 .text.bno055_get_vector
                0x00000000080058f0      0x17c build/obj/bno055.o
                0x00000000080058f0                bno055_get_vector
 *fill*         0x0000000008005a6c        0x4 
 .text.bno055_write_addr
                0x0000000008005a70       0x38 build/obj/bno055.o
                0x0000000008005a70                bno055_write_addr
 *fill*         0x0000000008005aa8        0x8 
 .text.bno055_init
                0x0000000008005ab0       0xbc build/obj/bno055.o
                0x0000000008005ab0                bno055_init
 *fill*         0x0000000008005b6c        0x4 
 .text.nrfExtCallback
                0x0000000008005b70       0x1c build/obj/nrf24l01.o
 *fill*         0x0000000008005b8c        0x4 
 .text.nrf24l01ReadPayload.part.2
                0x0000000008005b90       0x5c build/obj/nrf24l01.o
 *fill*         0x0000000008005bec        0x4 
 .text.nrf24l01WritePayload.part.3
                0x0000000008005bf0       0x48 build/obj/nrf24l01.o
 *fill*         0x0000000008005c38        0x8 
 .text.nrf24l01WriteRegister
                0x0000000008005c40       0x3c build/obj/nrf24l01.o
                0x0000000008005c40                nrf24l01WriteRegister
 *fill*         0x0000000008005c7c        0x4 
 .text.nrf24l01ReadRegister
                0x0000000008005c80       0x48 build/obj/nrf24l01.o
                0x0000000008005c80                nrf24l01ReadRegister
 *fill*         0x0000000008005cc8        0x8 
 .text.nrf24l01WriteAddressRegister
                0x0000000008005cd0       0x4c build/obj/nrf24l01.o
                0x0000000008005cd0                nrf24l01WriteAddressRegister
 *fill*         0x0000000008005d1c        0x4 
 .text.nrf24l01GetStatus
                0x0000000008005d20       0x3c build/obj/nrf24l01.o
                0x0000000008005d20                nrf24l01GetStatus
 *fill*         0x0000000008005d5c        0x4 
 .text.nrf24l01PowerUp
                0x0000000008005d60       0x1c build/obj/nrf24l01.o
                0x0000000008005d60                nrf24l01PowerUp
 *fill*         0x0000000008005d7c        0x4 
 .text.nrf24l01SetRXAddress
                0x0000000008005d80       0x40 build/obj/nrf24l01.o
                0x0000000008005d80                nrf24l01SetRXAddress
 .text.nrf24l01SetTXAddress
                0x0000000008005dc0       0x1c build/obj/nrf24l01.o
                0x0000000008005dc0                nrf24l01SetTXAddress
 *fill*         0x0000000008005ddc        0x4 
 .text.nrf24l01EnableDynamicPipeSize
                0x0000000008005de0       0x24 build/obj/nrf24l01.o
                0x0000000008005de0                nrf24l01EnableDynamicPipeSize
 *fill*         0x0000000008005e04        0xc 
 .text.nrf24l01ToggleFeatures
                0x0000000008005e10       0x38 build/obj/nrf24l01.o
                0x0000000008005e10                nrf24l01ToggleFeatures
 *fill*         0x0000000008005e48        0x8 
 .text.nrf24l01EnableDynamicSize
                0x0000000008005e50       0x40 build/obj/nrf24l01.o
                0x0000000008005e50                nrf24l01EnableDynamicSize
 .text.nrf24l01FlushRX
                0x0000000008005e90       0x34 build/obj/nrf24l01.o
                0x0000000008005e90                nrf24l01FlushRX
 *fill*         0x0000000008005ec4        0xc 
 .text.nrf24l01FlushTX
                0x0000000008005ed0       0x34 build/obj/nrf24l01.o
                0x0000000008005ed0                nrf24l01FlushTX
 *fill*         0x0000000008005f04        0xc 
 .text.initNRF24L01
                0x0000000008005f10       0xf0 build/obj/nrf24l01.o
                0x0000000008005f10                initNRF24L01
 .text.nrf24l01GetSize
                0x0000000008006000       0x48 build/obj/nrf24l01.o
                0x0000000008006000                nrf24l01GetSize
 *fill*         0x0000000008006048        0x8 
 .text.nrf24l01EnterRX
                0x0000000008006050       0x3c build/obj/nrf24l01.o
                0x0000000008006050                nrf24l01EnterRX
 *fill*         0x000000000800608c        0x4 
 .text.readt    0x0000000008006090      0x230 build/obj/nrf24l01.o
 .text.gett     0x00000000080062c0       0x54 build/obj/nrf24l01.o
 *fill*         0x0000000008006314        0xc 
 .text.get      0x0000000008006320        0x8 build/obj/nrf24l01.o
 *fill*         0x0000000008006328        0x8 
 .text.read     0x0000000008006330        0x8 build/obj/nrf24l01.o
 *fill*         0x0000000008006338        0x8 
 .text.nrf24l01EnterTX
                0x0000000008006340       0x38 build/obj/nrf24l01.o
                0x0000000008006340                nrf24l01EnterTX
 *fill*         0x0000000008006378        0x8 
 .text.writet   0x0000000008006380       0xf4 build/obj/nrf24l01.o
 *fill*         0x0000000008006474        0xc 
 .text.putt     0x0000000008006480       0x20 build/obj/nrf24l01.o
 .text.put      0x00000000080064a0       0x24 build/obj/nrf24l01.o
 *fill*         0x00000000080064c4        0xc 
 .text.write    0x00000000080064d0        0x8 build/obj/nrf24l01.o
 *fill*         0x00000000080064d8        0x8 
 .text.esc_set  0x00000000080064e0       0x8c build/obj/esc.o
                0x00000000080064e0                esc_set
 *fill*         0x000000000800656c        0x4 
 .text.esc_set_all
                0x0000000008006570        0x8 build/obj/esc.o
                0x0000000008006570                esc_set_all
 *fill*         0x0000000008006578        0x8 
 .text.esc_init
                0x0000000008006580       0x54 build/obj/esc.o
                0x0000000008006580                esc_init
 *fill*         0x00000000080065d4        0xc 
 .text.controller_update
                0x00000000080065e0       0x18 build/obj/controller.o
                0x00000000080065e0                controller_update
 *fill*         0x00000000080065f8        0x8 
 .text.DMA_DeInit
                0x0000000008006600      0x130 build/obj/stm32f4xx_dma.o
                0x0000000008006600                DMA_DeInit
 .text.DMA_Init
                0x0000000008006730       0x70 build/obj/stm32f4xx_dma.o
                0x0000000008006730                DMA_Init
 .text.DMA_Cmd  0x00000000080067a0       0x14 build/obj/stm32f4xx_dma.o
                0x00000000080067a0                DMA_Cmd
 *fill*         0x00000000080067b4        0xc 
 .text.RCC_AHB1PeriphClockCmd
                0x00000000080067c0       0x18 build/obj/stm32f4xx_rcc.o
                0x00000000080067c0                RCC_AHB1PeriphClockCmd
 *fill*         0x00000000080067d8        0x8 
 .text.RCC_APB1PeriphClockCmd
                0x00000000080067e0       0x18 build/obj/stm32f4xx_rcc.o
                0x00000000080067e0                RCC_APB1PeriphClockCmd
 *fill*         0x00000000080067f8        0x8 
 .text.TIM_TimeBaseInit
                0x0000000008006800       0x98 build/obj/stm32f4xx_tim.o
                0x0000000008006800                TIM_TimeBaseInit
 *fill*         0x0000000008006898        0x8 
 .text.TIM_Cmd  0x00000000080068a0       0x18 build/obj/stm32f4xx_tim.o
                0x00000000080068a0                TIM_Cmd
 *fill*         0x00000000080068b8        0x8 
 .text.TIM_OC3Init
                0x00000000080068c0       0x90 build/obj/stm32f4xx_tim.o
                0x00000000080068c0                TIM_OC3Init
 .text.TIM_OC3PreloadConfig
                0x0000000008006950       0x10 build/obj/stm32f4xx_tim.o
                0x0000000008006950                TIM_OC3PreloadConfig
 .text.TIM_CtrlPWMOutputs
                0x0000000008006960       0x14 build/obj/stm32f4xx_tim.o
                0x0000000008006960                TIM_CtrlPWMOutputs
 *fill*         0x0000000008006974        0xc 
 .text.TIM_DMACmd
                0x0000000008006980       0x18 build/obj/stm32f4xx_tim.o
                0x0000000008006980                TIM_DMACmd
 *fill*         0x0000000008006998        0x8 
 .text.roundf   0x00000000080069a0       0x60 /usr/local/Cellar/gcc-arm-none-eabi-49/20150609/bin/../lib/gcc/arm-none-eabi/4.9.3/../../../../arm-none-eabi/lib/armv7e-m/fpu/libm.a(lib_a-sf_round.o)
                0x00000000080069a0                roundf
 .text.powf     0x0000000008006a00      0x344 /usr/local/Cellar/gcc-arm-none-eabi-49/20150609/bin/../lib/gcc/arm-none-eabi/4.9.3/../../../../arm-none-eabi/lib/armv7e-m/fpu/libm.a(lib_a-wf_pow.o)
                0x0000000008006a00                powf
 *fill*         0x0000000008006d44        0xc 
 .text.__ieee754_powf
                0x0000000008006d50      0x5f0 /usr/local/Cellar/gcc-arm-none-eabi-49/20150609/bin/../lib/gcc/arm-none-eabi/4.9.3/../../../../arm-none-eabi/lib/armv7e-m/fpu/libm.a(lib_a-ef_pow.o)
                0x0000000008006d50                __ieee754_powf
 .text.__ieee754_sqrtf
                0x0000000008007340       0xa4 /usr/local/Cellar/gcc-arm-none-eabi-49/20150609/bin/../lib/gcc/arm-none-eabi/4.9.3/../../../../arm-none-eabi/lib/armv7e-m/fpu/libm.a(lib_a-ef_sqrt.o)
                0x0000000008007340                __ieee754_sqrtf
 *fill*         0x00000000080073e4        0xc 
 .text.matherr  0x00000000080073f0        0x4 /usr/local/Cellar/gcc-arm-none-eabi-49/20150609/bin/../lib/gcc/arm-none-eabi/4.9.3/../../../../arm-none-eabi/lib/armv7e-m/fpu/libm.a(lib_a-s_matherr.o)
                0x00000000080073f0                matherr
 *fill*         0x00000000080073f4        0xc 
 .text.rint     0x0000000008007400      0x124 /usr/local/Cellar/gcc-arm-none-eabi-49/20150609/bin/../lib/gcc/arm-none-eabi/4.9.3/../../../../arm-none-eabi/lib/armv7e-m/fpu/libm.a(lib_a-s_rint.o)
                0x0000000008007400                rint
 *fill*         0x0000000008007524        0xc 
 .text.fabsf    0x0000000008007530       0x10 /usr/local/Cellar/gcc-arm-none-eabi-49/20150609/bin/../lib/gcc/arm-none-eabi/4.9.3/../../../../arm-none-eabi/lib/armv7e-m/fpu/libm.a(lib_a-sf_fabs.o)
                0x0000000008007530                fabsf
 .text.finitef  0x0000000008007540       0x14 /usr/local/Cellar/gcc-arm-none-eabi-49/20150609/bin/../lib/gcc/arm-none-eabi/4.9.3/../../../../arm-none-eabi/lib/armv7e-m/fpu/libm.a(lib_a-sf_finite.o)
                0x0000000008007540                finitef
 *fill*         0x0000000008007554        0xc 
 .text.__fpclassifyf
                0x0000000008007560       0x38 /usr/local/Cellar/gcc-arm-none-eabi-49/20150609/bin/../lib/gcc/arm-none-eabi/4.9.3/../../../../arm-none-eabi/lib/armv7e-m/fpu/libm.a(lib_a-sf_fpclassify.o)
                0x0000000008007560                __fpclassifyf
 *fill*         0x0000000008007598        0x8 
 .text.nanf     0x00000000080075a0        0xc /usr/local/Cellar/gcc-arm-none-eabi-49/20150609/bin/../lib/gcc/arm-none-eabi/4.9.3/../../../../arm-none-eabi/lib/armv7e-m/fpu/libm.a(lib_a-sf_nan.o)
                0x00000000080075a0                nanf
 *fill*         0x00000000080075ac        0x4 
 .text.scalbnf  0x00000000080075b0       0xd0 /usr/local/Cellar/gcc-arm-none-eabi-49/20150609/bin/../lib/gcc/arm-none-eabi/4.9.3/../../../../arm-none-eabi/lib/armv7e-m/fpu/libm.a(lib_a-sf_scalbn.o)
                0x00000000080075b0                scalbnf
 .text.copysignf
                0x0000000008007680       0x18 /usr/local/Cellar/gcc-arm-none-eabi-49/20150609/bin/../lib/gcc/arm-none-eabi/4.9.3/../../../../arm-none-eabi/lib/armv7e-m/fpu/libm.a(lib_a-sf_copysign.o)
                0x0000000008007680                copysignf
 *fill*         0x0000000008007698        0x8 
 .text.__errno  0x00000000080076a0        0xc /usr/local/Cellar/gcc-arm-none-eabi-49/20150609/bin/../lib/gcc/arm-none-eabi/4.9.3/../../../../arm-none-eabi/lib/armv7e-m/fpu/libg.a(lib_a-errno.o)
                0x00000000080076a0                __errno
 *fill*         0x00000000080076ac        0x4 
 .text.memset   0x00000000080076b0       0x9c /usr/local/Cellar/gcc-arm-none-eabi-49/20150609/bin/../lib/gcc/arm-none-eabi/4.9.3/../../../../arm-none-eabi/lib/armv7e-m/fpu/libg.a(lib_a-memset.o)
                0x00000000080076b0                memset
 *(.rodata)
 *fill*         0x000000000800774c        0x4 
 .rodata        0x0000000008007750       0x14 build/obj/main.o
 *fill*         0x0000000008007764        0xc 
 .rodata        0x0000000008007770        0x2 build/obj/nrf24l01.o
 *(.rodata.*)
 *fill*         0x0000000008007772        0xe 
 .rodata.ram_areas
                0x0000000008007780       0x80 build/obj/crt1.o
 .rodata.str1.4
                0x0000000008007800        0x5 build/obj/chsys.o
 *fill*         0x0000000008007805        0xb 
 .rodata.ch_debug
                0x0000000008007810       0x16 build/obj/chregistry.o
                0x0000000008007810                ch_debug
 *fill*         0x0000000008007826        0xa 
 .rodata.vmt    0x0000000008007830       0x20 build/obj/serial_usb.o
 .rodata.zero_status
                0x0000000008007850        0x2 build/obj/usb.o
 *fill*         0x0000000008007852        0xe 
 .rodata.active_status
                0x0000000008007860        0x2 build/obj/usb.o
 *fill*         0x0000000008007862        0xe 
 .rodata.halted_status
                0x0000000008007870        0x2 build/obj/usb.o
 *fill*         0x0000000008007872        0xe 
 .rodata._stm32_dma_streams
                0x0000000008007880       0xc0 build/obj/stm32_dma.o
                0x0000000008007880                _stm32_dma_streams
 .rodata.str1.4
                0x0000000008007940        0xc build/obj/i2c_lld.o
 *fill*         0x000000000800794c        0x4 
 .rodata.fsparams
                0x0000000008007950        0xc build/obj/usb_lld.o
 *fill*         0x000000000800795c        0x4 
 .rodata.str1.4
                0x0000000008007960        0xd build/obj/usb_lld.o
 *fill*         0x000000000800796d        0x3 
 .rodata.ep0config
                0x0000000008007970       0x24 build/obj/usb_lld.o
 .rodata.str1.4
                0x0000000000000000        0xc build/obj/spi_lld.o
 *fill*         0x0000000008007994        0xc 
 .rodata.pal_default_config
                0x00000000080079a0       0xe0 build/obj/board.o
                0x00000000080079a0                pal_default_config
 .rodata.str1.4
                0x0000000008007a80        0x7 build/obj/chprintf.o
 *fill*         0x0000000008007a87        0x9 
 .rodata.pow10  0x0000000008007a90       0x24 build/obj/chprintf.o
 *fill*         0x0000000008007ab4        0xc 
 .rodata.str1.4
                0x0000000008007ac0        0x4 build/obj/main.o
 *fill*         0x0000000008007ac4        0xc 
 .rodata.ep1config
                0x0000000008007ad0       0x24 build/obj/comm_usb.o
 *fill*         0x0000000008007af4        0xc 
 .rodata.vcom_configuration_descriptor
                0x0000000008007b00        0x8 build/obj/comm_usb.o
 *fill*         0x0000000008007b08        0x8 
 .rodata.ep2config
                0x0000000008007b10       0x24 build/obj/comm_usb.o
 *fill*         0x0000000008007b34        0xc 
 .rodata.usbcfg
                0x0000000008007b40       0x10 build/obj/comm_usb.o
 .rodata.vcom_configuration_descriptor_data
                0x0000000008007b50       0x43 build/obj/comm_usb.o
 *fill*         0x0000000008007b93        0xd 
 .rodata.vcom_device_descriptor_data
                0x0000000008007ba0       0x12 build/obj/comm_usb.o
 *fill*         0x0000000008007bb2        0xe 
 .rodata.vcom_string0
                0x0000000008007bc0        0x4 build/obj/comm_usb.o
 *fill*         0x0000000008007bc4        0xc 
 .rodata.vcom_string1
                0x0000000008007bd0       0x26 build/obj/comm_usb.o
 *fill*         0x0000000008007bf6        0xa 
 .rodata.vcom_string2
                0x0000000008007c00       0x38 build/obj/comm_usb.o
 *fill*         0x0000000008007c38        0x8 
 .rodata.vcom_string3
                0x0000000008007c40        0x8 build/obj/comm_usb.o
 *fill*         0x0000000008007c48        0x8 
 .rodata.vcom_strings
                0x0000000008007c50       0x20 build/obj/comm_usb.o
 .rodata.serusbcfg
                0x0000000008007c70        0x8 build/obj/comm_usb.o
                0x0000000008007c70                serusbcfg
 *fill*         0x0000000008007c78        0x8 
 .rodata.vcom_device_descriptor
                0x0000000008007c80        0x8 build/obj/comm_usb.o
 *fill*         0x0000000008007c88        0x8 
 .rodata.i2ccfg
                0x0000000008007c90        0xc build/obj/bno055.o
 *fill*         0x0000000008007c9c        0x4 
 .rodata.nrf24l01SPI
                0x0000000008007ca0        0xc build/obj/nrf24l01.o
 *fill*         0x0000000008007cac        0x4 
 .rodata.nrf24l01Config
                0x0000000008007cb0        0xc build/obj/nrf24l01.o
 *fill*         0x0000000008007cbc        0x4 
 .rodata.extcfg
                0x0000000008007cc0       0xb8 build/obj/nrf24l01.o
 *fill*         0x0000000008007d78        0x8 
 .rodata.addr   0x0000000008007d80        0x4 build/obj/nrf24l01.o
 *fill*         0x0000000008007d84        0xc 
 .rodata.vmt    0x0000000008007d90       0x20 build/obj/nrf24l01.o
 .rodata.str1.4
                0x0000000008007db0        0x5 /usr/local/Cellar/gcc-arm-none-eabi-49/20150609/bin/../lib/gcc/arm-none-eabi/4.9.3/../../../../arm-none-eabi/lib/armv7e-m/fpu/libm.a(lib_a-wf_pow.o)
 *fill*         0x0000000008007db5        0xb 
 .rodata.dp_h   0x0000000008007dc0        0x8 /usr/local/Cellar/gcc-arm-none-eabi-49/20150609/bin/../lib/gcc/arm-none-eabi/4.9.3/../../../../arm-none-eabi/lib/armv7e-m/fpu/libm.a(lib_a-ef_pow.o)
 *fill*         0x0000000008007dc8        0x8 
 .rodata.dp_l   0x0000000008007dd0        0x8 /usr/local/Cellar/gcc-arm-none-eabi-49/20150609/bin/../lib/gcc/arm-none-eabi/4.9.3/../../../../arm-none-eabi/lib/armv7e-m/fpu/libm.a(lib_a-ef_pow.o)
 *fill*         0x0000000008007dd8        0x8 
 .rodata.bp     0x0000000008007de0        0x8 /usr/local/Cellar/gcc-arm-none-eabi-49/20150609/bin/../lib/gcc/arm-none-eabi/4.9.3/../../../../arm-none-eabi/lib/armv7e-m/fpu/libm.a(lib_a-ef_pow.o)
 .rodata.str1.4
                0x0000000000000000        0x5 /usr/local/Cellar/gcc-arm-none-eabi-49/20150609/bin/../lib/gcc/arm-none-eabi/4.9.3/../../../../arm-none-eabi/lib/armv7e-m/fpu/libm.a(lib_a-ef_pow.o)
                                          0x1 (size before relaxing)
 *fill*         0x0000000008007de8        0x8 
 .rodata.TWO52  0x0000000008007df0       0x10 /usr/local/Cellar/gcc-arm-none-eabi-49/20150609/bin/../lib/gcc/arm-none-eabi/4.9.3/../../../../arm-none-eabi/lib/armv7e-m/fpu/libm.a(lib_a-s_rint.o)
 .rodata.str1.4
                0x0000000008007e00        0x4 /usr/local/Cellar/gcc-arm-none-eabi-49/20150609/bin/../lib/gcc/arm-none-eabi/4.9.3/../../../../arm-none-eabi/lib/armv7e-m/fpu/libg.a(lib_a-impure.o)
                                          0x2 (size before relaxing)
 *(.glue_7t)
 .glue_7t       0x0000000000000000        0x0 linker stubs
 *(.glue_7)
 .glue_7        0x0000000000000000        0x0 linker stubs
 *(.gcc*)

.vfp11_veneer   0x0000000008007e04        0x0
 .vfp11_veneer  0x0000000000000000        0x0 linker stubs

.v4_bx          0x0000000008007e04        0x0
 .v4_bx         0x0000000000000000        0x0 linker stubs

.iplt           0x0000000008007e04        0x0
 .iplt          0x0000000000000000        0x0 build/obj/crt0_v7m.o

.rel.dyn        0x0000000008007e04        0x0
 .rel.iplt      0x0000000000000000        0x0 build/obj/crt0_v7m.o

.ARM.extab
 *(.ARM.extab* .gnu.linkonce.armextab.*)

.ARM.exidx      0x0000000008007e04        0x0
                0x0000000008007e04                __exidx_start = .
 *(.ARM.exidx* .gnu.linkonce.armexidx.*)
                0x0000000008007e04                __exidx_end = .

.eh_frame_hdr
 *(.eh_frame_hdr)

.eh_frame
 *(.eh_frame)

.textalign      0x0000000008007e04        0x4
                0x0000000008007e08                . = ALIGN (0x8)
 *fill*         0x0000000008007e04        0x4 
                0x0000000008007e08                . = ALIGN (0x4)
                0x0000000008007e08                PROVIDE (_etext, .)

.mstack         0x0000000020000000      0x400
                0x0000000020000000                . = ALIGN (0x8)
                0x0000000020000000                __main_stack_base__ = .
                0x0000000020000400                . = (. + __main_stack_size__)
 *fill*         0x0000000020000000      0x400 
                0x0000000020000400                . = ALIGN (0x8)
                0x0000000020000400                __main_stack_end__ = .

.pstack         0x0000000020000400      0x400
                0x0000000020000400                __process_stack_base__ = .
                0x0000000020000400                __main_thread_stack_base__ = .
                0x0000000020000800                . = (. + __process_stack_size__)
 *fill*         0x0000000020000400      0x400 
                0x0000000020000800                . = ALIGN (0x8)
                0x0000000020000800                __process_stack_end__ = .
                0x0000000020000800                __main_thread_stack_end__ = .

.data           0x0000000020000800      0x46c load address 0x0000000008007e08
                0x0000000020000800                . = ALIGN (0x4)
                0x0000000008007e08                PROVIDE (_textdata, LOADADDR (.data))
                0x0000000020000800                PROVIDE (_data, .)
                0x0000000008007e08                _textdata_start = LOADADDR (.data)
                0x0000000020000800                _data_start = .
 *(.data)
 *(.data.*)
 .data.linecoding
                0x0000000020000800        0x7 build/obj/serial_usb.o
 *fill*         0x0000000020000807        0x1 
 .data.pwmcfg   0x0000000020000808       0x34 build/obj/esc.o
 .data.__fdlib_version
                0x000000002000083c        0x1 /usr/local/Cellar/gcc-arm-none-eabi-49/20150609/bin/../lib/gcc/arm-none-eabi/4.9.3/../../../../arm-none-eabi/lib/armv7e-m/fpu/libm.a(lib_a-s_lib_ver.o)
                0x000000002000083c                __fdlib_version
 *fill*         0x000000002000083d        0x3 
 .data.impure_data
                0x0000000020000840      0x428 /usr/local/Cellar/gcc-arm-none-eabi-49/20150609/bin/../lib/gcc/arm-none-eabi/4.9.3/../../../../arm-none-eabi/lib/armv7e-m/fpu/libg.a(lib_a-impure.o)
 .data._impure_ptr
                0x0000000020000c68        0x4 /usr/local/Cellar/gcc-arm-none-eabi-49/20150609/bin/../lib/gcc/arm-none-eabi/4.9.3/../../../../arm-none-eabi/lib/armv7e-m/fpu/libg.a(lib_a-impure.o)
                0x0000000020000c68                _impure_ptr
 *(.ramtext)
                0x0000000020000c6c                . = ALIGN (0x4)
                0x0000000020000c6c                PROVIDE (_edata, .)
                0x0000000020000c6c                _data_end = .

.igot.plt       0x0000000020000c6c        0x0 load address 0x0000000008008274
 .igot.plt      0x0000000000000000        0x0 build/obj/crt0_v7m.o

.bss            0x0000000020000c70      0xf14 load address 0x0000000008008274
                0x0000000020000c70                . = ALIGN (0x4)
                0x0000000020000c70                _bss_start = .
 *(.bss)
 *(.bss.*)
 .bss.ch        0x0000000020000c70      0x258 build/obj/chschd.o
                0x0000000020000c70                ch
 .bss.endmem    0x0000000020000ec8        0x4 build/obj/chmemcore.o
 .bss.nextmem   0x0000000020000ecc        0x4 build/obj/chmemcore.o
 .bss.default_heap
                0x0000000020000ed0       0x20 build/obj/chheap.o
 .bss.dma_isr_redir
                0x0000000020000ef0       0x80 build/obj/stm32_dma.o
 .bss.dma_streams_mask
                0x0000000020000f70        0x4 build/obj/stm32_dma.o
 .bss.ADCD1     0x0000000020000f74       0x34 build/obj/adc_lld.o
                0x0000000020000f74                ADCD1
 .bss.ADCD2     0x0000000020000fa8       0x34 build/obj/adc_lld.o
                0x0000000020000fa8                ADCD2
 .bss.ADCD3     0x0000000020000fdc       0x34 build/obj/adc_lld.o
                0x0000000020000fdc                ADCD3
 .bss.EXTD1     0x0000000020001010        0x8 build/obj/ext_lld.o
                0x0000000020001010                EXTD1
 .bss.I2CD1     0x0000000020001018       0x38 build/obj/i2c_lld.o
                0x0000000020001018                I2CD1
 .bss.USBD1     0x0000000020001050      0x280 build/obj/usb_lld.o
                0x0000000020001050                USBD1
 .bss.ep0_state
                0x00000000200012d0       0x10 build/obj/usb_lld.o
 .bss.ep0setup_buffer
                0x00000000200012e0        0x8 build/obj/usb_lld.o
 .bss.dummytx   0x00000000200012e8        0x2 build/obj/spi_lld.o
 *fill*         0x00000000200012ea        0x2 
 .bss.SPID1     0x00000000200012ec       0x30 build/obj/spi_lld.o
                0x00000000200012ec                SPID1
 .bss.dummyrx   0x000000002000131c        0x2 build/obj/spi_lld.o
 *fill*         0x000000002000131e        0x2 
 .bss.PWMD5     0x0000000020001320       0x1c build/obj/pwm_lld.o
                0x0000000020001320                PWMD5
 .bss.ep2instate
                0x000000002000133c       0x10 build/obj/comm_usb.o
 .bss.SDU1      0x000000002000134c      0x488 build/obj/comm_usb.o
                0x000000002000134c                SDU1
 .bss.ep1instate
                0x00000000200017d4       0x10 build/obj/comm_usb.o
 .bss.ep1outstate
                0x00000000200017e4       0x10 build/obj/comm_usb.o
 .bss.RGBdata   0x00000000200017f4       0x14 build/obj/ws2812b.o
 .bss.bitbuffer
                0x0000000020001808      0x154 build/obj/ws2812b.o
 .bss.gamma_table
                0x000000002000195c      0x100 build/obj/ws2812b.o
 .bss.nrf24l01  0x0000000020001a5c      0x128 build/obj/nrf24l01.o
                0x0000000020001a5c                nrf24l01
 *(COMMON)
                0x0000000020001b84                . = ALIGN (0x4)
                0x0000000020001b84                _bss_end = .
                0x0000000020001b84                PROVIDE (end, .)

.ram0_init      0x0000000020001b84        0x0 load address 0x0000000008008274
                0x0000000020001b84                . = ALIGN (0x4)
                0x0000000008008274                __ram0_init_text__ = LOADADDR (.ram0_init)
                0x0000000020001b84                __ram0_init__ = .
 *(.ram0_init)
 *(.ram0_init.*)
                0x0000000020001b84                . = ALIGN (0x4)

.ram0           0x0000000020001b84        0x0 load address 0x0000000008008274
                0x0000000020001b84                . = ALIGN (0x4)
                0x0000000020001b84                __ram0_clear__ = .
 *(.ram0_clear)
 *(.ram0_clear.*)
                0x0000000020001b84                . = ALIGN (0x4)
                0x0000000020001b84                __ram0_noinit__ = .
 *(.ram0)
 *(.ram0.*)
                0x0000000020001b84                . = ALIGN (0x4)
                0x0000000020001b84                __ram0_free__ = .

.ram1_init      0x0000000020000000        0x0 load address 0x0000000008008274
                0x0000000020000000                . = ALIGN (0x4)
                0x0000000008008274                __ram1_init_text__ = LOADADDR (.ram1_init)
                0x0000000020000000                __ram1_init__ = .
 *(.ram1_init)
 *(.ram1_init.*)
                0x0000000020000000                . = ALIGN (0x4)

.ram1           0x0000000020000000        0x0 load address 0x0000000008008274
                0x0000000020000000                . = ALIGN (0x4)
                0x0000000020000000                __ram1_clear__ = .
 *(.ram1_clear)
 *(.ram1_clear.*)
                0x0000000020000000                . = ALIGN (0x4)
                0x0000000020000000                __ram1_noinit__ = .
 *(.ram1)
 *(.ram1.*)
                0x0000000020000000                . = ALIGN (0x4)
                0x0000000020000000                __ram1_free__ = .

.ram2_init      0x000000002001c000        0x0 load address 0x0000000008008274
                0x000000002001c000                . = ALIGN (0x4)
                0x0000000008008274                __ram2_init_text__ = LOADADDR (.ram2_init)
                0x000000002001c000                __ram2_init__ = .
 *(.ram2_init)
 *(.ram2_init.*)
                0x000000002001c000                . = ALIGN (0x4)

.ram2           0x000000002001c000        0x0 load address 0x0000000008008274
                0x000000002001c000                . = ALIGN (0x4)
                0x000000002001c000                __ram2_clear__ = .
 *(.ram2_clear)
 *(.ram2_clear.*)
                0x000000002001c000                . = ALIGN (0x4)
                0x000000002001c000                __ram2_noinit__ = .
 *(.ram2)
 *(.ram2.*)
                0x000000002001c000                . = ALIGN (0x4)
                0x000000002001c000                __ram2_free__ = .

.ram3_init      0x0000000000000000        0x0 load address 0x0000000008008274
                0x0000000000000000                . = ALIGN (0x4)
                0x0000000008008274                __ram3_init_text__ = LOADADDR (.ram3_init)
                0x0000000000000000                __ram3_init__ = .
 *(.ram3_init)
 *(.ram3_init.*)
                0x0000000000000000                . = ALIGN (0x4)

.ram3           0x0000000000000000        0x0 load address 0x0000000008008274
                0x0000000000000000                . = ALIGN (0x4)
                0x0000000000000000                __ram3_clear__ = .
 *(.ram3_clear)
 *(.ram3_clear.*)
                0x0000000000000000                . = ALIGN (0x4)
                0x0000000000000000                __ram3_noinit__ = .
 *(.ram3)
 *(.ram3.*)
                0x0000000000000000                . = ALIGN (0x4)
                0x0000000000000000                __ram3_free__ = .

.ram4_init      0x0000000000000000        0x0 load address 0x0000000008008274
                0x0000000000000000                . = ALIGN (0x4)
                0x0000000008008274                __ram4_init_text__ = LOADADDR (.ram4_init)
                0x0000000000000000                __ram4_init__ = .
 *(.ram4_init)
 *(.ram4_init.*)
                0x0000000000000000                . = ALIGN (0x4)

.ram4           0x0000000000000000        0x0 load address 0x0000000008008274
                0x0000000000000000                . = ALIGN (0x4)
                0x0000000000000000                __ram4_clear__ = .
 *(.ram4_clear)
 *(.ram4_clear.*)
                0x0000000000000000                . = ALIGN (0x4)
                0x0000000000000000                __ram4_noinit__ = .
 *(.ram4)
 *(.ram4.*)
                0x0000000000000000                . = ALIGN (0x4)
                0x0000000000000000                __ram4_free__ = .

.ram5_init      0x0000000000000000        0x0 load address 0x0000000008008274
                0x0000000000000000                . = ALIGN (0x4)
                0x0000000008008274                __ram5_init_text__ = LOADADDR (.ram5_init)
                0x0000000000000000                __ram5_init__ = .
 *(.ram5_init)
 *(.ram5_init.*)
                0x0000000000000000                . = ALIGN (0x4)

.ram5           0x0000000000000000        0x0 load address 0x0000000008008274
                0x0000000000000000                . = ALIGN (0x4)
                0x0000000000000000                __ram5_clear__ = .
 *(.ram5_clear)
 *(.ram5_clear.*)
                0x0000000000000000                . = ALIGN (0x4)
                0x0000000000000000                __ram5_noinit__ = .
 *(.ram5)
 *(.ram5.*)
                0x0000000000000000                . = ALIGN (0x4)
                0x0000000000000000                __ram5_free__ = .

.ram6_init      0x0000000000000000        0x0 load address 0x0000000008008274
                0x0000000000000000                . = ALIGN (0x4)
                0x0000000008008274                __ram6_init_text__ = LOADADDR (.ram6_init)
                0x0000000000000000                __ram6_init__ = .
 *(.ram6_init)
 *(.ram6_init.*)
                0x0000000000000000                . = ALIGN (0x4)

.ram6           0x0000000000000000        0x0 load address 0x0000000008008274
                0x0000000000000000                . = ALIGN (0x4)
                0x0000000000000000                __ram6_clear__ = .
 *(.ram6_clear)
 *(.ram6_clear.*)
                0x0000000000000000                . = ALIGN (0x4)
                0x0000000000000000                __ram6_noinit__ = .
 *(.ram6)
 *(.ram6.*)
                0x0000000000000000                . = ALIGN (0x4)
                0x0000000000000000                __ram6_free__ = .

.ram7_init      0x0000000000000000        0x0 load address 0x0000000008008274
                0x0000000000000000                . = ALIGN (0x4)
                0x0000000008008274                __ram7_init_text__ = LOADADDR (.ram7_init)
                0x0000000000000000                __ram7_init__ = .
 *(.ram7_init)
 *(.ram7_init.*)
                0x0000000000000000                . = ALIGN (0x4)

.ram7           0x0000000000000000        0x0 load address 0x0000000008008274
                0x0000000000000000                . = ALIGN (0x4)
                0x0000000000000000                __ram7_clear__ = .
 *(.ram7_clear)
 *(.ram7_clear.*)
                0x0000000000000000                . = ALIGN (0x4)
                0x0000000000000000                __ram7_noinit__ = .
 *(.ram7)
 *(.ram7.*)
                0x0000000000000000                . = ALIGN (0x4)
                0x0000000000000000                __ram7_free__ = .

.heap           0x0000000020001b84    0x1e47c
                0x0000000020001b88                . = ALIGN (0x8)
 *fill*         0x0000000020001b84        0x4 
                0x0000000020001b88                __heap_base__ = .
                0x0000000020020000                . = (ORIGIN (HEAP_RAM) + 0x20000)
 *fill*         0x0000000020001b88    0x1e478 
                0x0000000020020000                __heap_end__ = .
                0x0000000000000400                __process_stack_size__ = 0x400
                0x0000000000000400                __main_stack_size__ = 0x400
LOAD /usr/local/Cellar/gcc-arm-none-eabi-49/20150609/bin/../lib/gcc/arm-none-eabi/4.9.3/../../../../arm-none-eabi/lib/armv7e-m/fpu/libm.a
START GROUP
LOAD /usr/local/Cellar/gcc-arm-none-eabi-49/20150609/bin/../lib/gcc/arm-none-eabi/4.9.3/armv7e-m/fpu/libgcc.a
LOAD /usr/local/Cellar/gcc-arm-none-eabi-49/20150609/bin/../lib/gcc/arm-none-eabi/4.9.3/../../../../arm-none-eabi/lib/armv7e-m/fpu/libg.a
LOAD /usr/local/Cellar/gcc-arm-none-eabi-49/20150609/bin/../lib/gcc/arm-none-eabi/4.9.3/../../../../arm-none-eabi/lib/armv7e-m/fpu/libc.a
END GROUP
OUTPUT(build/Quadrotor.elf elf32-littlearm)

.ARM.attributes
                0x0000000000000000       0x35
 .ARM.attributes
                0x0000000000000000       0x25 build/obj/crt0_v7m.o
 .ARM.attributes
                0x0000000000000025       0x25 build/obj/chcoreasm_v7m.o
 .ARM.attributes
                0x000000000000004a       0x39 build/obj/crt1.o
 .ARM.attributes
                0x0000000000000083       0x39 build/obj/vectors.o
 .ARM.attributes
                0x00000000000000bc       0x39 build/obj/chsys.o
 .ARM.attributes
                0x00000000000000f5       0x39 build/obj/chvt.o
 .ARM.attributes
                0x000000000000012e       0x39 build/obj/chschd.o
 .ARM.attributes
                0x0000000000000167       0x39 build/obj/chthreads.o
 .ARM.attributes
                0x00000000000001a0       0x39 build/obj/chtm.o
 .ARM.attributes
                0x00000000000001d9       0x39 build/obj/chregistry.o
 .ARM.attributes
                0x0000000000000212       0x39 build/obj/chmtx.o
 .ARM.attributes
                0x000000000000024b       0x39 build/obj/chevents.o
 .ARM.attributes
                0x0000000000000284       0x39 build/obj/chmemcore.o
 .ARM.attributes
                0x00000000000002bd       0x39 build/obj/chheap.o
 .ARM.attributes
                0x00000000000002f6       0x39 build/obj/chcore_v7m.o
 .ARM.attributes
                0x000000000000032f       0x39 build/obj/hal.o
 .ARM.attributes
                0x0000000000000368       0x39 build/obj/st.o
 .ARM.attributes
                0x00000000000003a1       0x39 build/obj/hal_buffers.o
 .ARM.attributes
                0x00000000000003da       0x39 build/obj/adc.o
 .ARM.attributes
                0x0000000000000413       0x39 build/obj/ext.o
 .ARM.attributes
                0x000000000000044c       0x39 build/obj/i2c.o
 .ARM.attributes
                0x0000000000000485       0x39 build/obj/pwm.o
 .ARM.attributes
                0x00000000000004be       0x39 build/obj/serial_usb.o
 .ARM.attributes
                0x00000000000004f7       0x39 build/obj/spi.o
 .ARM.attributes
                0x0000000000000530       0x39 build/obj/usb.o
 .ARM.attributes
                0x0000000000000569       0x39 build/obj/nvic.o
 .ARM.attributes
                0x00000000000005a2       0x39 build/obj/hal_lld.o
 .ARM.attributes
                0x00000000000005db       0x39 build/obj/stm32_dma.o
 .ARM.attributes
                0x0000000000000614       0x39 build/obj/st_lld.o
 .ARM.attributes
                0x000000000000064d       0x39 build/obj/adc_lld.o
 .ARM.attributes
                0x0000000000000686       0x39 build/obj/ext_lld.o
 .ARM.attributes
                0x00000000000006bf       0x39 build/obj/ext_lld_isr.o
 .ARM.attributes
                0x00000000000006f8       0x39 build/obj/pal_lld.o
 .ARM.attributes
                0x0000000000000731       0x39 build/obj/i2c_lld.o
 .ARM.attributes
                0x000000000000076a       0x39 build/obj/usb_lld.o
 .ARM.attributes
                0x00000000000007a3       0x39 build/obj/spi_lld.o
 .ARM.attributes
                0x00000000000007dc       0x39 build/obj/pwm_lld.o
 .ARM.attributes
                0x0000000000000815       0x39 build/obj/board.o
 .ARM.attributes
                0x000000000000084e       0x39 build/obj/chprintf.o
 .ARM.attributes
                0x0000000000000887       0x39 build/obj/main.o
 .ARM.attributes
                0x00000000000008c0       0x39 build/obj/comm_usb.o
 .ARM.attributes
                0x00000000000008f9       0x39 build/obj/ws2812b.o
 .ARM.attributes
                0x0000000000000932       0x39 build/obj/bno055.o
 .ARM.attributes
                0x000000000000096b       0x39 build/obj/nrf24l01.o
 .ARM.attributes
                0x00000000000009a4       0x39 build/obj/esc.o
 .ARM.attributes
                0x00000000000009dd       0x39 build/obj/controller.o
 .ARM.attributes
                0x0000000000000a16       0x39 build/obj/stm32f4xx_dma.o
 .ARM.attributes
                0x0000000000000a4f       0x39 build/obj/stm32f4xx_rcc.o
 .ARM.attributes