Archive member included because of file (symbol)

/usr/local/Cellar/gcc-arm-none-eabi-49/20150609/bin/../lib/gcc/arm-none-eabi/4.9.3/../../../../arm-none-eabi/lib/armv7e-m/fpu/libm.a(lib_a-sf_round.o)
                              build/obj/ws2812b.o (roundf)
/usr/local/Cellar/gcc-arm-none-eabi-49/20150609/bin/../lib/gcc/arm-none-eabi/4.9.3/../../../../arm-none-eabi/lib/armv7e-m/fpu/libm.a(lib_a-wf_pow.o)
                              build/obj/ws2812b.o (powf)
/usr/local/Cellar/gcc-arm-none-eabi-49/20150609/bin/../lib/gcc/arm-none-eabi/4.9.3/../../../../arm-none-eabi/lib/armv7e-m/fpu/libm.a(lib_a-ef_pow.o)
                              /usr/local/Cellar/gcc-arm-none-eabi-49/20150609/bin/../lib/gcc/arm-none-eabi/4.9.3/../../../../arm-none-eabi/lib/armv7e-m/fpu/libm.a(lib_a-wf_pow.o) (__ieee754_powf)
/usr/local/Cellar/gcc-arm-none-eabi-49/20150609/bin/../lib/gcc/arm-none-eabi/4.9.3/../../../../arm-none-eabi/lib/armv7e-m/fpu/libm.a(lib_a-ef_sqrt.o)
                              /usr/local/Cellar/gcc-arm-none-eabi-49/20150609/bin/../lib/gcc/arm-none-eabi/4.9.3/../../../../arm-none-eabi/lib/armv7e-m/fpu/libm.a(lib_a-ef_pow.o) (__ieee754_sqrtf)
/usr/local/Cellar/gcc-arm-none-eabi-49/20150609/bin/../lib/gcc/arm-none-eabi/4.9.3/../../../../arm-none-eabi/lib/armv7e-m/fpu/libm.a(lib_a-s_lib_ver.o)
                              /usr/local/Cellar/gcc-arm-none-eabi-49/20150609/bin/../lib/gcc/arm-none-eabi/4.9.3/../../../../arm-none-eabi/lib/armv7e-m/fpu/libm.a(lib_a-wf_pow.o) (__fdlib_version)
/usr/local/Cellar/gcc-arm-none-eabi-49/20150609/bin/../lib/gcc/arm-none-eabi/4.9.3/../../../../arm-none-eabi/lib/armv7e-m/fpu/libm.a(lib_a-s_matherr.o)
                              /usr/local/Cellar/gcc-arm-none-eabi-49/20150609/bin/../lib/gcc/arm-none-eabi/4.9.3/../../../../arm-none-eabi/lib/armv7e-m/fpu/libm.a(lib_a-wf_pow.o) (matherr)
/usr/local/Cellar/gcc-arm-none-eabi-49/20150609/bin/../lib/gcc/arm-none-eabi/4.9.3/../../../../arm-none-eabi/lib/armv7e-m/fpu/libm.a(lib_a-s_rint.o)
                              /usr/local/Cellar/gcc-arm-none-eabi-49/20150609/bin/../lib/gcc/arm-none-eabi/4.9.3/../../../../arm-none-eabi/lib/armv7e-m/fpu/libm.a(lib_a-wf_pow.o) (rint)
/usr/local/Cellar/gcc-arm-none-eabi-49/20150609/bin/../lib/gcc/arm-none-eabi/4.9.3/../../../../arm-none-eabi/lib/armv7e-m/fpu/libm.a(lib_a-sf_fabs.o)
                              /usr/local/Cellar/gcc-arm-none-eabi-49/20150609/bin/../lib/gcc/arm-none-eabi/4.9.3/../../../../arm-none-eabi/lib/armv7e-m/fpu/libm.a(lib_a-ef_pow.o) (fabsf)
/usr/local/Cellar/gcc-arm-none-eabi-49/20150609/bin/../lib/gcc/arm-none-eabi/4.9.3/../../../../arm-none-eabi/lib/armv7e-m/fpu/libm.a(lib_a-sf_finite.o)
                              /usr/local/Cellar/gcc-arm-none-eabi-49/20150609/bin/../lib/gcc/arm-none-eabi/4.9.3/../../../../arm-none-eabi/lib/armv7e-m/fpu/libm.a(lib_a-wf_pow.o) (finitef)
/usr/local/Cellar/gcc-arm-none-eabi-49/20150609/bin/../lib/gcc/arm-none-eabi/4.9.3/../../../../arm-none-eabi/lib/armv7e-m/fpu/libm.a(lib_a-sf_fpclassify.o)
                              /usr/local/Cellar/gcc-arm-none-eabi-49/20150609/bin/../lib/gcc/arm-none-eabi/4.9.3/../../../../arm-none-eabi/lib/armv7e-m/fpu/libm.a(lib_a-wf_pow.o) (__fpclassifyf)
/usr/local/Cellar/gcc-arm-none-eabi-49/20150609/bin/../lib/gcc/arm-none-eabi/4.9.3/../../../../arm-none-eabi/lib/armv7e-m/fpu/libm.a(lib_a-sf_nan.o)
                              /usr/local/Cellar/gcc-arm-none-eabi-49/20150609/bin/../lib/gcc/arm-none-eabi/4.9.3/../../../../arm-none-eabi/lib/armv7e-m/fpu/libm.a(lib_a-ef_pow.o) (nanf)
/usr/local/Cellar/gcc-arm-none-eabi-49/20150609/bin/../lib/gcc/arm-none-eabi/4.9.3/../../../../arm-none-eabi/lib/armv7e-m/fpu/libm.a(lib_a-sf_scalbn.o)
                              /usr/local/Cellar/gcc-arm-none-eabi-49/20150609/bin/../lib/gcc/arm-none-eabi/4.9.3/../../../../arm-none-eabi/lib/armv7e-m/fpu/libm.a(lib_a-ef_pow.o) (scalbnf)
/usr/local/Cellar/gcc-arm-none-eabi-49/20150609/bin/../lib/gcc/arm-none-eabi/4.9.3/../../../../arm-none-eabi/lib/armv7e-m/fpu/libm.a(lib_a-sf_copysign.o)
                              /usr/local/Cellar/gcc-arm-none-eabi-49/20150609/bin/../lib/gcc/arm-none-eabi/4.9.3/../../../../arm-none-eabi/lib/armv7e-m/fpu/libm.a(lib_a-sf_scalbn.o) (copysignf)
/usr/local/Cellar/gcc-arm-none-eabi-49/20150609/bin/../lib/gcc/arm-none-eabi/4.9.3/armv7e-m/fpu/libgcc.a(_arm_addsubdf3.o)
                              build/obj/chprintf.o (__aeabi_dsub)
/usr/local/Cellar/gcc-arm-none-eabi-49/20150609/bin/../lib/gcc/arm-none-eabi/4.9.3/armv7e-m/fpu/libgcc.a(_arm_muldivdf3.o)
                              build/obj/chprintf.o (__aeabi_dmul)
/usr/local/Cellar/gcc-arm-none-eabi-49/20150609/bin/../lib/gcc/arm-none-eabi/4.9.3/armv7e-m/fpu/libgcc.a(_arm_cmpdf2.o)
                              /usr/local/Cellar/gcc-arm-none-eabi-49/20150609/bin/../lib/gcc/arm-none-eabi/4.9.3/../../../../arm-none-eabi/lib/armv7e-m/fpu/libm.a(lib_a-wf_pow.o) (__aeabi_dcmpeq)
[...]
Memory Configuration

Name             Origin             Length             Attributes
flash            0x0000000008000000 0x0000000000080000
ram0             0x0000000020000000 0x0000000000020000
ram1             0x0000000020000000 0x000000000001c000
ram2             0x000000002001c000 0x0000000000004000
ram3             0x0000000000000000 0x0000000000000000
ram4             0x0000000000000000 0x0000000000000000
ram5             0x0000000000000000 0x0000000000000000
ram6             0x0000000000000000 0x0000000000000000
ram7             0x0000000000000000 0x0000000000000000
*default*        0x0000000000000000 0xffffffffffffffff

Linker script and memory map

LOAD build/obj/crt0_v7m.o
LOAD build/obj/chcoreasm_v7m.o
LOAD build/obj/crt1.o
LOAD build/obj/vectors.o
LOAD build/obj/chsys.o
LOAD build/obj/chdebug.o
LOAD build/obj/chvt.o
LOAD build/obj/chschd.o
LOAD build/obj/chthreads.o
LOAD build/obj/chtm.o
LOAD build/obj/chdynamic.o
LOAD build/obj/chregistry.o
LOAD build/obj/chsem.o
LOAD build/obj/chmtx.o
LOAD build/obj/chcond.o
LOAD build/obj/chevents.o
LOAD build/obj/chmsg.o
LOAD build/obj/chmboxes.o
LOAD build/obj/chqueues.o
LOAD build/obj/chmemcore.o
LOAD build/obj/chheap.o
LOAD build/obj/chmempools.o
LOAD build/obj/chcore.o
LOAD build/obj/chcore_v7m.o
LOAD build/obj/osal.o
LOAD build/obj/hal.o
LOAD build/obj/st.o
LOAD build/obj/hal_buffers.o
LOAD build/obj/hal_queues.o
LOAD build/obj/hal_mmcsd.o
LOAD build/obj/adc.o
LOAD build/obj/i2c.o
LOAD build/obj/pal.o
LOAD build/obj/pwm.o
LOAD build/obj/serial_usb.o
LOAD build/obj/spi.o
LOAD build/obj/usb.o
LOAD build/obj/nvic.o
LOAD build/obj/hal_lld.o
LOAD build/obj/stm32_dma.o
LOAD build/obj/st_lld.o
LOAD build/obj/adc_lld.o
LOAD build/obj/pal_lld.o
LOAD build/obj/i2c_lld.o
LOAD build/obj/usb_lld.o
LOAD build/obj/spi_lld.o
LOAD build/obj/pwm_lld.o
LOAD build/obj/board.o
LOAD build/obj/chprintf.o
LOAD build/obj/syscalls.o
LOAD build/obj/shell.o
LOAD build/obj/main.o
LOAD build/obj/comm_usb.o
LOAD build/obj/ws2812b.o
LOAD build/obj/bno055.o
LOAD build/obj/misc.o
LOAD build/obj/stm32f4xx_adc.o
LOAD build/obj/stm32f4xx_dma.o
LOAD build/obj/stm32f4xx_exti.o
LOAD build/obj/stm32f4xx_flash.o
LOAD build/obj/stm32f4xx_rcc.o
LOAD build/obj/stm32f4xx_rng.o
LOAD build/obj/stm32f4xx_syscfg.o
LOAD build/obj/stm32f4xx_tim.o
LOAD build/obj/stm32f4xx_wwdg.o
                0x0000000020000000                __ram0_start__ = ORIGIN (ram0)
                0x0000000000020000                __ram0_size__ = 0x20000
                0x0000000020020000                __ram0_end__ = (__ram0_start__ + __ram0_size__)
                0x0000000020000000                __ram1_start__ = ORIGIN (ram1)
                0x000000000001c000                __ram1_size__ = 0x1c000
                0x000000002001c000                __ram1_end__ = (__ram1_start__ + __ram1_size__)
                0x000000002001c000                __ram2_start__ = ORIGIN (ram2)
                0x0000000000004000                __ram2_size__ = 0x4000
                0x0000000020020000                __ram2_end__ = (__ram2_start__ + __ram2_size__)
                0x0000000000000000                __ram3_start__ = ORIGIN (ram3)
                0x0000000000000000                __ram3_size__ = 0x0
                0x0000000000000000                __ram3_end__ = (__ram3_start__ + __ram3_size__)
                0x0000000000000000                __ram4_start__ = ORIGIN (ram4)
                0x0000000000000000                __ram4_size__ = 0x0
                0x0000000000000000                __ram4_end__ = (__ram4_start__ + __ram4_size__)
                0x0000000000000000                __ram5_start__ = ORIGIN (ram5)
                0x0000000000000000                __ram5_size__ = 0x0
                0x0000000000000000                __ram5_end__ = (__ram5_start__ + __ram5_size__)
                0x0000000000000000                __ram6_start__ = ORIGIN (ram6)
                0x0000000000000000                __ram6_size__ = 0x0
                0x0000000000000000                __ram6_end__ = (__ram6_start__ + __ram6_size__)
                0x0000000000000000                __ram7_start__ = ORIGIN (ram7)
                0x0000000000000000                __ram7_size__ = 0x0
                0x0000000000000000                __ram7_end__ = (__ram7_start__ + __ram7_size__)
                0x0000000000000000                . = 0x0
                0x0000000000000000                _text = .

startup         0x0000000008000000      0x1c0
 *(.vectors)
 .vectors       0x0000000008000000      0x1c0 build/obj/vectors.o
                0x0000000008000000                _vectors

constructors    0x00000000080001c0        0x0
                0x00000000080001c0                __init_array_start = .
 *(SORT(.init_array.*))
 *(.init_array)
                0x00000000080001c0                __init_array_end = .

destructors     0x00000000080001c0        0x0
                0x00000000080001c0                __fini_array_start = .
 *(.fini_array)
 *(SORT(.fini_array.*))
                0x00000000080001c0                __fini_array_end = .

.text           0x00000000080001c0     0x63c4
 *(.text)
 .text          0x00000000080001c0      0x10c build/obj/crt0_v7m.o
                0x00000000080001c0                Reset_Handler
 *fill*         0x00000000080002cc        0x4 
 .text          0x00000000080002d0       0x30 build/obj/chcoreasm_v7m.o
                0x00000000080002d0                _port_switch
                0x00000000080002e8                _port_thread_start
                0x00000000080002f8                _port_switch_from_isr
                0x00000000080002fc                _port_exit_from_isr
 .text          0x0000000008000300      0x370 /usr/local/Cellar/gcc-arm-none-eabi-49/20150609/bin/../lib/gcc/arm-none-eabi/4.9.3/armv7e-m/fpu/libgcc.a(_arm_addsubdf3.o)
                0x0000000008000300                __aeabi_drsub
                0x0000000008000308                __subdf3
                0x0000000008000308                __aeabi_dsub
                0x000000000800030c                __aeabi_dadd
                0x000000000800030c                __adddf3
                0x0000000008000584                __aeabi_ui2d
                0x0000000008000584                __floatunsidf
                0x00000000080005a4                __floatsidf
                0x00000000080005a4                __aeabi_i2d
                0x00000000080005c8                __extendsfdf2
                0x00000000080005c8                __aeabi_f2d
                0x0000000008000604                __aeabi_ul2d
                0x0000000008000604                __floatundidf
                0x0000000008000614                __aeabi_l2d
                0x0000000008000614                __floatdidf
 .text          0x0000000008000670      0x424 /usr/local/Cellar/gcc-arm-none-eabi-49/20150609/bin/../lib/gcc/arm-none-eabi/4.9.3/armv7e-m/fpu/libgcc.a(_arm_muldivdf3.o)
                0x0000000008000670                __aeabi_dmul
                0x0000000008000670                __muldf3
                0x00000000080008c4                __aeabi_ddiv
                0x00000000080008c4                __divdf3
 *fill*         0x0000000008000a94        0xc 
 .text          0x0000000008000aa0      0x110 /usr/local/Cellar/gcc-arm-none-eabi-49/20150609/bin/../lib/gcc/arm-none-eabi/4.9.3/armv7e-m/fpu/libgcc.a(_arm_cmpdf2.o)
                0x0000000008000aa0                __gtdf2
                0x0000000008000aa0                __gedf2
                0x0000000008000aa8                __ltdf2
                0x0000000008000aa8                __ledf2
                0x0000000008000ab0                __eqdf2
                0x0000000008000ab0                __nedf2
                0x0000000008000ab0                __cmpdf2
                0x0000000008000b2c                __aeabi_cdrcmple
                0x0000000008000b3c                __aeabi_cdcmple
                0x0000000008000b3c                __aeabi_cdcmpeq
                0x0000000008000b4c                __aeabi_dcmpeq
                0x0000000008000b60                __aeabi_dcmplt
                0x0000000008000b74                __aeabi_dcmple
                0x0000000008000b88                __aeabi_dcmpge
                0x0000000008000b9c                __aeabi_dcmpgt
 .text          0x0000000008000bb0       0x50 /usr/local/Cellar/gcc-arm-none-eabi-49/20150609/bin/../lib/gcc/arm-none-eabi/4.9.3/armv7e-m/fpu/libgcc.a(_arm_fixdfsi.o)
                0x0000000008000bb0                __fixdfsi
                0x0000000008000bb0                __aeabi_d2iz
 .text          0x0000000008000c00       0xa0 /usr/local/Cellar/gcc-arm-none-eabi-49/20150609/bin/../lib/gcc/arm-none-eabi/4.9.3/armv7e-m/fpu/libgcc.a(_arm_truncdfsf2.o)
                0x0000000008000c00                __aeabi_d2f
                0x0000000008000c00                __truncdfsf2
 .text          0x0000000008000ca0      0x134 /usr/local/Cellar/gcc-arm-none-eabi-49/20150609/bin/../lib/gcc/arm-none-eabi/4.9.3/../../../../arm-none-eabi/lib/armv7e-m/fpu/libg.a(lib_a-memcpy.o)
                0x0000000008000ca0                memcpy
 *(.text.*)
 *fill*         0x0000000008000dd4        0xc 
 .text.__core_init
                0x0000000008000de0        0x4 build/obj/crt1.o
                0x0000000008000de0                __core_init
 *fill*         0x0000000008000de4        0xc 
 .text.__late_init
                0x0000000008000df0        0x4 build/obj/crt1.o
                0x0000000008000df0                __late_init
 *fill*         0x0000000008000df4        0xc 
 .text.__default_exit
                0x0000000008000e00        0x4 build/obj/crt1.o
                0x0000000008000e00                __default_exit
 *fill*         0x0000000008000e04        0xc 
 .text.__init_ram_areas
                0x0000000008000e10       0x4c build/obj/crt1.o
                0x0000000008000e10                __init_ram_areas
 *fill*         0x0000000008000e5c        0x4 
 .text._unhandled_exception
                0x0000000008000e60        0x4 build/obj/vectors.o
                0x0000000008000e60                Vector174
                0x0000000008000e60                VectorE8
                0x0000000008000e60                Vector9C
                0x0000000008000e60                VectorAC
                0x0000000008000e60                DebugMon_Handler
                0x0000000008000e60                Vector1A0
                0x0000000008000e60                Vector5C
                0x0000000008000e60                Vector11C
                0x0000000008000e60                HardFault_Handler
                0x0000000008000e60                Vector1B8
                0x0000000008000e60                Vector19C
                0x0000000008000e60                Vector8C
                0x0000000008000e60                VectorDC
                0x0000000008000e60                PendSV_Handler
                0x0000000008000e60                Vector168
                0x0000000008000e60                NMI_Handler
                0x0000000008000e60                Vector110
                0x0000000008000e60                VectorC8
                0x0000000008000e60                Vector94
                0x0000000008000e60                VectorA8
                0x0000000008000e60                VectorB4
                0x0000000008000e60                Vector160
                0x0000000008000e60                Vector1B0
                0x0000000008000e60                UsageFault_Handler
                0x0000000008000e60                VectorEC
                0x0000000008000e60                Vector40
                0x0000000008000e60                VectorF8
                0x0000000008000e60                Vector108
                0x0000000008000e60                Vector190
                0x0000000008000e60                Vector148
                0x0000000008000e60                Vector188
                0x0000000008000e60                Vector198
                0x0000000008000e60                Vector118
                0x0000000008000e60                Vector64
                0x0000000008000e60                VectorCC
                0x0000000008000e60                Vector54
                0x0000000008000e60                Vector98
                0x0000000008000e60                VectorD8
                0x0000000008000e60                Vector138
                0x0000000008000e60                Vector24
                0x0000000008000e60                Vector1AC
                0x0000000008000e60                Vector178
                0x0000000008000e60                Vector1A4
                0x0000000008000e60                VectorD0
                0x0000000008000e60                Vector1B4
                0x0000000008000e60                Vector140
                0x0000000008000e60                VectorE4
                0x0000000008000e60                Vector134
                0x0000000008000e60                VectorF0
                0x0000000008000e60                Vector13C
                0x0000000008000e60                Vector100
                0x0000000008000e60                VectorE0
                0x0000000008000e60                VectorF4
                0x0000000008000e60                MemManage_Handler
                0x0000000008000e60                VectorA0
                0x0000000008000e60                VectorC4
                0x0000000008000e60                Vector180
                0x0000000008000e60                Vector90
                0x0000000008000e60                Vector114
                0x0000000008000e60                Vector164
                0x0000000008000e60                Vector60
                0x0000000008000e60                Vector1C
                0x0000000008000e60                Vector1BC
                0x0000000008000e60                Vector17C
                0x0000000008000e60                Vector48
                0x0000000008000e60                Vector1A8
                0x0000000008000e60                Vector16C
                0x0000000008000e60                VectorD4
                0x0000000008000e60                Vector4C
                0x0000000008000e60                Vector144
                0x0000000008000e60                Vector15C
                0x0000000008000e60                Vector68
                0x0000000008000e60                _unhandled_exception
                0x0000000008000e60                Vector170
                0x0000000008000e60                Vector104
                0x0000000008000e60                Vector184
                0x0000000008000e60                Vector10C
                0x0000000008000e60                BusFault_Handler
                0x0000000008000e60                Vector50
                0x0000000008000e60                Vector194
                0x0000000008000e60                Vector44
                0x0000000008000e60                Vector28
                0x0000000008000e60                Vector34
                0x0000000008000e60                VectorA4
                0x0000000008000e60                Vector20
                0x0000000008000e60                Vector18C
                0x0000000008000e60                Vector58
 *fill*         0x0000000008000e64        0xc 
 .text._idle_thread
                0x0000000008000e70        0x4 build/obj/chsys.o
 *fill*         0x0000000008000e74        0xc 
 .text.chSysInit
                0x0000000008000e80       0xa4 build/obj/chsys.o
                0x0000000008000e80                chSysInit
 *fill*         0x0000000008000f24        0xc 
 .text.chSysHalt
                0x0000000008000f30        0xc build/obj/chsys.o
                0x0000000008000f30                chSysHalt
 *fill*         0x0000000008000f3c        0x4 
 .text.chSysTimerHandlerI
                0x0000000008000f40       0x58 build/obj/chsys.o
                0x0000000008000f40                chSysTimerHandlerI
 *fill*         0x0000000008000f98        0x8 
 .text.chSysPolledDelayX
                0x0000000008000fa0       0x14 build/obj/chsys.o
                0x0000000008000fa0                chSysPolledDelayX
 *fill*         0x0000000008000fb4        0xc 
 .text._vt_init
                0x0000000008000fc0       0x1c build/obj/chvt.o
                0x0000000008000fc0                _vt_init
 *fill*         0x0000000008000fdc        0x4 
 .text.chVTDoSetI
                0x0000000008000fe0       0x3c build/obj/chvt.o
                0x0000000008000fe0                chVTDoSetI
 *fill*         0x000000000800101c        0x4 
 .text.chVTDoResetI
                0x0000000008001020       0x28 build/obj/chvt.o
                0x0000000008001020                chVTDoResetI
 *fill*         0x0000000008001048        0x8 
 .text.wakeup   0x0000000008001050       0x70 build/obj/chschd.o
 .text._scheduler_init
                0x00000000080010c0       0x14 build/obj/chschd.o
                0x00000000080010c0                _scheduler_init
 *fill*         0x00000000080010d4        0xc 
 .text.chSchReadyI
                0x00000000080010e0       0x2c build/obj/chschd.o
                0x00000000080010e0                chSchReadyI
 *fill*         0x000000000800110c        0x4 
 .text.chSchGoSleepS
                0x0000000008001110       0x28 build/obj/chschd.o
                0x0000000008001110                chSchGoSleepS
 *fill*         0x0000000008001138        0x8 
 .text.chSchGoSleepTimeoutS
                0x0000000008001140       0x44 build/obj/chschd.o
                0x0000000008001140                chSchGoSleepTimeoutS
 *fill*         0x0000000008001184        0xc 
 .text.chSchWakeupS
                0x0000000008001190       0x58 build/obj/chschd.o
                0x0000000008001190                chSchWakeupS
 *fill*         0x00000000080011e8        0x8 
 .text.chSchIsPreemptionRequired
                0x00000000080011f0       0x28 build/obj/chschd.o
                0x00000000080011f0                chSchIsPreemptionRequired
 *fill*         0x0000000008001218        0x8 
 .text.chSchDoRescheduleBehind
                0x0000000008001220       0x40 build/obj/chschd.o
                0x0000000008001220                chSchDoRescheduleBehind
 .text.chSchDoRescheduleAhead
                0x0000000008001260       0x3c build/obj/chschd.o
                0x0000000008001260                chSchDoRescheduleAhead
 *fill*         0x000000000800129c        0x4 
 .text.chSchRescheduleS
                0x00000000080012a0       0x18 build/obj/chschd.o
                0x00000000080012a0                chSchRescheduleS
 *fill*         0x00000000080012b8        0x8 
 .text.chSchDoReschedule
                0x00000000080012c0       0x14 build/obj/chschd.o
                0x00000000080012c0                chSchDoReschedule
 *fill*         0x00000000080012d4        0xc 
 .text._thread_init
                0x00000000080012e0       0x50 build/obj/chthreads.o
                0x00000000080012e0                _thread_init
 .text.chThdCreateI
                0x0000000008001330       0x70 build/obj/chthreads.o
                0x0000000008001330                chThdCreateI
 .text.chThdCreateStatic
                0x00000000080013a0       0x80 build/obj/chthreads.o
                0x00000000080013a0                chThdCreateStatic
 .text.chThdSleep
                0x0000000008001420       0x18 build/obj/chthreads.o
                0x0000000008001420                chThdSleep
 *fill*         0x0000000008001438        0x8 
 .text.chThdExitS
                0x0000000008001440       0x40 build/obj/chthreads.o
                0x0000000008001440                chThdExitS
 .text.chThdExit
                0x0000000008001480        0xc build/obj/chthreads.o
                0x0000000008001480                chThdExit
 *fill*         0x000000000800148c        0x4 
 .text.chThdSuspendS
                0x0000000008001490       0x1c build/obj/chthreads.o
                0x0000000008001490                chThdSuspendS
 *fill*         0x00000000080014ac        0x4 
 .text.chThdSuspendTimeoutS
                0x00000000080014b0       0x1c build/obj/chthreads.o
                0x00000000080014b0                chThdSuspendTimeoutS
 *fill*         0x00000000080014cc        0x4 
 .text.chThdResumeI
                0x00000000080014d0       0x14 build/obj/chthreads.o
                0x00000000080014d0                chThdResumeI
 *fill*         0x00000000080014e4        0xc 
 .text.chThdEnqueueTimeoutS
                0x00000000080014f0       0x28 build/obj/chthreads.o
                0x00000000080014f0                chThdEnqueueTimeoutS
 *fill*         0x0000000008001518        0x8 
 .text.chThdDequeueNextI
                0x0000000008001520       0x20 build/obj/chthreads.o
                0x0000000008001520                chThdDequeueNextI
 .text.chThdDequeueAllI
                0x0000000008001540       0x24 build/obj/chthreads.o
                0x0000000008001540                chThdDequeueAllI
 *fill*         0x0000000008001564        0xc 
 .text.chTMStartMeasurementX
                0x0000000008001570        0xc build/obj/chtm.o
                0x0000000008001570                chTMStartMeasurementX
 *fill*         0x000000000800157c        0x4 
 .text.chTMStopMeasurementX
                0x0000000008001580       0x44 build/obj/chtm.o
                0x0000000008001580                chTMStopMeasurementX
 *fill*         0x00000000080015c4        0xc 
 .text._tm_init
                0x00000000080015d0       0x38 build/obj/chtm.o
                0x00000000080015d0                _tm_init
 *fill*         0x0000000008001608        0x8 
 .text.chMtxObjectInit
                0x0000000008001610        0xc build/obj/chmtx.o
                0x0000000008001610                chMtxObjectInit
 *fill*         0x000000000800161c        0x4 
 .text.chMtxLockS
                0x0000000008001620       0xc8 build/obj/chmtx.o
                0x0000000008001620                chMtxLockS
 *fill*         0x00000000080016e8        0x8 
 .text.chMtxLock
                0x00000000080016f0       0x14 build/obj/chmtx.o
                0x00000000080016f0                chMtxLock
 *fill*         0x0000000008001704        0xc 
 .text.chMtxUnlock
                0x0000000008001710       0x64 build/obj/chmtx.o
                0x0000000008001710                chMtxUnlock
 *fill*         0x0000000008001774        0xc 
 .text.chEvtSignalI
                0x0000000008001780       0x2c build/obj/chevents.o
                0x0000000008001780                chEvtSignalI
 *fill*         0x00000000080017ac        0x4 
 .text.chEvtBroadcastFlagsI
                0x00000000080017b0       0x2c build/obj/chevents.o
                0x00000000080017b0                chEvtBroadcastFlagsI
 *fill*         0x00000000080017dc        0x4 
 .text._core_init
                0x00000000080017e0       0x28 build/obj/chmemcore.o
                0x00000000080017e0                _core_init
 *fill*         0x0000000008001808        0x8 
 .text.chCoreAlloc
                0x0000000008001810       0x38 build/obj/chmemcore.o
                0x0000000008001810                chCoreAlloc
 *fill*         0x0000000008001848        0x8 
 .text._heap_init
                0x0000000008001850       0x1c build/obj/chheap.o
                0x0000000008001850                _heap_init
 *fill*         0x000000000800186c        0x4 
 .text.SVC_Handler
                0x0000000008001870       0x20 build/obj/chcore_v7m.o
                0x0000000008001870                SVC_Handler
 .text._port_irq_epilogue
                0x0000000008001890       0x60 build/obj/chcore_v7m.o
                0x0000000008001890                _port_irq_epilogue
 .text.halInit  0x00000000080018f0       0x34 build/obj/hal.o
                0x00000000080018f0                halInit
 *fill*         0x0000000008001924        0xc 
 .text.stInit   0x0000000008001930        0x4 build/obj/st.o
                0x0000000008001930                stInit
 *fill*         0x0000000008001934        0xc 
 .text.ibqObjectInit
                0x0000000008001940       0x2c build/obj/hal_buffers.o
                0x0000000008001940                ibqObjectInit
 *fill*         0x000000000800196c        0x4 
 .text.ibqResetI
                0x0000000008001970       0x18 build/obj/hal_buffers.o
                0x0000000008001970                ibqResetI
 *fill*         0x0000000008001988        0x8 
 .text.ibqGetEmptyBufferI
                0x0000000008001990       0x18 build/obj/hal_buffers.o
                0x0000000008001990                ibqGetEmptyBufferI
 *fill*         0x00000000080019a8        0x8 
 .text.ibqPostFullBufferI
                0x00000000080019b0       0x28 build/obj/hal_buffers.o
                0x00000000080019b0                ibqPostFullBufferI
 *fill*         0x00000000080019d8        0x8 
 .text.ibqGetFullBufferTimeoutS
                0x00000000080019e0       0x2c build/obj/hal_buffers.o
                0x00000000080019e0                ibqGetFullBufferTimeoutS
 *fill*         0x0000000008001a0c        0x4 
 .text.ibqReleaseEmptyBufferS
                0x0000000008001a10       0x30 build/obj/hal_buffers.o
                0x0000000008001a10                ibqReleaseEmptyBufferS
 .text.ibqGetTimeout
                0x0000000008001a40       0x48 build/obj/hal_buffers.o
                0x0000000008001a40                ibqGetTimeout
 *fill*         0x0000000008001a88        0x8 
 .text.ibqReadTimeout
                0x0000000008001a90      0x104 build/obj/hal_buffers.o
                0x0000000008001a90                ibqReadTimeout
 *fill*         0x0000000008001b94        0xc 
 .text.obqObjectInit
                0x0000000008001ba0       0x2c build/obj/hal_buffers.o
                0x0000000008001ba0                obqObjectInit
 *fill*         0x0000000008001bcc        0x4 
 .text.obqResetI
                0x0000000008001bd0       0x20 build/obj/hal_buffers.o
                0x0000000008001bd0                obqResetI
 .text.obqGetFullBufferI
                0x0000000008001bf0       0x1c build/obj/hal_buffers.o
                0x0000000008001bf0                obqGetFullBufferI
 *fill*         0x0000000008001c0c        0x4 
 .text.obqReleaseEmptyBufferI
                0x0000000008001c10       0x28 build/obj/hal_buffers.o
                0x0000000008001c10                obqReleaseEmptyBufferI
 *fill*         0x0000000008001c38        0x8 
 .text.obqGetEmptyBufferTimeoutS
                0x0000000008001c40       0x2c build/obj/hal_buffers.o
                0x0000000008001c40                obqGetEmptyBufferTimeoutS
 *fill*         0x0000000008001c6c        0x4 
 .text.obqPostFullBufferS
                0x0000000008001c70       0x2c build/obj/hal_buffers.o
                0x0000000008001c70                obqPostFullBufferS
 *fill*         0x0000000008001c9c        0x4 
 .text.obqPutTimeout
                0x0000000008001ca0       0x4c build/obj/hal_buffers.o
                0x0000000008001ca0                obqPutTimeout
 *fill*         0x0000000008001cec        0x4 
 .text.obqWriteTimeout
                0x0000000008001cf0      0x100 build/obj/hal_buffers.o
                0x0000000008001cf0                obqWriteTimeout
 .text.obqTryFlushI
                0x0000000008001df0       0x48 build/obj/hal_buffers.o
                0x0000000008001df0                obqTryFlushI
 *fill*         0x0000000008001e38        0x8 
 .text.adcInit  0x0000000008001e40        0x4 build/obj/adc.o
                0x0000000008001e40                adcInit
 *fill*         0x0000000008001e44        0xc 
 .text.adcObjectInit
                0x0000000008001e50       0x18 build/obj/adc.o
                0x0000000008001e50                adcObjectInit
 *fill*         0x0000000008001e68        0x8 
 .text.i2cInit  0x0000000008001e70        0x4 build/obj/i2c.o
                0x0000000008001e70                i2cInit
 *fill*         0x0000000008001e74        0xc 
 .text.i2cObjectInit
                0x0000000008001e80       0x10 build/obj/i2c.o
                0x0000000008001e80                i2cObjectInit
 .text.i2cStart
                0x0000000008001e90       0x1c build/obj/i2c.o
                0x0000000008001e90                i2cStart
 *fill*         0x0000000008001eac        0x4 
 .text.i2cMasterTransmitTimeout
                0x0000000008001eb0       0x40 build/obj/i2c.o
                0x0000000008001eb0                i2cMasterTransmitTimeout
 .text.i2cAcquireBus
                0x0000000008001ef0        0x8 build/obj/i2c.o
                0x0000000008001ef0                i2cAcquireBus
 *fill*         0x0000000008001ef8        0x8 
 .text.i2cReleaseBus
                0x0000000008001f00        0x8 build/obj/i2c.o
                0x0000000008001f00                i2cReleaseBus
 *fill*         0x0000000008001f08        0x8 
 .text.pwmInit  0x0000000008001f10        0x4 build/obj/pwm.o
                0x0000000008001f10                pwmInit
 *fill*         0x0000000008001f14        0xc 
 .text.pwmObjectInit
                0x0000000008001f20       0x10 build/obj/pwm.o
                0x0000000008001f20                pwmObjectInit
 .text.obnotify
                0x0000000008001f30       0x48 build/obj/serial_usb.o
 *fill*         0x0000000008001f78        0x8 
 .text.ibnotify
                0x0000000008001f80       0x48 build/obj/serial_usb.o
 *fill*         0x0000000008001fc8        0x8 
 .text.readt    0x0000000008001fd0       0x20 build/obj/serial_usb.o
 .text.writet   0x0000000008001ff0       0x20 build/obj/serial_usb.o
 .text.gett     0x0000000008002010       0x18 build/obj/serial_usb.o
 *fill*         0x0000000008002028        0x8 
 .text.get      0x0000000008002030       0x1c build/obj/serial_usb.o
 *fill*         0x000000000800204c        0x4 
 .text.putt     0x0000000008002050       0x18 build/obj/serial_usb.o
 *fill*         0x0000000008002068        0x8 
 .text.put      0x0000000008002070       0x1c build/obj/serial_usb.o
 *fill*         0x000000000800208c        0x4 
 .text.read     0x0000000008002090       0x1c build/obj/serial_usb.o
 *fill*         0x00000000080020ac        0x4 
 .text.write    0x00000000080020b0       0x1c build/obj/serial_usb.o
 *fill*         0x00000000080020cc        0x4 
 .text.sduInit  0x00000000080020d0        0x4 build/obj/serial_usb.o
                0x00000000080020d0                sduInit
 *fill*         0x00000000080020d4        0xc 
 .text.sduObjectInit
                0x00000000080020e0       0x54 build/obj/serial_usb.o
                0x00000000080020e0                sduObjectInit
 *fill*         0x0000000008002134        0xc 
 .text.sduStart
                0x0000000008002140       0x34 build/obj/serial_usb.o
                0x0000000008002140                sduStart
 *fill*         0x0000000008002174        0xc 
 .text.sduDisconnectI
                0x0000000008002180       0x20 build/obj/serial_usb.o
                0x0000000008002180                sduDisconnectI
 .text.sduConfigureHookI
                0x00000000080021a0       0x3c build/obj/serial_usb.o
                0x00000000080021a0                sduConfigureHookI
 *fill*         0x00000000080021dc        0x4 
 .text.sduRequestsHook
                0x00000000080021e0       0x40 build/obj/serial_usb.o
                0x00000000080021e0                sduRequestsHook
 .text.sduSOFHookI
                0x0000000008002220       0x50 build/obj/serial_usb.o
                0x0000000008002220                sduSOFHookI
 .text.sduDataTransmitted
                0x0000000008002270       0x84 build/obj/serial_usb.o
                0x0000000008002270                sduDataTransmitted
 *fill*         0x00000000080022f4        0xc 
 .text.sduDataReceived
                0x0000000008002300       0x58 build/obj/serial_usb.o
                0x0000000008002300                sduDataReceived
 *fill*         0x0000000008002358        0x8 
 .text.sduInterruptTransmitted
                0x0000000008002360        0x4 build/obj/serial_usb.o
                0x0000000008002360                sduInterruptTransmitted
 *fill*         0x0000000008002364        0xc 
 .text.spiInit  0x0000000008002370        0x4 build/obj/spi.o
                0x0000000008002370                spiInit
 *fill*         0x0000000008002374        0xc 
 .text.spiObjectInit
                0x0000000008002380       0x10 build/obj/spi.o
                0x0000000008002380                spiObjectInit
 .text.usbInit  0x0000000008002390        0x4 build/obj/usb.o
                0x0000000008002390                usbInit
 *fill*         0x0000000008002394        0xc 
 .text.usbObjectInit
                0x00000000080023a0       0x1c build/obj/usb.o
                0x00000000080023a0                usbObjectInit
 *fill*         0x00000000080023bc        0x4 
 .text.usbStart
                0x00000000080023c0       0x24 build/obj/usb.o
                0x00000000080023c0                usbStart
 *fill*         0x00000000080023e4        0xc 
 .text.usbInitEndpointI
                0x00000000080023f0       0x34 build/obj/usb.o
                0x00000000080023f0                usbInitEndpointI
 *fill*         0x0000000008002424        0xc 
 .text.usbStartReceiveI
                0x0000000008002430       0x28 build/obj/usb.o
                0x0000000008002430                usbStartReceiveI
 *fill*         0x0000000008002458        0x8 
 .text.usbStartTransmitI
                0x0000000008002460       0x28 build/obj/usb.o
                0x0000000008002460                usbStartTransmitI
 *fill*         0x0000000008002488        0x8 
 .text._usb_reset
                0x0000000008002490       0x3c build/obj/usb.o
                0x0000000008002490                _usb_reset
 *fill*         0x00000000080024cc        0x4 
 .text._usb_suspend
                0x00000000080024d0       0x10 build/obj/usb.o
                0x00000000080024d0                _usb_suspend
 .text._usb_wakeup
                0x00000000080024e0       0x10 build/obj/usb.o
                0x00000000080024e0                _usb_wakeup
 .text._usb_ep0setup
                0x00000000080024f0      0x304 build/obj/usb.o
                0x00000000080024f0                _usb_ep0setup
 *fill*         0x00000000080027f4        0xc 
 .text._usb_ep0in
                0x0000000008002800       0xa4 build/obj/usb.o
                0x0000000008002800                _usb_ep0in
 *fill*         0x00000000080028a4        0xc 
 .text._usb_ep0out
                0x00000000080028b0       0x78 build/obj/usb.o
                0x00000000080028b0                _usb_ep0out
 *fill*         0x0000000008002928        0x8 
 .text.nvicEnableVector
                0x0000000008002930       0x34 build/obj/nvic.o
                0x0000000008002930                nvicEnableVector
 *fill*         0x0000000008002964        0xc 
 .text.nvicSetSystemHandlerPriority
                0x0000000008002970       0x10 build/obj/nvic.o
                0x0000000008002970                nvicSetSystemHandlerPriority
 .text.hal_lld_init
                0x0000000008002980       0x68 build/obj/hal_lld.o
                0x0000000008002980                hal_lld_init
 *fill*         0x00000000080029e8        0x8 
 .text.stm32_clock_init
                0x00000000080029f0       0xc8 build/obj/hal_lld.o
                0x00000000080029f0                stm32_clock_init
 *fill*         0x0000000008002ab8        0x8 
 .text.Vector6C
                0x0000000008002ac0       0x28 build/obj/stm32_dma.o
                0x0000000008002ac0                Vector6C
 *fill*         0x0000000008002ae8        0x8 
 .text.Vector70
                0x0000000008002af0       0x2c build/obj/stm32_dma.o
                0x0000000008002af0                Vector70
 *fill*         0x0000000008002b1c        0x4 
 .text.Vector74
                0x0000000008002b20       0x2c build/obj/stm32_dma.o
                0x0000000008002b20                Vector74
 *fill*         0x0000000008002b4c        0x4 
 .text.Vector78
                0x0000000008002b50       0x2c build/obj/stm32_dma.o
                0x0000000008002b50                Vector78
 *fill*         0x0000000008002b7c        0x4 
 .text.Vector7C
                0x0000000008002b80       0x28 build/obj/stm32_dma.o
                0x0000000008002b80                Vector7C
 *fill*         0x0000000008002ba8        0x8 
 .text.Vector80
                0x0000000008002bb0       0x2c build/obj/stm32_dma.o
                0x0000000008002bb0                Vector80
 *fill*         0x0000000008002bdc        0x4 
 .text.Vector84
                0x0000000008002be0       0x2c build/obj/stm32_dma.o
                0x0000000008002be0                Vector84
 *fill*         0x0000000008002c0c        0x4 
 .text.VectorFC
                0x0000000008002c10       0x2c build/obj/stm32_dma.o
                0x0000000008002c10                VectorFC
 *fill*         0x0000000008002c3c        0x4 
 .text.Vector120
                0x0000000008002c40       0x28 build/obj/stm32_dma.o
                0x0000000008002c40                Vector120
 *fill*         0x0000000008002c68        0x8 
 .text.Vector124
                0x0000000008002c70       0x2c build/obj/stm32_dma.o
                0x0000000008002c70                Vector124
 *fill*         0x0000000008002c9c        0x4 
 .text.Vector128
                0x0000000008002ca0       0x2c build/obj/stm32_dma.o
                0x0000000008002ca0                Vector128
 *fill*         0x0000000008002ccc        0x4 
 .text.Vector12C
                0x0000000008002cd0       0x2c build/obj/stm32_dma.o
                0x0000000008002cd0                Vector12C
 *fill*         0x0000000008002cfc        0x4 
 .text.Vector130
                0x0000000008002d00       0x28 build/obj/stm32_dma.o
                0x0000000008002d00                Vector130
 *fill*         0x0000000008002d28        0x8 
 .text.Vector150
                0x0000000008002d30       0x2c build/obj/stm32_dma.o
                0x0000000008002d30                Vector150
 *fill*         0x0000000008002d5c        0x4 
 .text.Vector154
                0x0000000008002d60       0x2c build/obj/stm32_dma.o
                0x0000000008002d60                Vector154
 *fill*         0x0000000008002d8c        0x4 
 .text.Vector158
                0x0000000008002d90       0x2c build/obj/stm32_dma.o
                0x0000000008002d90                Vector158
 *fill*         0x0000000008002dbc        0x4 
 .text.dmaInit  0x0000000008002dc0       0x4c build/obj/stm32_dma.o
                0x0000000008002dc0                dmaInit
 *fill*         0x0000000008002e0c        0x4 
 .text.dmaStreamAllocate
                0x0000000008002e10       0x8c build/obj/stm32_dma.o
                0x0000000008002e10                dmaStreamAllocate
 *fill*         0x0000000008002e9c        0x4 
 .text.SysTick_Handler
                0x0000000008002ea0       0x1c build/obj/st_lld.o
                0x0000000008002ea0                SysTick_Handler
 *fill*         0x0000000008002ebc        0x4 
 .text.st_lld_init
                0x0000000008002ec0       0x1c build/obj/st_lld.o
                0x0000000008002ec0                st_lld_init
 *fill*         0x0000000008002edc        0x4 
 .text.adc_lld_init
                0x0000000008002ee0       0x74 build/obj/adc_lld.o
                0x0000000008002ee0                adc_lld_init
 *fill*         0x0000000008002f54        0xc 
 .text.adc_lld_stop_conversion
                0x0000000008002f60       0x30 build/obj/adc_lld.o
                0x0000000008002f60                adc_lld_stop_conversion
 .text.Vector88
                0x0000000008002f90      0x130 build/obj/adc_lld.o
                0x0000000008002f90                Vector88
 .text._pal_lld_init
                0x00000000080030c0      0x188 build/obj/pal_lld.o
                0x00000000080030c0                _pal_lld_init
 *fill*         0x0000000008003248        0x8 
 .text._pal_lld_setgroupmode
                0x0000000008003250       0xd0 build/obj/pal_lld.o
                0x0000000008003250                _pal_lld_setgroupmode
 .text.i2c_lld_serve_tx_end_irq
                0x0000000008003320       0x40 build/obj/i2c_lld.o
 .text.i2c_lld_serve_rx_end_irq
                0x0000000008003360       0x64 build/obj/i2c_lld.o
 *fill*         0x00000000080033c4        0xc 
 .text.VectorBC
                0x00000000080033d0       0xf8 build/obj/i2c_lld.o
                0x00000000080033d0                VectorBC
 *fill*         0x00000000080034c8        0x8 
 .text.VectorC0
                0x00000000080034d0       0xdc build/obj/i2c_lld.o
                0x00000000080034d0                VectorC0
 *fill*         0x00000000080035ac        0x4 
 .text.i2c_lld_init
                0x00000000080035b0       0x2c build/obj/i2c_lld.o
                0x00000000080035b0                i2c_lld_init
 *fill*         0x00000000080035dc        0x4 
 .text.i2c_lld_start
                0x00000000080035e0      0x180 build/obj/i2c_lld.o
                0x00000000080035e0                i2c_lld_start
 .text.i2c_lld_master_transmit_timeout
                0x0000000008003760       0x90 build/obj/i2c_lld.o
                0x0000000008003760                i2c_lld_master_transmit_timeout
 .text.usb_lld_pump
                0x00000000080037f0      0x200 build/obj/usb_lld.o
                0x00000000080037f0                usb_lld_pump
 .text.usb_lld_init
                0x00000000080039f0       0x24 build/obj/usb_lld.o
                0x00000000080039f0                usb_lld_init
 *fill*         0x0000000008003a14        0xc 
 .text.usb_lld_start
                0x0000000008003a20      0x124 build/obj/usb_lld.o
                0x0000000008003a20                usb_lld_start
 *fill*         0x0000000008003b44        0xc 
 .text.usb_lld_reset
                0x0000000008003b50       0xc0 build/obj/usb_lld.o
                0x0000000008003b50                usb_lld_reset
 .text.usb_lld_set_address
                0x0000000008003c10       0x18 build/obj/usb_lld.o
                0x0000000008003c10                usb_lld_set_address
 *fill*         0x0000000008003c28        0x8 
 .text.usb_lld_init_endpoint
                0x0000000008003c30      0x160 build/obj/usb_lld.o
                0x0000000008003c30                usb_lld_init_endpoint
 .text.usb_lld_get_status_out
                0x0000000008003d90       0x1c build/obj/usb_lld.o
                0x0000000008003d90                usb_lld_get_status_out
 *fill*         0x0000000008003dac        0x4 
 .text.usb_lld_get_status_in
                0x0000000008003db0       0x1c build/obj/usb_lld.o
                0x0000000008003db0                usb_lld_get_status_in
 *fill*         0x0000000008003dcc        0x4 
 .text.usb_lld_read_setup
                0x0000000008003dd0       0x14 build/obj/usb_lld.o
                0x0000000008003dd0                usb_lld_read_setup
 *fill*         0x0000000008003de4        0xc 
 .text.usb_lld_start_out
                0x0000000008003df0       0x84 build/obj/usb_lld.o
                0x0000000008003df0                usb_lld_start_out
 *fill*         0x0000000008003e74        0xc 
 .text.otg_epout_handler.constprop.9
                0x0000000008003e80       0x9c build/obj/usb_lld.o
 *fill*         0x0000000008003f1c        0x4 
 .text.usb_lld_start_in
                0x0000000008003f20       0xac build/obj/usb_lld.o
                0x0000000008003f20                usb_lld_start_in
 *fill*         0x0000000008003fcc        0x4 
 .text.otg_epin_handler.constprop.10
                0x0000000008003fd0       0xb4 build/obj/usb_lld.o
 *fill*         0x0000000008004084        0xc 
 .text.Vector14C
                0x0000000008004090      0x270 build/obj/usb_lld.o
                0x0000000008004090                Vector14C
 .text.usb_lld_stall_out
                0x0000000008004300       0x14 build/obj/usb_lld.o
                0x0000000008004300                usb_lld_stall_out
 *fill*         0x0000000008004314        0xc 
 .text.usb_lld_stall_in
                0x0000000008004320       0x14 build/obj/usb_lld.o
                0x0000000008004320                usb_lld_stall_in
 *fill*         0x0000000008004334        0xc 
 .text.usb_lld_clear_out
                0x0000000008004340       0x14 build/obj/usb_lld.o
                0x0000000008004340                usb_lld_clear_out
 *fill*         0x0000000008004354        0xc 
 .text.usb_lld_clear_in
                0x0000000008004360       0x14 build/obj/usb_lld.o
                0x0000000008004360                usb_lld_clear_in
 *fill*         0x0000000008004374        0xc 
 .text.spi_lld_init
                0x0000000008004380       0x70 build/obj/spi_lld.o
                0x0000000008004380                spi_lld_init
 .text.pwm_lld_init
                0x00000000080043f0       0x30 build/obj/pwm_lld.o
                0x00000000080043f0                pwm_lld_init
 .text.pwm_lld_serve_interrupt
                0x0000000008004420       0x5c build/obj/pwm_lld.o
                0x0000000008004420                pwm_lld_serve_interrupt
 *fill*         0x000000000800447c        0x4 
 .text.VectorB0
                0x0000000008004480       0x14 build/obj/pwm_lld.o
                0x0000000008004480                VectorB0
 *fill*         0x0000000008004494        0xc 
 .text.VectorB8
                0x00000000080044a0       0x14 build/obj/pwm_lld.o
                0x00000000080044a0                VectorB8
 *fill*         0x00000000080044b4        0xc 
 .text.__early_init
                0x00000000080044c0        0x4 build/obj/board.o
                0x00000000080044c0                __early_init
 *fill*         0x00000000080044c4        0xc 
 .text.boardInit
                0x00000000080044d0        0x4 build/obj/board.o
                0x00000000080044d0                boardInit
 *fill*         0x00000000080044d4        0xc 
 .text.long_to_string_with_divisor
                0x00000000080044e0       0x48 build/obj/chprintf.o
 *fill*         0x0000000008004528        0x8 
 .text.chvprintf
                0x0000000008004530      0x408 build/obj/chprintf.o
                0x0000000008004530                chvprintf
 *fill*         0x0000000008004938        0x8 
 .text.chprintf
                0x0000000008004940       0x1c build/obj/chprintf.o
                0x0000000008004940                chprintf
 *fill*         0x000000000800495c        0x4 
 .text.startup.main
                0x0000000008004960      0x154 build/obj/main.o
                0x0000000008004960                main
 *fill*         0x0000000008004ab4        0xc 
 .text.get_descriptor
                0x0000000008004ac0       0x30 build/obj/comm_usb.o
 .text.sof_handler
                0x0000000008004af0       0x1c build/obj/comm_usb.o
 *fill*         0x0000000008004b0c        0x4 
 .text.usb_event
                0x0000000008004b10       0x58 build/obj/comm_usb.o
 *fill*         0x0000000008004b68        0x8 
 .text.comm_usb_serial_init
                0x0000000008004b70       0x6c build/obj/comm_usb.o
                0x0000000008004b70                comm_usb_serial_init
 *fill*         0x0000000008004bdc        0x4 
 .text.comm_usb_serial_is_active
                0x0000000008004be0       0x1c build/obj/comm_usb.o
                0x0000000008004be0                comm_usb_serial_is_active
 *fill*         0x0000000008004bfc        0x4 
 .text.ws2812b_init
                0x0000000008004c00      0x1c8 build/obj/ws2812b.o
                0x0000000008004c00                ws2812b_init
 *fill*         0x0000000008004dc8        0x8 
 .text.ws2812b_set_led_color
                0x0000000008004dd0       0x5c build/obj/ws2812b.o
                0x0000000008004dd0                ws2812b_set_led_color
 *fill*         0x0000000008004e2c        0x4 
 .text.bno055_read_addr
                0x0000000008004e30       0x38 build/obj/bno055.o
                0x0000000008004e30                bno055_read_addr
 *fill*         0x0000000008004e68        0x8 
 .text.bno055_init
                0x0000000008004e70       0x2c build/obj/bno055.o
                0x0000000008004e70                bno055_init
 *fill*         0x0000000008004e9c        0x4 
 .text.DMA_DeInit
                0x0000000008004ea0      0x130 build/obj/stm32f4xx_dma.o
                0x0000000008004ea0                DMA_DeInit
 .text.DMA_Init
                0x0000000008004fd0       0x70 build/obj/stm32f4xx_dma.o
                0x0000000008004fd0                DMA_Init
 .text.DMA_Cmd  0x0000000008005040       0x14 build/obj/stm32f4xx_dma.o
                0x0000000008005040                DMA_Cmd
 *fill*         0x0000000008005054        0xc 
 .text.RCC_AHB1PeriphClockCmd
                0x0000000008005060       0x18 build/obj/stm32f4xx_rcc.o
                0x0000000008005060                RCC_AHB1PeriphClockCmd
 *fill*         0x0000000008005078        0x8 
 .text.RCC_APB1PeriphClockCmd
                0x0000000008005080       0x18 build/obj/stm32f4xx_rcc.o
                0x0000000008005080                RCC_APB1PeriphClockCmd
 *fill*         0x0000000008005098        0x8 
 .text.TIM_TimeBaseInit
                0x00000000080050a0       0x98 build/obj/stm32f4xx_tim.o
                0x00000000080050a0                TIM_TimeBaseInit
 *fill*         0x0000000008005138        0x8 
 .text.TIM_Cmd  0x0000000008005140       0x18 build/obj/stm32f4xx_tim.o
                0x0000000008005140                TIM_Cmd
 *fill*         0x0000000008005158        0x8 
 .text.TIM_OC3Init
                0x0000000008005160       0x90 build/obj/stm32f4xx_tim.o
                0x0000000008005160                TIM_OC3Init
 .text.TIM_OC3PreloadConfig
                0x00000000080051f0       0x10 build/obj/stm32f4xx_tim.o
                0x00000000080051f0                TIM_OC3PreloadConfig
 .text.TIM_CtrlPWMOutputs
                0x0000000008005200       0x14 build/obj/stm32f4xx_tim.o
                0x0000000008005200                TIM_CtrlPWMOutputs
 *fill*         0x0000000008005214        0xc 
 .text.TIM_DMACmd
                0x0000000008005220       0x18 build/obj/stm32f4xx_tim.o
                0x0000000008005220                TIM_DMACmd
 *fill*         0x0000000008005238        0x8 
 .text.roundf   0x0000000008005240       0x60 /usr/local/Cellar/gcc-arm-none-eabi-49/20150609/bin/../lib/gcc/arm-none-eabi/4.9.3/../../../../arm-none-eabi/lib/armv7e-m/fpu/libm.a(lib_a-sf_round.o)
                0x0000000008005240                roundf
 .text.powf     0x00000000080052a0      0x344 /usr/local/Cellar/gcc-arm-none-eabi-49/20150609/bin/../lib/gcc/arm-none-eabi/4.9.3/../../../../arm-none-eabi/lib/armv7e-m/fpu/libm.a(lib_a-wf_pow.o)
                0x00000000080052a0                powf
 *fill*         0x00000000080055e4        0xc 
 .text.__ieee754_powf
                0x00000000080055f0      0x5f0 /usr/local/Cellar/gcc-arm-none-eabi-49/20150609/bin/../lib/gcc/arm-none-eabi/4.9.3/../../../../arm-none-eabi/lib/armv7e-m/fpu/libm.a(lib_a-ef_pow.o)
                0x00000000080055f0                __ieee754_powf
 .text.__ieee754_sqrtf
                0x0000000008005be0       0xa4 /usr/local/Cellar/gcc-arm-none-eabi-49/20150609/bin/../lib/gcc/arm-none-eabi/4.9.3/../../../../arm-none-eabi/lib/armv7e-m/fpu/libm.a(lib_a-ef_sqrt.o)
                0x0000000008005be0                __ieee754_sqrtf
 *fill*         0x0000000008005c84        0xc 
 .text.matherr  0x0000000008005c90        0x4 /usr/local/Cellar/gcc-arm-none-eabi-49/20150609/bin/../lib/gcc/arm-none-eabi/4.9.3/../../../../arm-none-eabi/lib/armv7e-m/fpu/libm.a(lib_a-s_matherr.o)
                0x0000000008005c90                matherr
 *fill*         0x0000000008005c94        0xc 
 .text.rint     0x0000000008005ca0      0x124 /usr/local/Cellar/gcc-arm-none-eabi-49/20150609/bin/../lib/gcc/arm-none-eabi/4.9.3/../../../../arm-none-eabi/lib/armv7e-m/fpu/libm.a(lib_a-s_rint.o)
                0x0000000008005ca0                rint
 *fill*         0x0000000008005dc4        0xc 
 .text.fabsf    0x0000000008005dd0       0x10 /usr/local/Cellar/gcc-arm-none-eabi-49/20150609/bin/../lib/gcc/arm-none-eabi/4.9.3/../../../../arm-none-eabi/lib/armv7e-m/fpu/libm.a(lib_a-sf_fabs.o)
                0x0000000008005dd0                fabsf
 .text.finitef  0x0000000008005de0       0x14 /usr/local/Cellar/gcc-arm-none-eabi-49/20150609/bin/../lib/gcc/arm-none-eabi/4.9.3/../../../../arm-none-eabi/lib/armv7e-m/fpu/libm.a(lib_a-sf_finite.o)
                0x0000000008005de0                finitef
 *fill*         0x0000000008005df4        0xc 
 .text.__fpclassifyf
                0x0000000008005e00       0x38 /usr/local/Cellar/gcc-arm-none-eabi-49/20150609/bin/../lib/gcc/arm-none-eabi/4.9.3/../../../../arm-none-eabi/lib/armv7e-m/fpu/libm.a(lib_a-sf_fpclassify.o)
                0x0000000008005e00                __fpclassifyf
 *fill*         0x0000000008005e38        0x8 
 .text.nanf     0x0000000008005e40        0xc /usr/local/Cellar/gcc-arm-none-eabi-49/20150609/bin/../lib/gcc/arm-none-eabi/4.9.3/../../../../arm-none-eabi/lib/armv7e-m/fpu/libm.a(lib_a-sf_nan.o)
                0x0000000008005e40                nanf
 *fill*         0x0000000008005e4c        0x4 
 .text.scalbnf  0x0000000008005e50       0xd0 /usr/local/Cellar/gcc-arm-none-eabi-49/20150609/bin/../lib/gcc/arm-none-eabi/4.9.3/../../../../arm-none-eabi/lib/armv7e-m/fpu/libm.a(lib_a-sf_scalbn.o)
                0x0000000008005e50                scalbnf
 .text.copysignf
                0x0000000008005f20       0x18 /usr/local/Cellar/gcc-arm-none-eabi-49/20150609/bin/../lib/gcc/arm-none-eabi/4.9.3/../../../../arm-none-eabi/lib/armv7e-m/fpu/libm.a(lib_a-sf_copysign.o)
                0x0000000008005f20                copysignf
 *fill*         0x0000000008005f38        0x8 
 .text.__errno  0x0000000008005f40        0xc /usr/local/Cellar/gcc-arm-none-eabi-49/20150609/bin/../lib/gcc/arm-none-eabi/4.9.3/../../../../arm-none-eabi/lib/armv7e-m/fpu/libg.a(lib_a-errno.o)
                0x0000000008005f40                __errno
 *fill*         0x0000000008005f4c        0x4 
 .text.memset   0x0000000008005f50       0x9c /usr/local/Cellar/gcc-arm-none-eabi-49/20150609/bin/../lib/gcc/arm-none-eabi/4.9.3/../../../../arm-none-eabi/lib/armv7e-m/fpu/libg.a(lib_a-memset.o)
                0x0000000008005f50                memset
 *(.rodata)
 *fill*         0x0000000008005fec        0x4 
 .rodata        0x0000000008005ff0       0x14 build/obj/main.o
 *(.rodata.*)
 *fill*         0x0000000008006004        0xc 
 .rodata.ram_areas
                0x0000000008006010       0x80 build/obj/crt1.o
 .rodata.str1.4
                0x0000000008006090        0x5 build/obj/chsys.o
 *fill*         0x0000000008006095        0xb 
 .rodata.ch_debug
                0x00000000080060a0       0x16 build/obj/chregistry.o
                0x00000000080060a0                ch_debug
 *fill*         0x00000000080060b6        0xa 
 .rodata.vmt    0x00000000080060c0       0x20 build/obj/serial_usb.o
 .rodata.zero_status
                0x00000000080060e0        0x2 build/obj/usb.o
 *fill*         0x00000000080060e2        0xe 
 .rodata.active_status
                0x00000000080060f0        0x2 build/obj/usb.o
 *fill*         0x00000000080060f2        0xe 
 .rodata.halted_status
                0x0000000008006100        0x2 build/obj/usb.o
 *fill*         0x0000000008006102        0xe 
 .rodata._stm32_dma_streams
                0x0000000008006110       0xc0 build/obj/stm32_dma.o
                0x0000000008006110                _stm32_dma_streams
 .rodata.str1.4
                0x00000000080061d0        0xc build/obj/i2c_lld.o
 *fill*         0x00000000080061dc        0x4 
 .rodata.fsparams
                0x00000000080061e0        0xc build/obj/usb_lld.o
 *fill*         0x00000000080061ec        0x4 
 .rodata.str1.4
                0x00000000080061f0        0xd build/obj/usb_lld.o
 *fill*         0x00000000080061fd        0x3 
 .rodata.ep0config
                0x0000000008006200       0x24 build/obj/usb_lld.o
 *fill*         0x0000000008006224        0xc 
 .rodata.pal_default_config
                0x0000000008006230       0xe0 build/obj/board.o
                0x0000000008006230                pal_default_config
 .rodata.str1.4
                0x0000000008006310        0x7 build/obj/chprintf.o
 *fill*         0x0000000008006317        0x9 
 .rodata.pow10  0x0000000008006320       0x24 build/obj/chprintf.o
 *fill*         0x0000000008006344        0xc 
 .rodata.str1.4
                0x0000000008006350        0x4 build/obj/main.o
 *fill*         0x0000000008006354        0xc 
 .rodata.i2ccfg
                0x0000000008006360        0xc build/obj/main.o
 *fill*         0x000000000800636c        0x4 
 .rodata.ep1config
                0x0000000008006370       0x24 build/obj/comm_usb.o
 *fill*         0x0000000008006394        0xc 
 .rodata.vcom_configuration_descriptor
                0x00000000080063a0        0x8 build/obj/comm_usb.o
 *fill*         0x00000000080063a8        0x8 
 .rodata.ep2config
                0x00000000080063b0       0x24 build/obj/comm_usb.o
 *fill*         0x00000000080063d4        0xc 
 .rodata.usbcfg
                0x00000000080063e0       0x10 build/obj/comm_usb.o
 .rodata.vcom_configuration_descriptor_data
                0x00000000080063f0       0x43 build/obj/comm_usb.o
 *fill*         0x0000000008006433        0xd 
 .rodata.vcom_device_descriptor_data
                0x0000000008006440       0x12 build/obj/comm_usb.o
 *fill*         0x0000000008006452        0xe 
 .rodata.vcom_string0
                0x0000000008006460        0x4 build/obj/comm_usb.o
 *fill*         0x0000000008006464        0xc 
 .rodata.vcom_string1
                0x0000000008006470       0x26 build/obj/comm_usb.o
 *fill*         0x0000000008006496        0xa 
 .rodata.vcom_string2
                0x00000000080064a0       0x38 build/obj/comm_usb.o
 *fill*         0x00000000080064d8        0x8 
 .rodata.vcom_string3
                0x00000000080064e0        0x8 build/obj/comm_usb.o
 *fill*         0x00000000080064e8        0x8 
 .rodata.vcom_strings
                0x00000000080064f0       0x20 build/obj/comm_usb.o
 .rodata.serusbcfg
                0x0000000008006510        0x8 build/obj/comm_usb.o
                0x0000000008006510                serusbcfg
 *fill*         0x0000000008006518        0x8 
 .rodata.vcom_device_descriptor
                0x0000000008006520        0x8 build/obj/comm_usb.o
 *fill*         0x0000000008006528        0x8 
 .rodata.str1.4
                0x0000000008006530        0x5 /usr/local/Cellar/gcc-arm-none-eabi-49/20150609/bin/../lib/gcc/arm-none-eabi/4.9.3/../../../../arm-none-eabi/lib/armv7e-m/fpu/libm.a(lib_a-wf_pow.o)
 *fill*         0x0000000008006535        0xb 
 .rodata.dp_h   0x0000000008006540        0x8 /usr/local/Cellar/gcc-arm-none-eabi-49/20150609/bin/../lib/gcc/arm-none-eabi/4.9.3/../../../../arm-none-eabi/lib/armv7e-m/fpu/libm.a(lib_a-ef_pow.o)
 *fill*         0x0000000008006548        0x8 
 .rodata.dp_l   0x0000000008006550        0x8 /usr/local/Cellar/gcc-arm-none-eabi-49/20150609/bin/../lib/gcc/arm-none-eabi/4.9.3/../../../../arm-none-eabi/lib/armv7e-m/fpu/libm.a(lib_a-ef_pow.o)
 *fill*         0x0000000008006558        0x8 
 .rodata.bp     0x0000000008006560        0x8 /usr/local/Cellar/gcc-arm-none-eabi-49/20150609/bin/../lib/gcc/arm-none-eabi/4.9.3/../../../../arm-none-eabi/lib/armv7e-m/fpu/libm.a(lib_a-ef_pow.o)
 .rodata.str1.4
                0x0000000000000000        0x5 /usr/local/Cellar/gcc-arm-none-eabi-49/20150609/bin/../lib/gcc/arm-none-eabi/4.9.3/../../../../arm-none-eabi/lib/armv7e-m/fpu/libm.a(lib_a-ef_pow.o)
                                          0x1 (size before relaxing)
 *fill*         0x0000000008006568        0x8 
 .rodata.TWO52  0x0000000008006570       0x10 /usr/local/Cellar/gcc-arm-none-eabi-49/20150609/bin/../lib/gcc/arm-none-eabi/4.9.3/../../../../arm-none-eabi/lib/armv7e-m/fpu/libm.a(lib_a-s_rint.o)
 .rodata.str1.4
                0x0000000008006580        0x4 /usr/local/Cellar/gcc-arm-none-eabi-49/20150609/bin/../lib/gcc/arm-none-eabi/4.9.3/../../../../arm-none-eabi/lib/armv7e-m/fpu/libg.a(lib_a-impure.o)
                                          0x2 (size before relaxing)
 *(.glue_7t)
 .glue_7t       0x0000000000000000        0x0 linker stubs
 *(.glue_7)
 .glue_7        0x0000000000000000        0x0 linker stubs
 *(.gcc*)

.vfp11_veneer   0x0000000008006584        0x0
 .vfp11_veneer  0x0000000000000000        0x0 linker stubs

.v4_bx          0x0000000008006584        0x0
 .v4_bx         0x0000000000000000        0x0 linker stubs

.iplt           0x0000000008006584        0x0
 .iplt          0x0000000000000000        0x0 build/obj/crt0_v7m.o

.rel.dyn        0x0000000008006584        0x0
 .rel.iplt      0x0000000000000000        0x0 build/obj/crt0_v7m.o

.ARM.extab
 *(.ARM.extab* .gnu.linkonce.armextab.*)

.ARM.exidx      0x0000000008006584        0x0
                0x0000000008006584                __exidx_start = .
 *(.ARM.exidx* .gnu.linkonce.armexidx.*)
                0x0000000008006584                __exidx_end = .

.eh_frame_hdr
 *(.eh_frame_hdr)

.eh_frame
 *(.eh_frame)

.textalign      0x0000000008006584        0x4
                0x0000000008006588                . = ALIGN (0x8)
 *fill*         0x0000000008006584        0x4 
                0x0000000008006588                . = ALIGN (0x4)
                0x0000000008006588                PROVIDE (_etext, .)

.mstack         0x0000000020000000      0x400
                0x0000000020000000                . = ALIGN (0x8)
                0x0000000020000000                __main_stack_base__ = .
                0x0000000020000400                . = (. + __main_stack_size__)
 *fill*         0x0000000020000000      0x400 
                0x0000000020000400                . = ALIGN (0x8)
                0x0000000020000400                __main_stack_end__ = .

.pstack         0x0000000020000400      0x400
                0x0000000020000400                __process_stack_base__ = .
                0x0000000020000400                __main_thread_stack_base__ = .
                0x0000000020000800                . = (. + __process_stack_size__)
 *fill*         0x0000000020000400      0x400 
                0x0000000020000800                . = ALIGN (0x8)
                0x0000000020000800                __process_stack_end__ = .
                0x0000000020000800                __main_thread_stack_end__ = .

.data           0x0000000020000800      0x434 load address 0x0000000008006588
                0x0000000020000800                . = ALIGN (0x4)
                0x0000000008006588                PROVIDE (_textdata, LOADADDR (.data))
                0x0000000020000800                PROVIDE (_data, .)
                0x0000000008006588                _textdata_start = LOADADDR (.data)
                0x0000000020000800                _data_start = .
 *(.data)
 *(.data.*)
 .data.linecoding
                0x0000000020000800        0x7 build/obj/serial_usb.o
 .data.__fdlib_version
                0x0000000020000807        0x1 /usr/local/Cellar/gcc-arm-none-eabi-49/20150609/bin/../lib/gcc/arm-none-eabi/4.9.3/../../../../arm-none-eabi/lib/armv7e-m/fpu/libm.a(lib_a-s_lib_ver.o)
                0x0000000020000807                __fdlib_version
 .data.impure_data
                0x0000000020000808      0x428 /usr/local/Cellar/gcc-arm-none-eabi-49/20150609/bin/../lib/gcc/arm-none-eabi/4.9.3/../../../../arm-none-eabi/lib/armv7e-m/fpu/libg.a(lib_a-impure.o)
 .data._impure_ptr
                0x0000000020000c30        0x4 /usr/local/Cellar/gcc-arm-none-eabi-49/20150609/bin/../lib/gcc/arm-none-eabi/4.9.3/../../../../arm-none-eabi/lib/armv7e-m/fpu/libg.a(lib_a-impure.o)
                0x0000000020000c30                _impure_ptr
 *(.ramtext)
                0x0000000020000c34                . = ALIGN (0x4)
                0x0000000020000c34                PROVIDE (_edata, .)
                0x0000000020000c34                _data_end = .

.igot.plt       0x0000000020000c34        0x0 load address 0x00000000080069bc
 .igot.plt      0x0000000000000000        0x0 build/obj/crt0_v7m.o

.bss            0x0000000020000c38      0xe2c load address 0x00000000080069bc
                0x0000000020000c38                . = ALIGN (0x4)
                0x0000000020000c38                _bss_start = .
 *(.bss)
 *(.bss.*)
 .bss.ch        0x0000000020000c38      0x258 build/obj/chschd.o
                0x0000000020000c38                ch
 .bss.endmem    0x0000000020000e90        0x4 build/obj/chmemcore.o
 .bss.nextmem   0x0000000020000e94        0x4 build/obj/chmemcore.o
 .bss.default_heap
                0x0000000020000e98       0x20 build/obj/chheap.o
 .bss.dma_isr_redir
                0x0000000020000eb8       0x80 build/obj/stm32_dma.o
 .bss.dma_streams_mask
                0x0000000020000f38        0x4 build/obj/stm32_dma.o
 .bss.ADCD1     0x0000000020000f3c       0x34 build/obj/adc_lld.o
                0x0000000020000f3c                ADCD1
 .bss.ADCD2     0x0000000020000f70       0x34 build/obj/adc_lld.o
                0x0000000020000f70                ADCD2
 .bss.ADCD3     0x0000000020000fa4       0x34 build/obj/adc_lld.o
                0x0000000020000fa4                ADCD3
 .bss.I2CD1     0x0000000020000fd8       0x38 build/obj/i2c_lld.o
                0x0000000020000fd8                I2CD1
 .bss.USBD1     0x0000000020001010      0x280 build/obj/usb_lld.o
                0x0000000020001010                USBD1
 .bss.ep0_state
                0x0000000020001290       0x10 build/obj/usb_lld.o
 .bss.ep0setup_buffer
                0x00000000200012a0        0x8 build/obj/usb_lld.o
 .bss.dummytx   0x00000000200012a8        0x2 build/obj/spi_lld.o
 *fill*         0x00000000200012aa        0x2 
 .bss.SPID1     0x00000000200012ac       0x30 build/obj/spi_lld.o
                0x00000000200012ac                SPID1
 .bss.SPID2     0x00000000200012dc       0x30 build/obj/spi_lld.o
                0x00000000200012dc                SPID2
 .bss.PWMD2     0x000000002000130c       0x1c build/obj/pwm_lld.o
                0x000000002000130c                PWMD2
 .bss.PWMD4     0x0000000020001328       0x1c build/obj/pwm_lld.o
                0x0000000020001328                PWMD4
 .bss.ep2instate
                0x0000000020001344       0x10 build/obj/comm_usb.o
 .bss.SDU1      0x0000000020001354      0x488 build/obj/comm_usb.o
                0x0000000020001354                SDU1
 .bss.ep1instate
                0x00000000200017dc       0x10 build/obj/comm_usb.o
 .bss.ep1outstate
                0x00000000200017ec       0x10 build/obj/comm_usb.o
 .bss.RGBdata   0x00000000200017fc       0x14 build/obj/ws2812b.o
 .bss.bitbuffer
                0x0000000020001810      0x154 build/obj/ws2812b.o
 .bss.gamma_table
                0x0000000020001964      0x100 build/obj/ws2812b.o
 *(COMMON)
                0x0000000020001a64                . = ALIGN (0x4)
                0x0000000020001a64                _bss_end = .
                0x0000000020001a64                PROVIDE (end, .)

.ram0_init      0x0000000020001a64        0x0 load address 0x00000000080069bc
                0x0000000020001a64                . = ALIGN (0x4)
                0x00000000080069bc                __ram0_init_text__ = LOADADDR (.ram0_init)
                0x0000000020001a64                __ram0_init__ = .
 *(.ram0_init)
 *(.ram0_init.*)
                0x0000000020001a64                . = ALIGN (0x4)

.ram0           0x0000000020001a64        0x0 load address 0x00000000080069bc
                0x0000000020001a64                . = ALIGN (0x4)
                0x0000000020001a64                __ram0_clear__ = .
 *(.ram0_clear)
 *(.ram0_clear.*)
                0x0000000020001a64                . = ALIGN (0x4)
                0x0000000020001a64                __ram0_noinit__ = .
 *(.ram0)
 *(.ram0.*)
                0x0000000020001a64                . = ALIGN (0x4)
                0x0000000020001a64                __ram0_free__ = .

.ram1_init      0x0000000020000000        0x0 load address 0x00000000080069bc
                0x0000000020000000                . = ALIGN (0x4)
                0x00000000080069bc                __ram1_init_text__ = LOADADDR (.ram1_init)
                0x0000000020000000                __ram1_init__ = .
 *(.ram1_init)
 *(.ram1_init.*)
                0x0000000020000000                . = ALIGN (0x4)

.ram1           0x0000000020000000        0x0 load address 0x00000000080069bc
                0x0000000020000000                . = ALIGN (0x4)
                0x0000000020000000                __ram1_clear__ = .
 *(.ram1_clear)
 *(.ram1_clear.*)
                0x0000000020000000                . = ALIGN (0x4)
                0x0000000020000000                __ram1_noinit__ = .
 *(.ram1)
 *(.ram1.*)
                0x0000000020000000                . = ALIGN (0x4)
                0x0000000020000000                __ram1_free__ = .

.ram2_init      0x000000002001c000        0x0 load address 0x00000000080069bc
                0x000000002001c000                . = ALIGN (0x4)
                0x00000000080069bc                __ram2_init_text__ = LOADADDR (.ram2_init)
                0x000000002001c000                __ram2_init__ = .
 *(.ram2_init)
 *(.ram2_init.*)
                0x000000002001c000                . = ALIGN (0x4)

.ram2           0x000000002001c000        0x0 load address 0x00000000080069bc
                0x000000002001c000                . = ALIGN (0x4)
                0x000000002001c000                __ram2_clear__ = .
 *(.ram2_clear)
 *(.ram2_clear.*)
                0x000000002001c000                . = ALIGN (0x4)
                0x000000002001c000                __ram2_noinit__ = .
 *(.ram2)
 *(.ram2.*)
                0x000000002001c000                . = ALIGN (0x4)
                0x000000002001c000                __ram2_free__ = .

.ram3_init      0x0000000000000000        0x0 load address 0x00000000080069bc
                0x0000000000000000                . = ALIGN (0x4)
                0x00000000080069bc                __ram3_init_text__ = LOADADDR (.ram3_init)
                0x0000000000000000                __ram3_init__ = .
 *(.ram3_init)
 *(.ram3_init.*)
                0x0000000000000000                . = ALIGN (0x4)

.ram3           0x0000000000000000        0x0 load address 0x00000000080069bc
                0x0000000000000000                . = ALIGN (0x4)
                0x0000000000000000                __ram3_clear__ = .
 *(.ram3_clear)
 *(.ram3_clear.*)
                0x0000000000000000                . = ALIGN (0x4)
                0x0000000000000000                __ram3_noinit__ = .
 *(.ram3)
 *(.ram3.*)
                0x0000000000000000                . = ALIGN (0x4)
                0x0000000000000000                __ram3_free__ = .

.ram4_init      0x0000000000000000        0x0 load address 0x00000000080069bc
                0x0000000000000000                . = ALIGN (0x4)
                0x00000000080069bc                __ram4_init_text__ = LOADADDR (.ram4_init)
                0x0000000000000000                __ram4_init__ = .
 *(.ram4_init)
 *(.ram4_init.*)
                0x0000000000000000                . = ALIGN (0x4)

.ram4           0x0000000000000000        0x0 load address 0x00000000080069bc
                0x0000000000000000                . = ALIGN (0x4)
                0x0000000000000000                __ram4_clear__ = .
 *(.ram4_clear)
 *(.ram4_clear.*)
                0x0000000000000000                . = ALIGN (0x4)
                0x0000000000000000                __ram4_noinit__ = .
 *(.ram4)
 *(.ram4.*)
                0x0000000000000000                . = ALIGN (0x4)
                0x0000000000000000                __ram4_free__ = .

.ram5_init      0x0000000000000000        0x0 load address 0x00000000080069bc
                0x0000000000000000                . = ALIGN (0x4)
                0x00000000080069bc                __ram5_init_text__ = LOADADDR (.ram5_init)
                0x0000000000000000                __ram5_init__ = .
 *(.ram5_init)
 *(.ram5_init.*)
                0x0000000000000000                . = ALIGN (0x4)

.ram5           0x0000000000000000        0x0 load address 0x00000000080069bc
                0x0000000000000000                . = ALIGN (0x4)
                0x0000000000000000                __ram5_clear__ = .
 *(.ram5_clear)
 *(.ram5_clear.*)
                0x0000000000000000                . = ALIGN (0x4)
                0x0000000000000000                __ram5_noinit__ = .
 *(.ram5)
 *(.ram5.*)
                0x0000000000000000                . = ALIGN (0x4)
                0x0000000000000000                __ram5_free__ = .

.ram6_init      0x0000000000000000        0x0 load address 0x00000000080069bc
                0x0000000000000000                . = ALIGN (0x4)
                0x00000000080069bc                __ram6_init_text__ = LOADADDR (.ram6_init)
                0x0000000000000000                __ram6_init__ = .
 *(.ram6_init)
 *(.ram6_init.*)
                0x0000000000000000                . = ALIGN (0x4)

.ram6           0x0000000000000000        0x0 load address 0x00000000080069bc
                0x0000000000000000                . = ALIGN (0x4)
                0x0000000000000000                __ram6_clear__ = .
 *(.ram6_clear)
 *(.ram6_clear.*)
                0x0000000000000000                . = ALIGN (0x4)
                0x0000000000000000                __ram6_noinit__ = .
 *(.ram6)
 *(.ram6.*)
                0x0000000000000000                . = ALIGN (0x4)
                0x0000000000000000                __ram6_free__ = .

.ram7_init      0x0000000000000000        0x0 load address 0x00000000080069bc
                0x0000000000000000                . = ALIGN (0x4)
                0x00000000080069bc                __ram7_init_text__ = LOADADDR (.ram7_init)
                0x0000000000000000                __ram7_init__ = .
 *(.ram7_init)
 *(.ram7_init.*)
                0x0000000000000000                . = ALIGN (0x4)

.ram7           0x0000000000000000        0x0 load address 0x00000000080069bc
                0x0000000000000000                . = ALIGN (0x4)
                0x0000000000000000                __ram7_clear__ = .
 *(.ram7_clear)
 *(.ram7_clear.*)
                0x0000000000000000                . = ALIGN (0x4)
                0x0000000000000000                __ram7_noinit__ = .
 *(.ram7)
 *(.ram7.*)
                0x0000000000000000                . = ALIGN (0x4)
                0x0000000000000000                __ram7_free__ = .

.heap           0x0000000020001a64    0x1e59c
                0x0000000020001a68                . = ALIGN (0x8)
 *fill*         0x0000000020001a64        0x4 
                0x0000000020001a68                __heap_base__ = .
                0x0000000020020000                . = (ORIGIN (HEAP_RAM) + 0x20000)
 *fill*         0x0000000020001a68    0x1e598 
                0x0000000020020000                __heap_end__ = .
                0x0000000000000400                __process_stack_size__ = 0x400
                0x0000000000000400                __main_stack_size__ = 0x400
LOAD /usr/local/Cellar/gcc-arm-none-eabi-49/20150609/bin/../lib/gcc/arm-none-eabi/4.9.3/../../../../arm-none-eabi/lib/armv7e-m/fpu/libm.a
START GROUP
LOAD /usr/local/Cellar/gcc-arm-none-eabi-49/20150609/bin/../lib/gcc/arm-none-eabi/4.9.3/armv7e-m/fpu/libgcc.a
LOAD /usr/local/Cellar/gcc-arm-none-eabi-49/20150609/bin/../lib/gcc/arm-none-eabi/4.9.3/../../../../arm-none-eabi/lib/armv7e-m/fpu/libg.a
LOAD /usr/local/Cellar/gcc-arm-none-eabi-49/20150609/bin/../lib/gcc/arm-none-eabi/4.9.3/../../../../arm-none-eabi/lib/armv7e-m/fpu/libc.a
END GROUP
OUTPUT(build/Quadrotor.elf elf32-littlearm)

.ARM.attributes
                0x0000000000000000       0x35
 .ARM.attributes
                0x0000000000000000       0x25 build/obj/crt0_v7m.o
 .ARM.attributes
                0x0000000000000025       0x25 build/obj/chcoreasm_v7m.o
 .ARM.attributes
                0x000000000000004a       0x39 build/obj/crt1.o
 .ARM.attributes
                0x0000000000000083       0x39 build/obj/vectors.o
 .ARM.attributes
                0x00000000000000bc       0x39 build/obj/chsys.o
 .ARM.attributes
                0x00000000000000f5       0x39 build/obj/chvt.o
 .ARM.attributes
                0x000000000000012e       0x39 build/obj/chschd.o
 .ARM.attributes
                0x0000000000000167       0x39 build/obj/chthreads.o
 .ARM.attributes
                0x00000000000001a0       0x39 build/obj/chtm.o
 .ARM.attributes
                0x00000000000001d9       0x39 build/obj/chregistry.o
 .ARM.attributes
                0x0000000000000212       0x39 build/obj/chmtx.o
 .ARM.attributes
                0x000000000000024b       0x39 build/obj/chevents.o
 .ARM.attributes
                0x0000000000000284       0x39 build/obj/chmemcore.o
 .ARM.attributes
                0x00000000000002bd       0x39 build/obj/chheap.o
 .ARM.attributes
                0x00000000000002f6       0x39 build/obj/chcore_v7m.o
 .ARM.attributes
                0x000000000000032f       0x39 build/obj/hal.o
 .ARM.attributes
                0x0000000000000368       0x39 build/obj/st.o
 .ARM.attributes
                0x00000000000003a1       0x39 build/obj/hal_buffers.o
 .ARM.attributes
                0x00000000000003da       0x39 build/obj/adc.o
 .ARM.attributes
                0x0000000000000413       0x39 build/obj/i2c.o
 .ARM.attributes
                0x000000000000044c       0x39 build/obj/pwm.o
 .ARM.attributes
                0x0000000000000485       0x39 build/obj/serial_usb.o
 .ARM.attributes
                0x00000000000004be       0x39 build/obj/spi.o
 .ARM.attributes
                0x00000000000004f7       0x39 build/obj/usb.o
 .ARM.attributes
                0x0000000000000530       0x39 build/obj/nvic.o
 .ARM.attributes
                0x0000000000000569       0x39 build/obj/hal_lld.o
 .ARM.attributes
                0x00000000000005a2       0x39 build/obj/stm32_dma.o
 .ARM.attributes
                0x00000000000005db       0x39 build/obj/st_lld.o
 .ARM.attributes
                0x0000000000000614       0x39 build/obj/adc_lld.o
 .ARM.attributes
                0x000000000000064d       0x39 build/obj/pal_lld.o
 .ARM.attributes
                0x0000000000000686       0x39 build/obj/i2c_lld.o
 .ARM.attributes
                0x00000000000006bf       0x39 build/obj/usb_lld.o
 .ARM.attributes
                0x00000000000006f8       0x39 build/obj/spi_lld.o
 .ARM.attributes
                0x0000000000000731       0x39 build/obj/pwm_lld.o
 .ARM.attributes
                0x000000000000076a       0x39 build/obj/board.o
 .ARM.attributes
                0x00000000000007a3       0x39 build/obj/chprintf.o
 .ARM.attributes
                0x00000000000007dc       0x39 build/obj/main.o
 .ARM.attributes
                0x0000000000000815       0x39 build/obj/comm_usb.o
 .ARM.attributes
                0x000000000000084e       0x39 build/obj/ws2812b.o
 .ARM.attributes
                0x0000000000000887       0x39 build/obj/bno055.o
 .ARM.attributes
                0x00000000000008c0       0x39 build/obj/stm32f4xx_dma.o
 .ARM.attributes
                0x00000000000008f9       0x39 build/obj/stm32f4xx_rcc.o
 .ARM.attributes
                0x0000000000000932       0x39 build/obj/stm32f4xx_tim.o
 .ARM.attributes
                0x000000000000096b       0x34 /usr/local/Cellar/gcc-arm-none-eabi-49/20150609/bin/../lib/gcc/arm-none-eabi/4.9.3/../../../../arm-none-eabi/lib/armv7e-m/fpu/libm.a(lib_a-sf_round.o)
 .ARM.attributes
                0x000000000000099f       0x34 /usr/local/Cellar/gcc-arm-none-eabi-49/20150609/bin/../lib/gcc/arm-none-eabi/4.9.3/../../../../arm-none-eabi/lib/armv7e-m/fpu/libm.a(lib_a-wf_pow.o)
 .ARM.attributes
                0x00000000000009d3       0x34 /usr/local/Cellar/gcc-arm-none-eabi-49/20150609/bin/../lib/gcc/arm-none-eabi/4.9.3/../../../../arm-none-eabi/lib/armv7e-m/fpu/libm.a(lib_a-ef_pow.o)
 .ARM.attributes
                0x0000000000000a07       0x34 /usr/local/Cellar/gcc-arm-none-eabi-49/20150609/bin/../lib/gcc/arm-none-eabi/4.9.3/../../../../arm-none-eabi/lib/armv7e-m/fpu/libm.a(lib_a-ef_sqrt.o)
 .ARM.attributes
                0x0000000000000a3b       0x34 /usr/local/Cellar/gcc-arm-none-eabi-49/20150609/bin/../lib/gcc/arm-none-eabi/4.9.3/../../../../arm-none-eabi/lib/armv7e-m/fpu/libm.a(lib_a-s_lib_ver.o)
 .ARM.attributes
                0x0000000000000a6f       0x34 /usr/local/Cellar/gcc-arm-none-eabi-49/20150609/bin/../lib/gcc/arm-none-eabi/4.9.3/../../../../arm-none-eabi/lib/armv7e-m/fpu/libm.a(lib_a-s_matherr.o)
 .ARM.attributes
                0x0000000000000aa3       0x34 /usr/local/Cellar/gcc-arm-none-eabi-49/20150609/bin/../lib/gcc/arm-none-eabi/4.9.3/../../../../arm-none-eabi/lib/armv7e-m/fpu/libm.a(lib_a-s_rint.o)
 .ARM.attributes
                0x0000000000000ad7       0x34 /usr/local/Cellar/gcc-arm-none-eabi-49/20150609/bin/../lib/gcc/arm-none-eabi/4.9.3/../../../../arm-none-eabi/lib/armv7e-m/fpu/libm.a(lib_a-sf_fabs.o)
 .ARM.attributes
                0x0000000000000b0b       0x34 /usr/local/Cellar/gcc-arm-none-eabi-49/20150609/bin/../lib/gcc/arm-none-eabi/4.9.3/../../../../arm-none-eabi/lib/armv7e-m/fpu/libm.a(lib_a-sf_finite.o)
 .ARM.attributes
                0x0000000000000b3f       0x34 /usr/local/Cellar/gcc-arm-none-eabi-49/20150609/bin/../lib/gcc/arm-none-eabi/4.9.3/../../../../arm-none-eabi/lib/armv7e-m/fpu/libm.a(lib_a-sf_fpclassify.o)
 .ARM.attributes
                0x0000000000000b73       0x34 /usr/local/Cellar/gcc-arm-none-eabi-49/20150609/bin/../lib/gcc/arm-none-eabi/4.9.3/../../../../arm-none-eabi/lib/armv7e-m/fpu/libm.a(lib_a-sf_nan.o)
 .ARM.attributes
                0x0000000000000ba7       0x34 /usr/local/Cellar/gcc-arm-none-eabi-49/20150609/bin/../lib/gcc/arm-none-eabi/4.9.3/../../../../arm-none-eabi/lib/armv7e-m/fpu/libm.a(lib_a-sf_scalbn.o)
 .ARM.attributes
                0x0000000000000bdb       0x34 /usr/local/Cellar/gcc-arm-none-eabi-49/20150609/bin/../lib/gcc/arm-none-eabi/4.9.3/../../../../arm-none-eabi/lib/armv7e-m/fpu/libm.a(lib_a-sf_copysign.o)
 .ARM.attributes
                0x0000000000000c0f       0x22 /usr/local/Cellar/gcc-arm-none-eabi-49/20150609/bin/../lib/gcc/arm-none-eabi/4.9.3/armv7e-m/fpu/libgcc.a(_arm_addsubdf3.o)
 .ARM.attributes
                0x0000000000000c31       0x22 /usr/local/Cellar/gcc-arm-none-eabi-49/20150609/bin/../lib/gcc/arm-none-eabi/4.9.3/armv7e-m/fpu/libgcc.a(_arm_muldivdf3.o)
 .ARM.attributes
                0x0000000000000c53       0x22 /usr/local/Cellar/gcc-arm-none-eabi-49/20150609/bin/../lib/gcc/arm-none-eabi/4.9.3/armv7e-m/fpu/libgcc.a(_arm_cmpdf2.o)
 .ARM.attributes
                0x0000000000000c75       0x22 /usr/local/Cellar/gcc-arm-none-eabi-49/20150609/bin/../lib/gcc/arm-none-eabi/4.9.3/armv7e-m/fpu/libgcc.a(_arm_fixdfsi.o)
 .ARM.attributes
                0x0000000000000c97       0x22 /usr/local/Cellar/gcc-arm-none-eabi-49/20150609/bin/../lib/gcc/arm-none-eabi/4.9.3/armv7e-m/fpu/libgcc.a(_arm_truncdfsf2.o)
 .ARM.attributes
                0x0000000000000cb9       0x34 /usr/local/Cellar/gcc-arm-none-eabi-49/20150609/bin/../lib/gcc/arm-none-eabi/4.9.3/../../../../arm-none-eabi/lib/armv7e-m/fpu/libg.a(lib_a-errno.o)
 .ARM.attributes
                0x0000000000000ced       0x34 /usr/local/Cellar/gcc-arm-none-eabi-49/20150609/bin/../lib/gcc/arm-none-eabi/4.9.3/../../../../arm-none-eabi/lib/armv7e-m/fpu/libg.a(lib_a-impure.o)
 .ARM.attributes
                0x0000000000000d21       0x20 /usr/local/Cellar/gcc-arm-none-eabi-49/20150609/bin/../lib/gcc/arm-none-eabi/4.9.3/../../../../arm-none-eabi/lib/armv7e-m/fpu/libg.a(lib_a-memcpy.o)
 .ARM.attributes
                0x0000000000000d41       0x34 /usr/local/Cellar/gcc-arm-none-eabi-49/20150609/bin/../lib/gcc/arm-none-eabi/4.9.3/../../../../arm-none-eabi/lib/armv7e-m/fpu/libg.a(lib_a-memset.o)

.comment        0x0000000000000000       0x70
 .comment       0x0000000000000000       0x70 build/obj/crt1.o
                                         0x71 (size before relaxing)
 .comment       0x0000000000000000       0x71 build/obj/vectors.o
 .comment       0x0000000000000000       0x71 build/obj/chsys.o
 .comment       0x0000000000000000       0x71 build/obj/chvt.o
 .comment       0x0000000000000000       0x71 build/obj/chschd.o
 .comment       0x0000000000000000       0x71 build/obj/chthreads.o
 .comment       0x0000000000000000       0x71 build/obj/chtm.o
 .comment       0x0000000000000000       0x71 build/obj/chregistry.o
 .comment       0x0000000000000000       0x71 build/obj/chmtx.o
 .comment       0x0000000000000000       0x71 build/obj/chevents.o
 .comment       0x0000000000000000       0x71 build/obj/chmemcore.o
 .comment       0x0000000000000000       0x71 build/obj/chheap.o
 .comment       0x0000000000000000       0x71 build/obj/chcore_v7m.o
 .comment       0x0000000000000000       0x71 build/obj/hal.o
 .comment       0x0000000000000000       0x71 build/obj/st.o
 .comment       0x0000000000000000       0x71 build/obj/hal_buffers.o
 .comment       0x0000000000000000       0x71 build/obj/adc.o
 .comment       0x0000000000000000       0x71 build/obj/i2c.o
 .comment       0x0000000000000000       0x71 build/obj/pwm.o
 .comment       0x0000000000000000       0x71 build/obj/serial_usb.o
 .comment       0x0000000000000000       0x71 build/obj/spi.o
 .comment       0x0000000000000000       0x71 build/obj/usb.o
 .comment       0x0000000000000000       0x71 build/obj/nvic.o
 .comment       0x0000000000000000       0x71 build/obj/hal_lld.o
 .comment       0x0000000000000000       0x71 build/obj/stm32_dma.o
 .comment       0x0000000000000000       0x71 build/obj/st_lld.o
 .comment       0x0000000000000000       0x71 build/obj/adc_lld.o
 .comment       0x0000000000000000       0x71 build/obj/pal_lld.o
 .comment       0x0000000000000000       0x71 build/obj/i2c_lld.o
 .comment       0x0000000000000000       0x71 build/obj/usb_lld.o
 .comment       0x0000000000000000       0x71 build/obj/spi_lld.o
 .comment       0x0000000000000000       0x71 build/obj/pwm_lld.o
 .comment       0x0000000000000000       0x71 build/obj/board.o
 .comment       0x0000000000000000       0x71 build/obj/chprintf.o
 .comment       0x0000000000000000       0x71 build/obj/main.o
 .comment       0x0000000000000000       0x71 build/obj/comm_usb.o
 .comment       0x0000000000000000       0x71 build/obj/ws2812b.o
 .comment       0x0000000000000000       0x71 build/obj/bno055.o
 .comment       0x0000000000000000       0x71 build/obj/stm32f4xx_dma.o
 .comment       0x0000000000000000       0x71 build/obj/stm32f4xx_rcc.o
 .comment       0x0000000000000000       0x71 build/obj/stm32f4xx_tim.o

.debug_info     0x0000000000000000    0x2ec57
 .debug_info    0x0000000000000000      0x319 build/obj/crt1.o
 .debug_info    0x0000000000000319      0x1e7 build/obj/vectors.o
 .debug_info    0x0000000000000500     0x1811 build/obj/chsys.o
 .debug_info    0x0000000000001d11      0x806 build/obj/chvt.o
 .debug_info    0x0000000000002517      0xe96 build/obj/chschd.o
 .debug_info    0x00000000000033ad     0x1b6e build/obj/chthreads.o
 .debug_info    0x0000000000004f1b      0xab5 build/obj/chtm.o
 .debug_info    0x00000000000059d0      0xa65 build/obj/chregistry.o
 .debug_info    0x0000000000006435     0x10ec build/obj/chmtx.o
 .debug_info    0x0000000000007521     0x16aa build/obj/chevents.o
 .debug_info    0x0000000000008bcb      0x950 build/obj/chmemcore.o
 .debug_info    0x000000000000951b      0xab4 build/obj/chheap.o
 .debug_info    0x0000000000009fcf      0xcd0 build/obj/chcore_v7m.o
 .debug_info    0x000000000000ac9f      0x900 build/obj/hal.o
 .debug_info    0x000000000000b59f      0x9ee build/obj/st.o
 .debug_info    0x000000000000bf8d     0x1e56 build/obj/hal_buffers.o
 .debug_info    0x000000000000dde3     0x161a build/obj/adc.o
 .debug_info    0x000000000000f3fd     0x1242 build/obj/i2c.o
 .debug_info    0x000000000001063f     0x14b5 build/obj/pwm.o
 .debug_info    0x0000000000011af4     0x25c5 build/obj/serial_usb.o
 .debug_info    0x00000000000140b9     0x1bc9 build/obj/spi.o
 .debug_info    0x0000000000015c82     0x2491 build/obj/usb.o
 .debug_info    0x0000000000018113      0xac6 build/obj/nvic.o
 .debug_info    0x0000000000018bd9      0xa1e build/obj/hal_lld.o
 .debug_info    0x00000000000195f7      0xef1 build/obj/stm32_dma.o
 .debug_info    0x000000000001a4e8      0x935 build/obj/st_lld.o
 .debug_info    0x000000000001ae1d     0x1797 build/obj/adc_lld.o
 .debug_info    0x000000000001c5b4      0xd72 build/obj/pal_lld.o
 .debug_info    0x000000000001d326     0x1e71 build/obj/i2c_lld.o
 .debug_info    0x000000000001f197     0x2df6 build/obj/usb_lld.o
 .debug_info    0x0000000000021f8d     0x1329 build/obj/spi_lld.o
 .debug_info    0x00000000000232b6      0xf89 build/obj/pwm_lld.o
 .debug_info    0x000000000002423f      0x873 build/obj/board.o
 .debug_info    0x0000000000024ab2      0xdf5 build/obj/chprintf.o
 .debug_info    0x00000000000258a7     0x1d78 build/obj/main.o
 .debug_info    0x000000000002761f     0x1da5 build/obj/comm_usb.o
 .debug_info    0x00000000000293c4     0x1126 build/obj/ws2812b.o
 .debug_info    0x000000000002a4ea      0xc13 build/obj/bno055.o
 .debug_info    0x000000000002b0fd      0x73a build/obj/stm32f4xx_dma.o
 .debug_info    0x000000000002b837     0x101a build/obj/stm32f4xx_rcc.o
 .debug_info    0x000000000002c851     0x2406 build/obj/stm32f4xx_tim.o

.debug_abbrev   0x0000000000000000     0x7608
 .debug_abbrev  0x0000000000000000       0xf7 build/obj/crt1.o
 .debug_abbrev  0x00000000000000f7       0xc7 build/obj/vectors.o
 .debug_abbrev  0x00000000000001be      0x4e9 build/obj/chsys.o
 .debug_abbrev  0x00000000000006a7      0x1b1 build/obj/chvt.o
 .debug_abbrev  0x0000000000000858      0x3de build/obj/chschd.o
 .debug_abbrev  0x0000000000000c36      0x475 build/obj/chthreads.o
 .debug_abbrev  0x00000000000010ab      0x277 build/obj/chtm.o
 .debug_abbrev  0x0000000000001322      0x238 build/obj/chregistry.o
 .debug_abbrev  0x000000000000155a      0x3d2 build/obj/chmtx.o
 .debug_abbrev  0x000000000000192c      0x3b8 build/obj/chevents.o
 .debug_abbrev  0x0000000000001ce4      0x282 build/obj/chmemcore.o
 .debug_abbrev  0x0000000000001f66      0x292 build/obj/chheap.o
 .debug_abbrev  0x00000000000021f8      0x231 build/obj/chcore_v7m.o
 .debug_abbrev  0x0000000000002429      0x1ba build/obj/hal.o
 .debug_abbrev  0x00000000000025e3      0x217 build/obj/st.o
 .debug_abbrev  0x00000000000027fa      0x497 build/obj/hal_buffers.o
 .debug_abbrev  0x0000000000002c91      0x393 build/obj/adc.o
 .debug_abbrev  0x0000000000003024      0x345 build/obj/i2c.o
 .debug_abbrev  0x0000000000003369      0x2d2 build/obj/pwm.o
 .debug_abbrev  0x000000000000363b      0x528 build/obj/serial_usb.o
 .debug_abbrev  0x0000000000003b63      0x36c build/obj/spi.o
 .debug_abbrev  0x0000000000003ecf      0x40d build/obj/usb.o
 .debug_abbrev  0x00000000000042dc      0x1ba build/obj/nvic.o
 .debug_abbrev  0x0000000000004496      0x1c3 build/obj/hal_lld.o
 .debug_abbrev  0x0000000000004659      0x262 build/obj/stm32_dma.o
 .debug_abbrev  0x00000000000048bb      0x222 build/obj/st_lld.o
 .debug_abbrev  0x0000000000004add      0x3ba build/obj/adc_lld.o
 .debug_abbrev  0x0000000000004e97      0x20c build/obj/pal_lld.o
 .debug_abbrev  0x00000000000050a3      0x40e build/obj/i2c_lld.o
 .debug_abbrev  0x00000000000054b1      0x4ca build/obj/usb_lld.o
 .debug_abbrev  0x000000000000597b      0x377 build/obj/spi_lld.o
 .debug_abbrev  0x0000000000005cf2      0x265 build/obj/pwm_lld.o
 .debug_abbrev  0x0000000000005f57      0x1a5 build/obj/board.o
 .debug_abbrev  0x00000000000060fc      0x33a build/obj/chprintf.o
 .debug_abbrev  0x0000000000006436      0x2b9 build/obj/main.o
 .debug_abbrev  0x00000000000066ef      0x3ac build/obj/comm_usb.o
 .debug_abbrev  0x0000000000006a9b      0x2df build/obj/ws2812b.o
 .debug_abbrev  0x0000000000006d7a      0x228 build/obj/bno055.o
 .debug_abbrev  0x0000000000006fa2      0x175 build/obj/stm32f4xx_dma.o
 .debug_abbrev  0x0000000000007117      0x260 build/obj/stm32f4xx_rcc.o
 .debug_abbrev  0x0000000000007377      0x291 build/obj/stm32f4xx_tim.o

.debug_loc      0x0000000000000000     0xc3cf
 .debug_loc     0x0000000000000000       0x90 build/obj/crt1.o
 .debug_loc     0x0000000000000090      0x303 build/obj/chsys.o
 .debug_loc     0x0000000000000393       0x9f build/obj/chvt.o
 .debug_loc     0x0000000000000432      0x371 build/obj/chschd.o
 .debug_loc     0x00000000000007a3      0xa5a build/obj/chthreads.o
 .debug_loc     0x00000000000011fd       0xa1 build/obj/chtm.o
 .debug_loc     0x000000000000129e       0x3f build/obj/chregistry.o
 .debug_loc     0x00000000000012dd      0x5d6 build/obj/chmtx.o
 .debug_loc     0x00000000000018b3      0x61d build/obj/chevents.o
 .debug_loc     0x0000000000001ed0       0xb0 build/obj/chmemcore.o
 .debug_loc     0x0000000000001f80      0x387 build/obj/chheap.o
 .debug_loc     0x0000000000002307       0xc7 build/obj/chcore_v7m.o
 .debug_loc     0x00000000000023ce      0xb0f build/obj/hal_buffers.o
 .debug_loc     0x0000000000002edd      0x4e5 build/obj/adc.o
 .debug_loc     0x00000000000033c2      0x29a build/obj/i2c.o
 .debug_loc     0x000000000000365c      0x1e7 build/obj/pwm.o
 .debug_loc     0x0000000000003843      0x9ba build/obj/serial_usb.o
 .debug_loc     0x00000000000041fd      0x4cd build/obj/spi.o
 .debug_loc     0x00000000000046ca      0xb0a build/obj/usb.o
 .debug_loc     0x00000000000051d4       0xee build/obj/nvic.o
 .debug_loc     0x00000000000052c2      0x276 build/obj/stm32_dma.o
 .debug_loc     0x0000000000005538      0x49e build/obj/adc_lld.o
 .debug_loc     0x00000000000059d6      0x217 build/obj/pal_lld.o
 .debug_loc     0x0000000000005bed      0xaa9 build/obj/i2c_lld.o
 .debug_loc     0x0000000000006696     0x10c1 build/obj/usb_lld.o
 .debug_loc     0x0000000000007757      0x2cf build/obj/spi_lld.o
 .debug_loc     0x0000000000007a26      0x245 build/obj/pwm_lld.o
 .debug_loc     0x0000000000007c6b      0xa85 build/obj/chprintf.o
 .debug_loc     0x00000000000086f0       0xd6 build/obj/main.o
 .debug_loc     0x00000000000087c6      0x15e build/obj/comm_usb.o
 .debug_loc     0x0000000000008924      0x3c0 build/obj/ws2812b.o
 .debug_loc     0x0000000000008ce4       0x56 build/obj/bno055.o
 .debug_loc     0x0000000000008d3a      0x480 build/obj/stm32f4xx_dma.o
 .debug_loc     0x00000000000091ba      0xe7a build/obj/stm32f4xx_rcc.o
 .debug_loc     0x000000000000a034     0x239b build/obj/stm32f4xx_tim.o

.debug_aranges  0x0000000000000000     0x12e8
 .debug_aranges
                0x0000000000000000       0x40 build/obj/crt1.o
 .debug_aranges